**************************************************
Report         : analysis_results

Reference      : r:/WORK/NV_NVDLA_partition_m
Implementation : i:/WORK/NV_NVDLA_partition_m
Version        : W-2024.09-SP5
Date           : Fri May  8 12:04:07 2026
**************************************************
Found 11 Unmatched Cone Inputs
--------------------------------
Unmatched cone inputs result either from mismatched compare points
or from differences in the logic within the cones. Only unmatched
inputs that are suspected of contributing to verification failures
are included in the report.
The source of the matching or logical differences may be determined
using the schematic, cone and source views.
--------------------------------
i:/WORK/NV_NVDLA_partition_m/u_NV_NVDLA_cmac/u_core/u_mac_5/pp_out_l0n02_0_d1_reg_13_/\*dff.00\*
    Matched with cell r:/WORK/NV_NVDLA_partition_m/u_NV_NVDLA_cmac/u_core/u_mac_5/pp_out_l0n02_0_d1_reg_13_
    Exists in the impl cone but not in the ref cone for 1 compare point(s):
        r:/WORK/NV_NVDLA_partition_m/u_NV_NVDLA_cmac/u_core/u_mac_5/pp_out_l0n02_0_d1_reg_13_

-----------
i:/WORK/NV_NVDLA_partition_m/u_NV_NVDLA_cmac/u_core/u_mac_5/pp_out_l0n02_0_d1_reg_18_/\*dff.00\*
    Matched with cell r:/WORK/NV_NVDLA_partition_m/u_NV_NVDLA_cmac/u_core/u_mac_5/pp_out_l0n02_0_d1_reg_18_
    Exists in the impl cone but not in the ref cone for 1 compare point(s):
        r:/WORK/NV_NVDLA_partition_m/u_NV_NVDLA_cmac/u_core/u_mac_5/pp_out_l0n02_0_d1_reg_18_

-----------
i:/WORK/NV_NVDLA_partition_m/u_NV_NVDLA_cmac/u_core/u_mac_5/pp_out_l0n02_0_d1_reg_19_/\*dff.00\*
    Matched with cell r:/WORK/NV_NVDLA_partition_m/u_NV_NVDLA_cmac/u_core/u_mac_5/pp_out_l0n02_0_d1_reg_19_
    Exists in the impl cone but not in the ref cone for 1 compare point(s):
        r:/WORK/NV_NVDLA_partition_m/u_NV_NVDLA_cmac/u_core/u_mac_5/pp_out_l0n02_0_d1_reg_19_

-----------
i:/WORK/NV_NVDLA_partition_m/u_NV_NVDLA_cmac/u_core/u_mac_5/pp_out_l0n02_0_d1_reg_21_/\*dff.00\*
    Matched with cell r:/WORK/NV_NVDLA_partition_m/u_NV_NVDLA_cmac/u_core/u_mac_5/pp_out_l0n02_0_d1_reg_21_
    Exists in the impl cone but not in the ref cone for 1 compare point(s):
        r:/WORK/NV_NVDLA_partition_m/u_NV_NVDLA_cmac/u_core/u_mac_5/pp_out_l0n02_0_d1_reg_21_

-----------
i:/WORK/NV_NVDLA_partition_m/u_NV_NVDLA_cmac/u_core/u_mac_5/pp_out_l0n02_0_d1_reg_24_/\*dff.00\*
    Matched with cell r:/WORK/NV_NVDLA_partition_m/u_NV_NVDLA_cmac/u_core/u_mac_5/pp_out_l0n02_0_d1_reg_24_
    Exists in the impl cone but not in the ref cone for 1 compare point(s):
        r:/WORK/NV_NVDLA_partition_m/u_NV_NVDLA_cmac/u_core/u_mac_5/pp_out_l0n02_0_d1_reg_24_

-----------
i:/WORK/NV_NVDLA_partition_m/u_NV_NVDLA_cmac/u_core/u_mac_5/pp_out_l0n02_0_d1_reg_27_/\*dff.00\*
    Matched with cell r:/WORK/NV_NVDLA_partition_m/u_NV_NVDLA_cmac/u_core/u_mac_5/pp_out_l0n02_0_d1_reg_27_
    Exists in the impl cone but not in the ref cone for 1 compare point(s):
        r:/WORK/NV_NVDLA_partition_m/u_NV_NVDLA_cmac/u_core/u_mac_5/pp_out_l0n02_0_d1_reg_27_

-----------
i:/WORK/NV_NVDLA_partition_m/u_NV_NVDLA_cmac/u_core/u_mac_5/pp_out_l0n02_0_d1_reg_28_/\*dff.00\*
    Matched with cell r:/WORK/NV_NVDLA_partition_m/u_NV_NVDLA_cmac/u_core/u_mac_5/pp_out_l0n02_0_d1_reg_28_
    Exists in the impl cone but not in the ref cone for 1 compare point(s):
        r:/WORK/NV_NVDLA_partition_m/u_NV_NVDLA_cmac/u_core/u_mac_5/pp_out_l0n02_0_d1_reg_28_

-----------
i:/WORK/NV_NVDLA_partition_m/u_NV_NVDLA_cmac/u_core/u_mac_5/pp_out_l0n02_0_d1_reg_30_/\*dff.00\*
    Matched with cell r:/WORK/NV_NVDLA_partition_m/u_NV_NVDLA_cmac/u_core/u_mac_5/pp_out_l0n02_0_d1_reg_30_
    Exists in the impl cone but not in the ref cone for 1 compare point(s):
        r:/WORK/NV_NVDLA_partition_m/u_NV_NVDLA_cmac/u_core/u_mac_5/pp_out_l0n02_0_d1_reg_30_

-----------
i:/WORK/NV_NVDLA_partition_m/u_NV_NVDLA_cmac/u_core/u_mac_5/pp_out_l0n02_0_d1_reg_5_/\*dff.00\*
    Matched with cell r:/WORK/NV_NVDLA_partition_m/u_NV_NVDLA_cmac/u_core/u_mac_5/pp_out_l0n02_0_d1_reg_5_
    Exists in the impl cone but not in the ref cone for 1 compare point(s):
        r:/WORK/NV_NVDLA_partition_m/u_NV_NVDLA_cmac/u_core/u_mac_5/pp_out_l0n02_0_d1_reg_5_

-----------
i:/WORK/NV_NVDLA_partition_m/u_NV_NVDLA_cmac/u_core/u_mac_5/pp_out_l0n02_0_d1_reg_7_/\*dff.00\*
    Matched with cell r:/WORK/NV_NVDLA_partition_m/u_NV_NVDLA_cmac/u_core/u_mac_5/pp_out_l0n02_0_d1_reg_7_
    Exists in the impl cone but not in the ref cone for 1 compare point(s):
        r:/WORK/NV_NVDLA_partition_m/u_NV_NVDLA_cmac/u_core/u_mac_5/pp_out_l0n02_0_d1_reg_7_

-----------
i:/WORK/NV_NVDLA_partition_m/u_NV_NVDLA_cmac/u_core/u_mac_5/pp_out_l0n02_1_d1_reg_11_/\*dff.00\*
    Matched with cell r:/WORK/NV_NVDLA_partition_m/u_NV_NVDLA_cmac/u_core/u_mac_5/pp_out_l0n02_1_d1_reg_11_
    Exists in the impl cone but not in the ref cone for 1 compare point(s):
        r:/WORK/NV_NVDLA_partition_m/u_NV_NVDLA_cmac/u_core/u_mac_5/pp_out_l0n02_1_d1_reg_11_

-----------
--------------------------------
Found 1 Rejected Guidance Command
--------------------------------
The rejection of some SVF guidance commands will almost invariably
cause verification failures. For more information use:
        'report_svf_operation -status rejected -command command_name
--------------------------------
reg_constant
-----------
--------------------------------
Found 94 Required Inputs
--------------------------------
A required input is one that is designated as required
for all failing patterns for one or more cpoints and fans out 
to more failing than passing points.
This implies that it may be driving downstream logic that is related to
the failure(s)
--------------------------------
i:/WORK/NV_NVDLA_partition_m/u_NV_NVDLA_cmac/u_core/u_mac_5/u_nan/cfg_is_fp16_d1_reg_0_/\*dff.00\*
    Fans out to 20 failing and 0 passing points and has
    logic value '0' for 20 compare point(s):
        i:/WORK/NV_NVDLA_partition_m/u_NV_NVDLA_cmac/u_core/u_mac_5/pp_out_l0n02_0_d1_reg_11_
        i:/WORK/NV_NVDLA_partition_m/u_NV_NVDLA_cmac/u_core/u_mac_5/pp_out_l0n02_0_d1_reg_12_
        i:/WORK/NV_NVDLA_partition_m/u_NV_NVDLA_cmac/u_core/u_mac_5/pp_out_l0n02_0_d1_reg_13_
        i:/WORK/NV_NVDLA_partition_m/u_NV_NVDLA_cmac/u_core/u_mac_5/pp_out_l0n02_0_d1_reg_15_
        i:/WORK/NV_NVDLA_partition_m/u_NV_NVDLA_cmac/u_core/u_mac_5/pp_out_l0n02_0_d1_reg_18_
        i:/WORK/NV_NVDLA_partition_m/u_NV_NVDLA_cmac/u_core/u_mac_5/pp_out_l0n02_0_d1_reg_19_
        i:/WORK/NV_NVDLA_partition_m/u_NV_NVDLA_cmac/u_core/u_mac_5/pp_out_l0n02_0_d1_reg_20_
        i:/WORK/NV_NVDLA_partition_m/u_NV_NVDLA_cmac/u_core/u_mac_5/pp_out_l0n02_0_d1_reg_21_
        i:/WORK/NV_NVDLA_partition_m/u_NV_NVDLA_cmac/u_core/u_mac_5/pp_out_l0n02_0_d1_reg_22_
        i:/WORK/NV_NVDLA_partition_m/u_NV_NVDLA_cmac/u_core/u_mac_5/pp_out_l0n02_0_d1_reg_24_
        i:/WORK/NV_NVDLA_partition_m/u_NV_NVDLA_cmac/u_core/u_mac_5/pp_out_l0n02_0_d1_reg_26_
        i:/WORK/NV_NVDLA_partition_m/u_NV_NVDLA_cmac/u_core/u_mac_5/pp_out_l0n02_0_d1_reg_27_
        i:/WORK/NV_NVDLA_partition_m/u_NV_NVDLA_cmac/u_core/u_mac_5/pp_out_l0n02_0_d1_reg_28_
        i:/WORK/NV_NVDLA_partition_m/u_NV_NVDLA_cmac/u_core/u_mac_5/pp_out_l0n02_0_d1_reg_29_
        i:/WORK/NV_NVDLA_partition_m/u_NV_NVDLA_cmac/u_core/u_mac_5/pp_out_l0n02_0_d1_reg_30_
        i:/WORK/NV_NVDLA_partition_m/u_NV_NVDLA_cmac/u_core/u_mac_5/pp_out_l0n02_0_d1_reg_31_
        i:/WORK/NV_NVDLA_partition_m/u_NV_NVDLA_cmac/u_core/u_mac_5/pp_out_l0n02_0_d1_reg_5_
        i:/WORK/NV_NVDLA_partition_m/u_NV_NVDLA_cmac/u_core/u_mac_5/pp_out_l0n02_0_d1_reg_7_
        i:/WORK/NV_NVDLA_partition_m/u_NV_NVDLA_cmac/u_core/u_mac_5/pp_out_l0n02_0_d1_reg_9_
        i:/WORK/NV_NVDLA_partition_m/u_NV_NVDLA_cmac/u_core/u_mac_5/pp_out_l0n02_1_d1_reg_11_

-----------
i:/WORK/NV_NVDLA_partition_m/u_NV_NVDLA_cmac/u_core/u_mac_5/u_mul_11/cfg_is_int8_d1_reg/\*dff.00\*
    Fans out to 20 failing and 0 passing points and has
    logic value '1' for 18 compare point(s):
        i:/WORK/NV_NVDLA_partition_m/u_NV_NVDLA_cmac/u_core/u_mac_5/pp_out_l0n02_0_d1_reg_11_
        i:/WORK/NV_NVDLA_partition_m/u_NV_NVDLA_cmac/u_core/u_mac_5/pp_out_l0n02_0_d1_reg_12_
        i:/WORK/NV_NVDLA_partition_m/u_NV_NVDLA_cmac/u_core/u_mac_5/pp_out_l0n02_0_d1_reg_13_
        i:/WORK/NV_NVDLA_partition_m/u_NV_NVDLA_cmac/u_core/u_mac_5/pp_out_l0n02_0_d1_reg_15_
        i:/WORK/NV_NVDLA_partition_m/u_NV_NVDLA_cmac/u_core/u_mac_5/pp_out_l0n02_0_d1_reg_18_
        i:/WORK/NV_NVDLA_partition_m/u_NV_NVDLA_cmac/u_core/u_mac_5/pp_out_l0n02_0_d1_reg_19_
        i:/WORK/NV_NVDLA_partition_m/u_NV_NVDLA_cmac/u_core/u_mac_5/pp_out_l0n02_0_d1_reg_20_
        i:/WORK/NV_NVDLA_partition_m/u_NV_NVDLA_cmac/u_core/u_mac_5/pp_out_l0n02_0_d1_reg_21_
        i:/WORK/NV_NVDLA_partition_m/u_NV_NVDLA_cmac/u_core/u_mac_5/pp_out_l0n02_0_d1_reg_22_
        i:/WORK/NV_NVDLA_partition_m/u_NV_NVDLA_cmac/u_core/u_mac_5/pp_out_l0n02_0_d1_reg_24_
        i:/WORK/NV_NVDLA_partition_m/u_NV_NVDLA_cmac/u_core/u_mac_5/pp_out_l0n02_0_d1_reg_26_
        i:/WORK/NV_NVDLA_partition_m/u_NV_NVDLA_cmac/u_core/u_mac_5/pp_out_l0n02_0_d1_reg_27_
        i:/WORK/NV_NVDLA_partition_m/u_NV_NVDLA_cmac/u_core/u_mac_5/pp_out_l0n02_0_d1_reg_28_
        i:/WORK/NV_NVDLA_partition_m/u_NV_NVDLA_cmac/u_core/u_mac_5/pp_out_l0n02_0_d1_reg_29_
        i:/WORK/NV_NVDLA_partition_m/u_NV_NVDLA_cmac/u_core/u_mac_5/pp_out_l0n02_0_d1_reg_30_
        i:/WORK/NV_NVDLA_partition_m/u_NV_NVDLA_cmac/u_core/u_mac_5/pp_out_l0n02_0_d1_reg_31_
        i:/WORK/NV_NVDLA_partition_m/u_NV_NVDLA_cmac/u_core/u_mac_5/pp_out_l0n02_0_d1_reg_9_
        i:/WORK/NV_NVDLA_partition_m/u_NV_NVDLA_cmac/u_core/u_mac_5/pp_out_l0n02_1_d1_reg_11_

-----------
i:/WORK/NV_NVDLA_partition_m/u_NV_NVDLA_cmac/u_core/u_active/dat_actv_nz_reg5_reg_16_/\*dff.00\*
    Fans out to 10 failing and 0 passing points and has
    logic value '1' for 3 compare point(s):
        i:/WORK/NV_NVDLA_partition_m/u_NV_NVDLA_cmac/u_core/u_mac_5/pp_out_l0n02_0_d1_reg_11_
        i:/WORK/NV_NVDLA_partition_m/u_NV_NVDLA_cmac/u_core/u_mac_5/pp_out_l0n02_0_d1_reg_9_
        i:/WORK/NV_NVDLA_partition_m/u_NV_NVDLA_cmac/u_core/u_mac_5/pp_out_l0n02_1_d1_reg_11_

-----------
i:/WORK/NV_NVDLA_partition_m/u_NV_NVDLA_cmac/u_core/u_active/dat_actv_pvld_reg0_reg_0_/\*dff.00\*
    Fans out to 20 failing and 7 passing points and has
    logic value '1' for 20 compare point(s):
        i:/WORK/NV_NVDLA_partition_m/u_NV_NVDLA_cmac/u_core/u_mac_5/pp_out_l0n02_0_d1_reg_11_
        i:/WORK/NV_NVDLA_partition_m/u_NV_NVDLA_cmac/u_core/u_mac_5/pp_out_l0n02_0_d1_reg_12_
        i:/WORK/NV_NVDLA_partition_m/u_NV_NVDLA_cmac/u_core/u_mac_5/pp_out_l0n02_0_d1_reg_13_
        i:/WORK/NV_NVDLA_partition_m/u_NV_NVDLA_cmac/u_core/u_mac_5/pp_out_l0n02_0_d1_reg_15_
        i:/WORK/NV_NVDLA_partition_m/u_NV_NVDLA_cmac/u_core/u_mac_5/pp_out_l0n02_0_d1_reg_18_
        i:/WORK/NV_NVDLA_partition_m/u_NV_NVDLA_cmac/u_core/u_mac_5/pp_out_l0n02_0_d1_reg_19_
        i:/WORK/NV_NVDLA_partition_m/u_NV_NVDLA_cmac/u_core/u_mac_5/pp_out_l0n02_0_d1_reg_20_
        i:/WORK/NV_NVDLA_partition_m/u_NV_NVDLA_cmac/u_core/u_mac_5/pp_out_l0n02_0_d1_reg_21_
        i:/WORK/NV_NVDLA_partition_m/u_NV_NVDLA_cmac/u_core/u_mac_5/pp_out_l0n02_0_d1_reg_22_
        i:/WORK/NV_NVDLA_partition_m/u_NV_NVDLA_cmac/u_core/u_mac_5/pp_out_l0n02_0_d1_reg_24_
        i:/WORK/NV_NVDLA_partition_m/u_NV_NVDLA_cmac/u_core/u_mac_5/pp_out_l0n02_0_d1_reg_26_
        i:/WORK/NV_NVDLA_partition_m/u_NV_NVDLA_cmac/u_core/u_mac_5/pp_out_l0n02_0_d1_reg_27_
        i:/WORK/NV_NVDLA_partition_m/u_NV_NVDLA_cmac/u_core/u_mac_5/pp_out_l0n02_0_d1_reg_28_
        i:/WORK/NV_NVDLA_partition_m/u_NV_NVDLA_cmac/u_core/u_mac_5/pp_out_l0n02_0_d1_reg_29_
        i:/WORK/NV_NVDLA_partition_m/u_NV_NVDLA_cmac/u_core/u_mac_5/pp_out_l0n02_0_d1_reg_30_
        i:/WORK/NV_NVDLA_partition_m/u_NV_NVDLA_cmac/u_core/u_mac_5/pp_out_l0n02_0_d1_reg_31_
        i:/WORK/NV_NVDLA_partition_m/u_NV_NVDLA_cmac/u_core/u_mac_5/pp_out_l0n02_0_d1_reg_5_
        i:/WORK/NV_NVDLA_partition_m/u_NV_NVDLA_cmac/u_core/u_mac_5/pp_out_l0n02_0_d1_reg_7_
        i:/WORK/NV_NVDLA_partition_m/u_NV_NVDLA_cmac/u_core/u_mac_5/pp_out_l0n02_0_d1_reg_9_
        i:/WORK/NV_NVDLA_partition_m/u_NV_NVDLA_cmac/u_core/u_mac_5/pp_out_l0n02_1_d1_reg_11_

-----------
i:/WORK/NV_NVDLA_partition_m/u_NV_NVDLA_cmac/u_core/u_mac_5/u_exp/exp_sft_08_reg_3_/\*dff.00\*
    Fans out to 20 failing and 0 passing points and has
    logic value '1' for 2 compare point(s):
        i:/WORK/NV_NVDLA_partition_m/u_NV_NVDLA_cmac/u_core/u_mac_5/pp_out_l0n02_0_d1_reg_11_
        i:/WORK/NV_NVDLA_partition_m/u_NV_NVDLA_cmac/u_core/u_mac_5/pp_out_l0n02_0_d1_reg_9_

-----------
i:/WORK/NV_NVDLA_partition_m/u_NV_NVDLA_cmac/u_core/u_active/wt5_actv_nz_reg_22_/\*dff.00\*
    Fans out to 10 failing and 0 passing points and has
    logic value '0' for 3 compare point(s):
        i:/WORK/NV_NVDLA_partition_m/u_NV_NVDLA_cmac/u_core/u_mac_5/pp_out_l0n02_0_d1_reg_11_
        i:/WORK/NV_NVDLA_partition_m/u_NV_NVDLA_cmac/u_core/u_mac_5/pp_out_l0n02_0_d1_reg_9_
        i:/WORK/NV_NVDLA_partition_m/u_NV_NVDLA_cmac/u_core/u_mac_5/pp_out_l0n02_1_d1_reg_11_

-----------
i:/WORK/NV_NVDLA_partition_m/u_NV_NVDLA_cmac/u_core/u_active/wt5_actv_pvld_reg_0_/\*dff.00\*
    Fans out to 20 failing and 2 passing points and has
    logic value '1' for 20 compare point(s):
        i:/WORK/NV_NVDLA_partition_m/u_NV_NVDLA_cmac/u_core/u_mac_5/pp_out_l0n02_0_d1_reg_11_
        i:/WORK/NV_NVDLA_partition_m/u_NV_NVDLA_cmac/u_core/u_mac_5/pp_out_l0n02_0_d1_reg_12_
        i:/WORK/NV_NVDLA_partition_m/u_NV_NVDLA_cmac/u_core/u_mac_5/pp_out_l0n02_0_d1_reg_13_
        i:/WORK/NV_NVDLA_partition_m/u_NV_NVDLA_cmac/u_core/u_mac_5/pp_out_l0n02_0_d1_reg_15_
        i:/WORK/NV_NVDLA_partition_m/u_NV_NVDLA_cmac/u_core/u_mac_5/pp_out_l0n02_0_d1_reg_18_
        i:/WORK/NV_NVDLA_partition_m/u_NV_NVDLA_cmac/u_core/u_mac_5/pp_out_l0n02_0_d1_reg_19_
        i:/WORK/NV_NVDLA_partition_m/u_NV_NVDLA_cmac/u_core/u_mac_5/pp_out_l0n02_0_d1_reg_20_
        i:/WORK/NV_NVDLA_partition_m/u_NV_NVDLA_cmac/u_core/u_mac_5/pp_out_l0n02_0_d1_reg_21_
        i:/WORK/NV_NVDLA_partition_m/u_NV_NVDLA_cmac/u_core/u_mac_5/pp_out_l0n02_0_d1_reg_22_
        i:/WORK/NV_NVDLA_partition_m/u_NV_NVDLA_cmac/u_core/u_mac_5/pp_out_l0n02_0_d1_reg_24_
        i:/WORK/NV_NVDLA_partition_m/u_NV_NVDLA_cmac/u_core/u_mac_5/pp_out_l0n02_0_d1_reg_26_
        i:/WORK/NV_NVDLA_partition_m/u_NV_NVDLA_cmac/u_core/u_mac_5/pp_out_l0n02_0_d1_reg_27_
        i:/WORK/NV_NVDLA_partition_m/u_NV_NVDLA_cmac/u_core/u_mac_5/pp_out_l0n02_0_d1_reg_28_
        i:/WORK/NV_NVDLA_partition_m/u_NV_NVDLA_cmac/u_core/u_mac_5/pp_out_l0n02_0_d1_reg_29_
        i:/WORK/NV_NVDLA_partition_m/u_NV_NVDLA_cmac/u_core/u_mac_5/pp_out_l0n02_0_d1_reg_30_
        i:/WORK/NV_NVDLA_partition_m/u_NV_NVDLA_cmac/u_core/u_mac_5/pp_out_l0n02_0_d1_reg_31_
        i:/WORK/NV_NVDLA_partition_m/u_NV_NVDLA_cmac/u_core/u_mac_5/pp_out_l0n02_0_d1_reg_5_
        i:/WORK/NV_NVDLA_partition_m/u_NV_NVDLA_cmac/u_core/u_mac_5/pp_out_l0n02_0_d1_reg_7_
        i:/WORK/NV_NVDLA_partition_m/u_NV_NVDLA_cmac/u_core/u_mac_5/pp_out_l0n02_0_d1_reg_9_
        i:/WORK/NV_NVDLA_partition_m/u_NV_NVDLA_cmac/u_core/u_mac_5/pp_out_l0n02_1_d1_reg_11_

-----------
i:/WORK/NV_NVDLA_partition_m/u_NV_NVDLA_cmac/u_core/u_mac_5/u_mul_10/cfg_is_fp16_d1_reg_0_/\*dff.00\*
    Fans out to 20 failing and 0 passing points and has
    logic value '0' for 14 compare point(s):
        i:/WORK/NV_NVDLA_partition_m/u_NV_NVDLA_cmac/u_core/u_mac_5/pp_out_l0n02_0_d1_reg_12_
        i:/WORK/NV_NVDLA_partition_m/u_NV_NVDLA_cmac/u_core/u_mac_5/pp_out_l0n02_0_d1_reg_18_
        i:/WORK/NV_NVDLA_partition_m/u_NV_NVDLA_cmac/u_core/u_mac_5/pp_out_l0n02_0_d1_reg_19_
        i:/WORK/NV_NVDLA_partition_m/u_NV_NVDLA_cmac/u_core/u_mac_5/pp_out_l0n02_0_d1_reg_20_
        i:/WORK/NV_NVDLA_partition_m/u_NV_NVDLA_cmac/u_core/u_mac_5/pp_out_l0n02_0_d1_reg_22_
        i:/WORK/NV_NVDLA_partition_m/u_NV_NVDLA_cmac/u_core/u_mac_5/pp_out_l0n02_0_d1_reg_24_
        i:/WORK/NV_NVDLA_partition_m/u_NV_NVDLA_cmac/u_core/u_mac_5/pp_out_l0n02_0_d1_reg_26_
        i:/WORK/NV_NVDLA_partition_m/u_NV_NVDLA_cmac/u_core/u_mac_5/pp_out_l0n02_0_d1_reg_27_
        i:/WORK/NV_NVDLA_partition_m/u_NV_NVDLA_cmac/u_core/u_mac_5/pp_out_l0n02_0_d1_reg_28_
        i:/WORK/NV_NVDLA_partition_m/u_NV_NVDLA_cmac/u_core/u_mac_5/pp_out_l0n02_0_d1_reg_29_
        i:/WORK/NV_NVDLA_partition_m/u_NV_NVDLA_cmac/u_core/u_mac_5/pp_out_l0n02_0_d1_reg_30_
        i:/WORK/NV_NVDLA_partition_m/u_NV_NVDLA_cmac/u_core/u_mac_5/pp_out_l0n02_0_d1_reg_31_
        i:/WORK/NV_NVDLA_partition_m/u_NV_NVDLA_cmac/u_core/u_mac_5/pp_out_l0n02_0_d1_reg_5_
        i:/WORK/NV_NVDLA_partition_m/u_NV_NVDLA_cmac/u_core/u_mac_5/pp_out_l0n02_0_d1_reg_7_

-----------
i:/WORK/NV_NVDLA_partition_m/u_NV_NVDLA_cmac/u_core/u_mac_5/u_mul_9/cfg_is_fp16_d1_reg_0_/\*dff.00\*
    Fans out to 20 failing and 0 passing points and has
    logic value '0' for 13 compare point(s):
        i:/WORK/NV_NVDLA_partition_m/u_NV_NVDLA_cmac/u_core/u_mac_5/pp_out_l0n02_0_d1_reg_12_
        i:/WORK/NV_NVDLA_partition_m/u_NV_NVDLA_cmac/u_core/u_mac_5/pp_out_l0n02_0_d1_reg_18_
        i:/WORK/NV_NVDLA_partition_m/u_NV_NVDLA_cmac/u_core/u_mac_5/pp_out_l0n02_0_d1_reg_21_
        i:/WORK/NV_NVDLA_partition_m/u_NV_NVDLA_cmac/u_core/u_mac_5/pp_out_l0n02_0_d1_reg_22_
        i:/WORK/NV_NVDLA_partition_m/u_NV_NVDLA_cmac/u_core/u_mac_5/pp_out_l0n02_0_d1_reg_24_
        i:/WORK/NV_NVDLA_partition_m/u_NV_NVDLA_cmac/u_core/u_mac_5/pp_out_l0n02_0_d1_reg_26_
        i:/WORK/NV_NVDLA_partition_m/u_NV_NVDLA_cmac/u_core/u_mac_5/pp_out_l0n02_0_d1_reg_27_
        i:/WORK/NV_NVDLA_partition_m/u_NV_NVDLA_cmac/u_core/u_mac_5/pp_out_l0n02_0_d1_reg_28_
        i:/WORK/NV_NVDLA_partition_m/u_NV_NVDLA_cmac/u_core/u_mac_5/pp_out_l0n02_0_d1_reg_29_
        i:/WORK/NV_NVDLA_partition_m/u_NV_NVDLA_cmac/u_core/u_mac_5/pp_out_l0n02_0_d1_reg_30_
        i:/WORK/NV_NVDLA_partition_m/u_NV_NVDLA_cmac/u_core/u_mac_5/pp_out_l0n02_0_d1_reg_31_
        i:/WORK/NV_NVDLA_partition_m/u_NV_NVDLA_cmac/u_core/u_mac_5/pp_out_l0n02_0_d1_reg_5_
        i:/WORK/NV_NVDLA_partition_m/u_NV_NVDLA_cmac/u_core/u_mac_5/pp_out_l0n02_0_d1_reg_7_

-----------
i:/WORK/NV_NVDLA_partition_m/u_NV_NVDLA_cmac/u_core/u_active/dat_actv_data_reg5_reg_146_/\*dff.00\*
    Fans out to 20 failing and 0 passing points and has
    logic value '0' for 3 compare point(s):
        i:/WORK/NV_NVDLA_partition_m/u_NV_NVDLA_cmac/u_core/u_mac_5/pp_out_l0n02_0_d1_reg_12_
        i:/WORK/NV_NVDLA_partition_m/u_NV_NVDLA_cmac/u_core/u_mac_5/pp_out_l0n02_0_d1_reg_5_
        i:/WORK/NV_NVDLA_partition_m/u_NV_NVDLA_cmac/u_core/u_mac_5/pp_out_l0n02_0_d1_reg_7_

-----------
i:/WORK/NV_NVDLA_partition_m/u_NV_NVDLA_cmac/u_core/u_active/dat_actv_data_reg5_reg_147_/\*dff.00\*
    Fans out to 20 failing and 0 passing points and has
    logic value '1' for 3 compare point(s):
        i:/WORK/NV_NVDLA_partition_m/u_NV_NVDLA_cmac/u_core/u_mac_5/pp_out_l0n02_0_d1_reg_12_
        i:/WORK/NV_NVDLA_partition_m/u_NV_NVDLA_cmac/u_core/u_mac_5/pp_out_l0n02_0_d1_reg_5_
        i:/WORK/NV_NVDLA_partition_m/u_NV_NVDLA_cmac/u_core/u_mac_5/pp_out_l0n02_0_d1_reg_7_

-----------
i:/WORK/NV_NVDLA_partition_m/u_NV_NVDLA_cmac/u_core/u_active/dat_actv_data_reg5_reg_148_/\*dff.00\*
    Fans out to 20 failing and 0 passing points and has
    logic value '1' for 3 compare point(s):
        i:/WORK/NV_NVDLA_partition_m/u_NV_NVDLA_cmac/u_core/u_mac_5/pp_out_l0n02_0_d1_reg_12_
        i:/WORK/NV_NVDLA_partition_m/u_NV_NVDLA_cmac/u_core/u_mac_5/pp_out_l0n02_0_d1_reg_5_
        i:/WORK/NV_NVDLA_partition_m/u_NV_NVDLA_cmac/u_core/u_mac_5/pp_out_l0n02_0_d1_reg_7_

-----------
i:/WORK/NV_NVDLA_partition_m/u_NV_NVDLA_cmac/u_core/u_active/dat_actv_data_reg5_reg_149_/\*dff.00\*
    Fans out to 20 failing and 0 passing points and has
    logic value '1' for 3 compare point(s):
        i:/WORK/NV_NVDLA_partition_m/u_NV_NVDLA_cmac/u_core/u_mac_5/pp_out_l0n02_0_d1_reg_12_
        i:/WORK/NV_NVDLA_partition_m/u_NV_NVDLA_cmac/u_core/u_mac_5/pp_out_l0n02_0_d1_reg_5_
        i:/WORK/NV_NVDLA_partition_m/u_NV_NVDLA_cmac/u_core/u_mac_5/pp_out_l0n02_0_d1_reg_7_

-----------
i:/WORK/NV_NVDLA_partition_m/u_NV_NVDLA_cmac/u_core/u_active/dat_actv_data_reg5_reg_150_/\*dff.00\*
    Fans out to 20 failing and 0 passing points and has
    logic value '0' for 2 compare point(s):
        i:/WORK/NV_NVDLA_partition_m/u_NV_NVDLA_cmac/u_core/u_mac_5/pp_out_l0n02_0_d1_reg_12_
        i:/WORK/NV_NVDLA_partition_m/u_NV_NVDLA_cmac/u_core/u_mac_5/pp_out_l0n02_0_d1_reg_7_

-----------
i:/WORK/NV_NVDLA_partition_m/u_NV_NVDLA_cmac/u_core/u_active/dat_actv_data_reg5_reg_151_/\*dff.00\*
    Fans out to 20 failing and 0 passing points and has
    logic value '1' for 2 compare point(s):
        i:/WORK/NV_NVDLA_partition_m/u_NV_NVDLA_cmac/u_core/u_mac_5/pp_out_l0n02_0_d1_reg_12_
        i:/WORK/NV_NVDLA_partition_m/u_NV_NVDLA_cmac/u_core/u_mac_5/pp_out_l0n02_0_d1_reg_7_

-----------
i:/WORK/NV_NVDLA_partition_m/u_NV_NVDLA_cmac/u_core/u_active/dat_actv_data_reg5_reg_160_/\*dff.00\*
    Fans out to 20 failing and 0 passing points and has
    logic value '1' for 3 compare point(s):
        i:/WORK/NV_NVDLA_partition_m/u_NV_NVDLA_cmac/u_core/u_mac_5/pp_out_l0n02_0_d1_reg_12_
        i:/WORK/NV_NVDLA_partition_m/u_NV_NVDLA_cmac/u_core/u_mac_5/pp_out_l0n02_0_d1_reg_5_
        i:/WORK/NV_NVDLA_partition_m/u_NV_NVDLA_cmac/u_core/u_mac_5/pp_out_l0n02_0_d1_reg_7_

-----------
i:/WORK/NV_NVDLA_partition_m/u_NV_NVDLA_cmac/u_core/u_active/dat_actv_data_reg5_reg_162_/\*dff.00\*
    Fans out to 20 failing and 0 passing points and has
    logic value '0' for 3 compare point(s):
        i:/WORK/NV_NVDLA_partition_m/u_NV_NVDLA_cmac/u_core/u_mac_5/pp_out_l0n02_0_d1_reg_12_
        i:/WORK/NV_NVDLA_partition_m/u_NV_NVDLA_cmac/u_core/u_mac_5/pp_out_l0n02_0_d1_reg_5_
        i:/WORK/NV_NVDLA_partition_m/u_NV_NVDLA_cmac/u_core/u_mac_5/pp_out_l0n02_0_d1_reg_7_

-----------
i:/WORK/NV_NVDLA_partition_m/u_NV_NVDLA_cmac/u_core/u_active/dat_actv_data_reg5_reg_163_/\*dff.00\*
    Fans out to 20 failing and 0 passing points and has
    logic value '1' for 3 compare point(s):
        i:/WORK/NV_NVDLA_partition_m/u_NV_NVDLA_cmac/u_core/u_mac_5/pp_out_l0n02_0_d1_reg_12_
        i:/WORK/NV_NVDLA_partition_m/u_NV_NVDLA_cmac/u_core/u_mac_5/pp_out_l0n02_0_d1_reg_5_
        i:/WORK/NV_NVDLA_partition_m/u_NV_NVDLA_cmac/u_core/u_mac_5/pp_out_l0n02_0_d1_reg_7_

-----------
i:/WORK/NV_NVDLA_partition_m/u_NV_NVDLA_cmac/u_core/u_active/dat_actv_data_reg5_reg_164_/\*dff.00\*
    Fans out to 20 failing and 0 passing points and has
    logic value '0' for 2 compare point(s):
        i:/WORK/NV_NVDLA_partition_m/u_NV_NVDLA_cmac/u_core/u_mac_5/pp_out_l0n02_0_d1_reg_12_
        i:/WORK/NV_NVDLA_partition_m/u_NV_NVDLA_cmac/u_core/u_mac_5/pp_out_l0n02_0_d1_reg_7_

-----------
i:/WORK/NV_NVDLA_partition_m/u_NV_NVDLA_cmac/u_core/u_active/dat_actv_data_reg5_reg_165_/\*dff.00\*
    Fans out to 20 failing and 0 passing points and has
    logic value '1' for 2 compare point(s):
        i:/WORK/NV_NVDLA_partition_m/u_NV_NVDLA_cmac/u_core/u_mac_5/pp_out_l0n02_0_d1_reg_12_
        i:/WORK/NV_NVDLA_partition_m/u_NV_NVDLA_cmac/u_core/u_mac_5/pp_out_l0n02_0_d1_reg_7_

-----------
i:/WORK/NV_NVDLA_partition_m/u_NV_NVDLA_cmac/u_core/u_active/dat_actv_data_reg5_reg_168_/\*dff.00\*
    Fans out to 20 failing and 0 passing points and has
    logic value '1' for 5 compare point(s):
        i:/WORK/NV_NVDLA_partition_m/u_NV_NVDLA_cmac/u_core/u_mac_5/pp_out_l0n02_0_d1_reg_12_
        i:/WORK/NV_NVDLA_partition_m/u_NV_NVDLA_cmac/u_core/u_mac_5/pp_out_l0n02_0_d1_reg_19_
        i:/WORK/NV_NVDLA_partition_m/u_NV_NVDLA_cmac/u_core/u_mac_5/pp_out_l0n02_0_d1_reg_24_
        i:/WORK/NV_NVDLA_partition_m/u_NV_NVDLA_cmac/u_core/u_mac_5/pp_out_l0n02_0_d1_reg_26_
        i:/WORK/NV_NVDLA_partition_m/u_NV_NVDLA_cmac/u_core/u_mac_5/pp_out_l0n02_0_d1_reg_27_

-----------
i:/WORK/NV_NVDLA_partition_m/u_NV_NVDLA_cmac/u_core/u_active/dat_actv_data_reg5_reg_170_/\*dff.00\*
    Fans out to 20 failing and 0 passing points and has
    logic value '0' for 6 compare point(s):
        i:/WORK/NV_NVDLA_partition_m/u_NV_NVDLA_cmac/u_core/u_mac_5/pp_out_l0n02_0_d1_reg_12_
        i:/WORK/NV_NVDLA_partition_m/u_NV_NVDLA_cmac/u_core/u_mac_5/pp_out_l0n02_0_d1_reg_24_
        i:/WORK/NV_NVDLA_partition_m/u_NV_NVDLA_cmac/u_core/u_mac_5/pp_out_l0n02_0_d1_reg_26_
        i:/WORK/NV_NVDLA_partition_m/u_NV_NVDLA_cmac/u_core/u_mac_5/pp_out_l0n02_0_d1_reg_27_
        i:/WORK/NV_NVDLA_partition_m/u_NV_NVDLA_cmac/u_core/u_mac_5/pp_out_l0n02_0_d1_reg_28_
        i:/WORK/NV_NVDLA_partition_m/u_NV_NVDLA_cmac/u_core/u_mac_5/pp_out_l0n02_0_d1_reg_30_

-----------
i:/WORK/NV_NVDLA_partition_m/u_NV_NVDLA_cmac/u_core/u_active/dat_actv_nz_reg5_reg_18_/\*dff.00\*
    Fans out to 9 failing and 0 passing points and has
    logic value '1' for 3 compare point(s):
        i:/WORK/NV_NVDLA_partition_m/u_NV_NVDLA_cmac/u_core/u_mac_5/pp_out_l0n02_0_d1_reg_12_
        i:/WORK/NV_NVDLA_partition_m/u_NV_NVDLA_cmac/u_core/u_mac_5/pp_out_l0n02_0_d1_reg_5_
        i:/WORK/NV_NVDLA_partition_m/u_NV_NVDLA_cmac/u_core/u_mac_5/pp_out_l0n02_0_d1_reg_7_

-----------
i:/WORK/NV_NVDLA_partition_m/u_NV_NVDLA_cmac/u_core/u_active/dat_actv_nz_reg5_reg_20_/\*dff.00\*
    Fans out to 10 failing and 0 passing points and has
    logic value '1' for 2 compare point(s):
        i:/WORK/NV_NVDLA_partition_m/u_NV_NVDLA_cmac/u_core/u_mac_5/pp_out_l0n02_0_d1_reg_12_
        i:/WORK/NV_NVDLA_partition_m/u_NV_NVDLA_cmac/u_core/u_mac_5/pp_out_l0n02_0_d1_reg_7_

-----------
i:/WORK/NV_NVDLA_partition_m/u_NV_NVDLA_cmac/u_core/u_active/dat_actv_nz_reg5_reg_22_/\*dff.00\*
    Fans out to 10 failing and 0 passing points and has
    logic value '0' for 3 compare point(s):
        i:/WORK/NV_NVDLA_partition_m/u_NV_NVDLA_cmac/u_core/u_mac_5/pp_out_l0n02_0_d1_reg_12_
        i:/WORK/NV_NVDLA_partition_m/u_NV_NVDLA_cmac/u_core/u_mac_5/pp_out_l0n02_0_d1_reg_5_
        i:/WORK/NV_NVDLA_partition_m/u_NV_NVDLA_cmac/u_core/u_mac_5/pp_out_l0n02_0_d1_reg_7_

-----------
i:/WORK/NV_NVDLA_partition_m/u_NV_NVDLA_cmac/u_core/u_active/wt5_actv_data_reg_144_/\*dff.00\*
    Fans out to 14 failing and 0 passing points and has
    logic value '1' for 3 compare point(s):
        i:/WORK/NV_NVDLA_partition_m/u_NV_NVDLA_cmac/u_core/u_mac_5/pp_out_l0n02_0_d1_reg_12_
        i:/WORK/NV_NVDLA_partition_m/u_NV_NVDLA_cmac/u_core/u_mac_5/pp_out_l0n02_0_d1_reg_5_
        i:/WORK/NV_NVDLA_partition_m/u_NV_NVDLA_cmac/u_core/u_mac_5/pp_out_l0n02_0_d1_reg_7_

-----------
i:/WORK/NV_NVDLA_partition_m/u_NV_NVDLA_cmac/u_core/u_active/wt5_actv_data_reg_145_/\*dff.00\*
    Fans out to 16 failing and 0 passing points and has
    logic value '0' for 3 compare point(s):
        i:/WORK/NV_NVDLA_partition_m/u_NV_NVDLA_cmac/u_core/u_mac_5/pp_out_l0n02_0_d1_reg_12_
        i:/WORK/NV_NVDLA_partition_m/u_NV_NVDLA_cmac/u_core/u_mac_5/pp_out_l0n02_0_d1_reg_5_
        i:/WORK/NV_NVDLA_partition_m/u_NV_NVDLA_cmac/u_core/u_mac_5/pp_out_l0n02_0_d1_reg_7_

-----------
i:/WORK/NV_NVDLA_partition_m/u_NV_NVDLA_cmac/u_core/u_active/wt5_actv_data_reg_146_/\*dff.00\*
    Fans out to 16 failing and 0 passing points and has
    logic value '0' for 3 compare point(s):
        i:/WORK/NV_NVDLA_partition_m/u_NV_NVDLA_cmac/u_core/u_mac_5/pp_out_l0n02_0_d1_reg_12_
        i:/WORK/NV_NVDLA_partition_m/u_NV_NVDLA_cmac/u_core/u_mac_5/pp_out_l0n02_0_d1_reg_5_
        i:/WORK/NV_NVDLA_partition_m/u_NV_NVDLA_cmac/u_core/u_mac_5/pp_out_l0n02_0_d1_reg_7_

-----------
i:/WORK/NV_NVDLA_partition_m/u_NV_NVDLA_cmac/u_core/u_active/wt5_actv_data_reg_147_/\*dff.00\*
    Fans out to 16 failing and 0 passing points and has
    logic value '1' for 3 compare point(s):
        i:/WORK/NV_NVDLA_partition_m/u_NV_NVDLA_cmac/u_core/u_mac_5/pp_out_l0n02_0_d1_reg_12_
        i:/WORK/NV_NVDLA_partition_m/u_NV_NVDLA_cmac/u_core/u_mac_5/pp_out_l0n02_0_d1_reg_5_
        i:/WORK/NV_NVDLA_partition_m/u_NV_NVDLA_cmac/u_core/u_mac_5/pp_out_l0n02_0_d1_reg_7_

-----------
i:/WORK/NV_NVDLA_partition_m/u_NV_NVDLA_cmac/u_core/u_active/wt5_actv_data_reg_148_/\*dff.00\*
    Fans out to 16 failing and 0 passing points and has
    logic value '1' for 3 compare point(s):
        i:/WORK/NV_NVDLA_partition_m/u_NV_NVDLA_cmac/u_core/u_mac_5/pp_out_l0n02_0_d1_reg_12_
        i:/WORK/NV_NVDLA_partition_m/u_NV_NVDLA_cmac/u_core/u_mac_5/pp_out_l0n02_0_d1_reg_5_
        i:/WORK/NV_NVDLA_partition_m/u_NV_NVDLA_cmac/u_core/u_mac_5/pp_out_l0n02_0_d1_reg_7_

-----------
i:/WORK/NV_NVDLA_partition_m/u_NV_NVDLA_cmac/u_core/u_active/wt5_actv_data_reg_149_/\*dff.00\*
    Fans out to 17 failing and 0 passing points and has
    logic value '0' for 3 compare point(s):
        i:/WORK/NV_NVDLA_partition_m/u_NV_NVDLA_cmac/u_core/u_mac_5/pp_out_l0n02_0_d1_reg_12_
        i:/WORK/NV_NVDLA_partition_m/u_NV_NVDLA_cmac/u_core/u_mac_5/pp_out_l0n02_0_d1_reg_5_
        i:/WORK/NV_NVDLA_partition_m/u_NV_NVDLA_cmac/u_core/u_mac_5/pp_out_l0n02_0_d1_reg_7_

-----------
i:/WORK/NV_NVDLA_partition_m/u_NV_NVDLA_cmac/u_core/u_active/wt5_actv_data_reg_150_/\*dff.00\*
    Fans out to 17 failing and 0 passing points and has
    logic value '1' for 2 compare point(s):
        i:/WORK/NV_NVDLA_partition_m/u_NV_NVDLA_cmac/u_core/u_mac_5/pp_out_l0n02_0_d1_reg_12_
        i:/WORK/NV_NVDLA_partition_m/u_NV_NVDLA_cmac/u_core/u_mac_5/pp_out_l0n02_0_d1_reg_7_

-----------
i:/WORK/NV_NVDLA_partition_m/u_NV_NVDLA_cmac/u_core/u_active/wt5_actv_data_reg_151_/\*dff.00\*
    Fans out to 20 failing and 0 passing points and has
    logic value '0' for 2 compare point(s):
        i:/WORK/NV_NVDLA_partition_m/u_NV_NVDLA_cmac/u_core/u_mac_5/pp_out_l0n02_0_d1_reg_12_
        i:/WORK/NV_NVDLA_partition_m/u_NV_NVDLA_cmac/u_core/u_mac_5/pp_out_l0n02_0_d1_reg_7_

-----------
i:/WORK/NV_NVDLA_partition_m/u_NV_NVDLA_cmac/u_core/u_active/wt5_actv_data_reg_160_/\*dff.00\*
    Fans out to 15 failing and 0 passing points and has
    logic value '0' for 3 compare point(s):
        i:/WORK/NV_NVDLA_partition_m/u_NV_NVDLA_cmac/u_core/u_mac_5/pp_out_l0n02_0_d1_reg_12_
        i:/WORK/NV_NVDLA_partition_m/u_NV_NVDLA_cmac/u_core/u_mac_5/pp_out_l0n02_0_d1_reg_5_
        i:/WORK/NV_NVDLA_partition_m/u_NV_NVDLA_cmac/u_core/u_mac_5/pp_out_l0n02_0_d1_reg_7_

-----------
i:/WORK/NV_NVDLA_partition_m/u_NV_NVDLA_cmac/u_core/u_active/wt5_actv_data_reg_161_/\*dff.00\*
    Fans out to 17 failing and 0 passing points and has
    logic value '0' for 3 compare point(s):
        i:/WORK/NV_NVDLA_partition_m/u_NV_NVDLA_cmac/u_core/u_mac_5/pp_out_l0n02_0_d1_reg_12_
        i:/WORK/NV_NVDLA_partition_m/u_NV_NVDLA_cmac/u_core/u_mac_5/pp_out_l0n02_0_d1_reg_5_
        i:/WORK/NV_NVDLA_partition_m/u_NV_NVDLA_cmac/u_core/u_mac_5/pp_out_l0n02_0_d1_reg_7_

-----------
i:/WORK/NV_NVDLA_partition_m/u_NV_NVDLA_cmac/u_core/u_active/wt5_actv_data_reg_162_/\*dff.00\*
    Fans out to 17 failing and 0 passing points and has
    logic value '1' for 3 compare point(s):
        i:/WORK/NV_NVDLA_partition_m/u_NV_NVDLA_cmac/u_core/u_mac_5/pp_out_l0n02_0_d1_reg_12_
        i:/WORK/NV_NVDLA_partition_m/u_NV_NVDLA_cmac/u_core/u_mac_5/pp_out_l0n02_0_d1_reg_5_
        i:/WORK/NV_NVDLA_partition_m/u_NV_NVDLA_cmac/u_core/u_mac_5/pp_out_l0n02_0_d1_reg_7_

-----------
i:/WORK/NV_NVDLA_partition_m/u_NV_NVDLA_cmac/u_core/u_active/wt5_actv_data_reg_163_/\*dff.00\*
    Fans out to 17 failing and 0 passing points and has
    logic value '0' for 3 compare point(s):
        i:/WORK/NV_NVDLA_partition_m/u_NV_NVDLA_cmac/u_core/u_mac_5/pp_out_l0n02_0_d1_reg_12_
        i:/WORK/NV_NVDLA_partition_m/u_NV_NVDLA_cmac/u_core/u_mac_5/pp_out_l0n02_0_d1_reg_5_
        i:/WORK/NV_NVDLA_partition_m/u_NV_NVDLA_cmac/u_core/u_mac_5/pp_out_l0n02_0_d1_reg_7_

-----------
i:/WORK/NV_NVDLA_partition_m/u_NV_NVDLA_cmac/u_core/u_active/wt5_actv_data_reg_164_/\*dff.00\*
    Fans out to 17 failing and 0 passing points and has
    logic value '0' for 3 compare point(s):
        i:/WORK/NV_NVDLA_partition_m/u_NV_NVDLA_cmac/u_core/u_mac_5/pp_out_l0n02_0_d1_reg_12_
        i:/WORK/NV_NVDLA_partition_m/u_NV_NVDLA_cmac/u_core/u_mac_5/pp_out_l0n02_0_d1_reg_5_
        i:/WORK/NV_NVDLA_partition_m/u_NV_NVDLA_cmac/u_core/u_mac_5/pp_out_l0n02_0_d1_reg_7_

-----------
i:/WORK/NV_NVDLA_partition_m/u_NV_NVDLA_cmac/u_core/u_active/wt5_actv_data_reg_165_/\*dff.00\*
    Fans out to 18 failing and 0 passing points and has
    logic value '1' for 3 compare point(s):
        i:/WORK/NV_NVDLA_partition_m/u_NV_NVDLA_cmac/u_core/u_mac_5/pp_out_l0n02_0_d1_reg_12_
        i:/WORK/NV_NVDLA_partition_m/u_NV_NVDLA_cmac/u_core/u_mac_5/pp_out_l0n02_0_d1_reg_5_
        i:/WORK/NV_NVDLA_partition_m/u_NV_NVDLA_cmac/u_core/u_mac_5/pp_out_l0n02_0_d1_reg_7_

-----------
i:/WORK/NV_NVDLA_partition_m/u_NV_NVDLA_cmac/u_core/u_active/wt5_actv_data_reg_166_/\*dff.00\*
    Fans out to 18 failing and 0 passing points and has
    logic value '1' for 2 compare point(s):
        i:/WORK/NV_NVDLA_partition_m/u_NV_NVDLA_cmac/u_core/u_mac_5/pp_out_l0n02_0_d1_reg_12_
        i:/WORK/NV_NVDLA_partition_m/u_NV_NVDLA_cmac/u_core/u_mac_5/pp_out_l0n02_0_d1_reg_7_

-----------
i:/WORK/NV_NVDLA_partition_m/u_NV_NVDLA_cmac/u_core/u_active/wt5_actv_data_reg_167_/\*dff.00\*
    Fans out to 20 failing and 0 passing points and has
    logic value '1' for 2 compare point(s):
        i:/WORK/NV_NVDLA_partition_m/u_NV_NVDLA_cmac/u_core/u_mac_5/pp_out_l0n02_0_d1_reg_12_
        i:/WORK/NV_NVDLA_partition_m/u_NV_NVDLA_cmac/u_core/u_mac_5/pp_out_l0n02_0_d1_reg_7_

-----------
i:/WORK/NV_NVDLA_partition_m/u_NV_NVDLA_cmac/u_core/u_active/wt5_actv_data_reg_169_/\*dff.00\*
    Fans out to 20 failing and 0 passing points and has
    logic value '1' for 8 compare point(s):
        i:/WORK/NV_NVDLA_partition_m/u_NV_NVDLA_cmac/u_core/u_mac_5/pp_out_l0n02_0_d1_reg_12_
        i:/WORK/NV_NVDLA_partition_m/u_NV_NVDLA_cmac/u_core/u_mac_5/pp_out_l0n02_0_d1_reg_18_
        i:/WORK/NV_NVDLA_partition_m/u_NV_NVDLA_cmac/u_core/u_mac_5/pp_out_l0n02_0_d1_reg_19_
        i:/WORK/NV_NVDLA_partition_m/u_NV_NVDLA_cmac/u_core/u_mac_5/pp_out_l0n02_0_d1_reg_24_
        i:/WORK/NV_NVDLA_partition_m/u_NV_NVDLA_cmac/u_core/u_mac_5/pp_out_l0n02_0_d1_reg_26_
        i:/WORK/NV_NVDLA_partition_m/u_NV_NVDLA_cmac/u_core/u_mac_5/pp_out_l0n02_0_d1_reg_27_
        i:/WORK/NV_NVDLA_partition_m/u_NV_NVDLA_cmac/u_core/u_mac_5/pp_out_l0n02_0_d1_reg_28_
        i:/WORK/NV_NVDLA_partition_m/u_NV_NVDLA_cmac/u_core/u_mac_5/pp_out_l0n02_0_d1_reg_30_

-----------
i:/WORK/NV_NVDLA_partition_m/u_NV_NVDLA_cmac/u_core/u_active/wt5_actv_data_reg_170_/\*dff.00\*
    Fans out to 20 failing and 0 passing points and has
    logic value '1' for 6 compare point(s):
        i:/WORK/NV_NVDLA_partition_m/u_NV_NVDLA_cmac/u_core/u_mac_5/pp_out_l0n02_0_d1_reg_12_
        i:/WORK/NV_NVDLA_partition_m/u_NV_NVDLA_cmac/u_core/u_mac_5/pp_out_l0n02_0_d1_reg_24_
        i:/WORK/NV_NVDLA_partition_m/u_NV_NVDLA_cmac/u_core/u_mac_5/pp_out_l0n02_0_d1_reg_26_
        i:/WORK/NV_NVDLA_partition_m/u_NV_NVDLA_cmac/u_core/u_mac_5/pp_out_l0n02_0_d1_reg_27_
        i:/WORK/NV_NVDLA_partition_m/u_NV_NVDLA_cmac/u_core/u_mac_5/pp_out_l0n02_0_d1_reg_28_
        i:/WORK/NV_NVDLA_partition_m/u_NV_NVDLA_cmac/u_core/u_mac_5/pp_out_l0n02_0_d1_reg_30_

-----------
i:/WORK/NV_NVDLA_partition_m/u_NV_NVDLA_cmac/u_core/u_active/wt5_actv_data_reg_172_/\*dff.00\*
    Fans out to 20 failing and 0 passing points and has
    logic value '0' for 6 compare point(s):
        i:/WORK/NV_NVDLA_partition_m/u_NV_NVDLA_cmac/u_core/u_mac_5/pp_out_l0n02_0_d1_reg_12_
        i:/WORK/NV_NVDLA_partition_m/u_NV_NVDLA_cmac/u_core/u_mac_5/pp_out_l0n02_0_d1_reg_24_
        i:/WORK/NV_NVDLA_partition_m/u_NV_NVDLA_cmac/u_core/u_mac_5/pp_out_l0n02_0_d1_reg_26_
        i:/WORK/NV_NVDLA_partition_m/u_NV_NVDLA_cmac/u_core/u_mac_5/pp_out_l0n02_0_d1_reg_27_
        i:/WORK/NV_NVDLA_partition_m/u_NV_NVDLA_cmac/u_core/u_mac_5/pp_out_l0n02_0_d1_reg_28_
        i:/WORK/NV_NVDLA_partition_m/u_NV_NVDLA_cmac/u_core/u_mac_5/pp_out_l0n02_0_d1_reg_30_

-----------
i:/WORK/NV_NVDLA_partition_m/u_NV_NVDLA_cmac/u_core/u_mac_5/pp_out_l0n02_0_d1_reg_13_/\*dff.00\*
    Fans out to 1 failing and 0 passing points and has
    logic value '1' for 1 compare point(s):
        i:/WORK/NV_NVDLA_partition_m/u_NV_NVDLA_cmac/u_core/u_mac_5/pp_out_l0n02_0_d1_reg_13_

-----------
i:/WORK/NV_NVDLA_partition_m/u_NV_NVDLA_cmac/u_core/u_mac_5/u_mul_11/cfg_is_fp16_d1_reg_0_/\*dff.00\*
    Fans out to 20 failing and 0 passing points and has
    logic value '0' for 7 compare point(s):
        i:/WORK/NV_NVDLA_partition_m/u_NV_NVDLA_cmac/u_core/u_mac_5/pp_out_l0n02_0_d1_reg_18_
        i:/WORK/NV_NVDLA_partition_m/u_NV_NVDLA_cmac/u_core/u_mac_5/pp_out_l0n02_0_d1_reg_19_
        i:/WORK/NV_NVDLA_partition_m/u_NV_NVDLA_cmac/u_core/u_mac_5/pp_out_l0n02_0_d1_reg_24_
        i:/WORK/NV_NVDLA_partition_m/u_NV_NVDLA_cmac/u_core/u_mac_5/pp_out_l0n02_0_d1_reg_26_
        i:/WORK/NV_NVDLA_partition_m/u_NV_NVDLA_cmac/u_core/u_mac_5/pp_out_l0n02_0_d1_reg_27_
        i:/WORK/NV_NVDLA_partition_m/u_NV_NVDLA_cmac/u_core/u_mac_5/pp_out_l0n02_0_d1_reg_28_
        i:/WORK/NV_NVDLA_partition_m/u_NV_NVDLA_cmac/u_core/u_mac_5/pp_out_l0n02_0_d1_reg_30_

-----------
i:/WORK/NV_NVDLA_partition_m/u_NV_NVDLA_cmac/u_core/u_active/wt5_actv_data_reg_184_/\*dff.00\*
    Fans out to 20 failing and 0 passing points and has
    logic value '0' for 7 compare point(s):
        i:/WORK/NV_NVDLA_partition_m/u_NV_NVDLA_cmac/u_core/u_mac_5/pp_out_l0n02_0_d1_reg_18_
        i:/WORK/NV_NVDLA_partition_m/u_NV_NVDLA_cmac/u_core/u_mac_5/pp_out_l0n02_0_d1_reg_19_
        i:/WORK/NV_NVDLA_partition_m/u_NV_NVDLA_cmac/u_core/u_mac_5/pp_out_l0n02_0_d1_reg_24_
        i:/WORK/NV_NVDLA_partition_m/u_NV_NVDLA_cmac/u_core/u_mac_5/pp_out_l0n02_0_d1_reg_26_
        i:/WORK/NV_NVDLA_partition_m/u_NV_NVDLA_cmac/u_core/u_mac_5/pp_out_l0n02_0_d1_reg_27_
        i:/WORK/NV_NVDLA_partition_m/u_NV_NVDLA_cmac/u_core/u_mac_5/pp_out_l0n02_0_d1_reg_28_
        i:/WORK/NV_NVDLA_partition_m/u_NV_NVDLA_cmac/u_core/u_mac_5/pp_out_l0n02_0_d1_reg_30_

-----------
i:/WORK/NV_NVDLA_partition_m/u_NV_NVDLA_cmac/u_core/u_active/wt5_actv_data_reg_185_/\*dff.00\*
    Fans out to 20 failing and 0 passing points and has
    logic value '1' for 7 compare point(s):
        i:/WORK/NV_NVDLA_partition_m/u_NV_NVDLA_cmac/u_core/u_mac_5/pp_out_l0n02_0_d1_reg_18_
        i:/WORK/NV_NVDLA_partition_m/u_NV_NVDLA_cmac/u_core/u_mac_5/pp_out_l0n02_0_d1_reg_19_
        i:/WORK/NV_NVDLA_partition_m/u_NV_NVDLA_cmac/u_core/u_mac_5/pp_out_l0n02_0_d1_reg_24_
        i:/WORK/NV_NVDLA_partition_m/u_NV_NVDLA_cmac/u_core/u_mac_5/pp_out_l0n02_0_d1_reg_26_
        i:/WORK/NV_NVDLA_partition_m/u_NV_NVDLA_cmac/u_core/u_mac_5/pp_out_l0n02_0_d1_reg_27_
        i:/WORK/NV_NVDLA_partition_m/u_NV_NVDLA_cmac/u_core/u_mac_5/pp_out_l0n02_0_d1_reg_28_
        i:/WORK/NV_NVDLA_partition_m/u_NV_NVDLA_cmac/u_core/u_mac_5/pp_out_l0n02_0_d1_reg_30_

-----------
i:/WORK/NV_NVDLA_partition_m/u_NV_NVDLA_cmac/u_core/u_active/dat_actv_data_reg5_reg_184_/\*dff.00\*
    Fans out to 20 failing and 0 passing points and has
    logic value '0' for 6 compare point(s):
        i:/WORK/NV_NVDLA_partition_m/u_NV_NVDLA_cmac/u_core/u_mac_5/pp_out_l0n02_0_d1_reg_19_
        i:/WORK/NV_NVDLA_partition_m/u_NV_NVDLA_cmac/u_core/u_mac_5/pp_out_l0n02_0_d1_reg_24_
        i:/WORK/NV_NVDLA_partition_m/u_NV_NVDLA_cmac/u_core/u_mac_5/pp_out_l0n02_0_d1_reg_26_
        i:/WORK/NV_NVDLA_partition_m/u_NV_NVDLA_cmac/u_core/u_mac_5/pp_out_l0n02_0_d1_reg_27_
        i:/WORK/NV_NVDLA_partition_m/u_NV_NVDLA_cmac/u_core/u_mac_5/pp_out_l0n02_0_d1_reg_28_
        i:/WORK/NV_NVDLA_partition_m/u_NV_NVDLA_cmac/u_core/u_mac_5/pp_out_l0n02_0_d1_reg_30_

-----------
i:/WORK/NV_NVDLA_partition_m/u_NV_NVDLA_cmac/u_core/u_active/wt5_actv_nz_reg_21_/\*dff.00\*
    Fans out to 12 failing and 0 passing points and has
    logic value '1' for 6 compare point(s):
        i:/WORK/NV_NVDLA_partition_m/u_NV_NVDLA_cmac/u_core/u_mac_5/pp_out_l0n02_0_d1_reg_19_
        i:/WORK/NV_NVDLA_partition_m/u_NV_NVDLA_cmac/u_core/u_mac_5/pp_out_l0n02_0_d1_reg_24_
        i:/WORK/NV_NVDLA_partition_m/u_NV_NVDLA_cmac/u_core/u_mac_5/pp_out_l0n02_0_d1_reg_26_
        i:/WORK/NV_NVDLA_partition_m/u_NV_NVDLA_cmac/u_core/u_mac_5/pp_out_l0n02_0_d1_reg_27_
        i:/WORK/NV_NVDLA_partition_m/u_NV_NVDLA_cmac/u_core/u_mac_5/pp_out_l0n02_0_d1_reg_28_
        i:/WORK/NV_NVDLA_partition_m/u_NV_NVDLA_cmac/u_core/u_mac_5/pp_out_l0n02_0_d1_reg_30_

-----------
i:/WORK/NV_NVDLA_partition_m/u_NV_NVDLA_cmac/u_core/u_active/wt5_actv_nz_reg_23_/\*dff.00\*
    Fans out to 12 failing and 0 passing points and has
    logic value '1' for 6 compare point(s):
        i:/WORK/NV_NVDLA_partition_m/u_NV_NVDLA_cmac/u_core/u_mac_5/pp_out_l0n02_0_d1_reg_19_
        i:/WORK/NV_NVDLA_partition_m/u_NV_NVDLA_cmac/u_core/u_mac_5/pp_out_l0n02_0_d1_reg_24_
        i:/WORK/NV_NVDLA_partition_m/u_NV_NVDLA_cmac/u_core/u_mac_5/pp_out_l0n02_0_d1_reg_26_
        i:/WORK/NV_NVDLA_partition_m/u_NV_NVDLA_cmac/u_core/u_mac_5/pp_out_l0n02_0_d1_reg_27_
        i:/WORK/NV_NVDLA_partition_m/u_NV_NVDLA_cmac/u_core/u_mac_5/pp_out_l0n02_0_d1_reg_28_
        i:/WORK/NV_NVDLA_partition_m/u_NV_NVDLA_cmac/u_core/u_mac_5/pp_out_l0n02_0_d1_reg_30_

-----------
i:/WORK/NV_NVDLA_partition_m/u_NV_NVDLA_cmac/u_core/u_active/dat_actv_data_reg5_reg_139_/\*dff.00\*
    Fans out to 20 failing and 0 passing points and has
    logic value '0' for 2 compare point(s):
        i:/WORK/NV_NVDLA_partition_m/u_NV_NVDLA_cmac/u_core/u_mac_5/pp_out_l0n02_0_d1_reg_21_
        i:/WORK/NV_NVDLA_partition_m/u_NV_NVDLA_cmac/u_core/u_mac_5/pp_out_l0n02_0_d1_reg_29_

-----------
i:/WORK/NV_NVDLA_partition_m/u_NV_NVDLA_cmac/u_core/u_active/dat_actv_data_reg5_reg_140_/\*dff.00\*
    Fans out to 20 failing and 0 passing points and has
    logic value '0' for 2 compare point(s):
        i:/WORK/NV_NVDLA_partition_m/u_NV_NVDLA_cmac/u_core/u_mac_5/pp_out_l0n02_0_d1_reg_21_
        i:/WORK/NV_NVDLA_partition_m/u_NV_NVDLA_cmac/u_core/u_mac_5/pp_out_l0n02_0_d1_reg_29_

-----------
i:/WORK/NV_NVDLA_partition_m/u_NV_NVDLA_cmac/u_core/u_active/dat_actv_data_reg5_reg_141_/\*dff.00\*
    Fans out to 20 failing and 0 passing points and has
    logic value '1' for 2 compare point(s):
        i:/WORK/NV_NVDLA_partition_m/u_NV_NVDLA_cmac/u_core/u_mac_5/pp_out_l0n02_0_d1_reg_21_
        i:/WORK/NV_NVDLA_partition_m/u_NV_NVDLA_cmac/u_core/u_mac_5/pp_out_l0n02_0_d1_reg_29_

-----------
i:/WORK/NV_NVDLA_partition_m/u_NV_NVDLA_cmac/u_core/u_active/dat_actv_data_reg5_reg_142_/\*dff.00\*
    Fans out to 20 failing and 0 passing points and has
    logic value '0' for 2 compare point(s):
        i:/WORK/NV_NVDLA_partition_m/u_NV_NVDLA_cmac/u_core/u_mac_5/pp_out_l0n02_0_d1_reg_21_
        i:/WORK/NV_NVDLA_partition_m/u_NV_NVDLA_cmac/u_core/u_mac_5/pp_out_l0n02_0_d1_reg_29_

-----------
i:/WORK/NV_NVDLA_partition_m/u_NV_NVDLA_cmac/u_core/u_active/dat_actv_data_reg5_reg_143_/\*dff.00\*
    Fans out to 20 failing and 0 passing points and has
    logic value '1' for 2 compare point(s):
        i:/WORK/NV_NVDLA_partition_m/u_NV_NVDLA_cmac/u_core/u_mac_5/pp_out_l0n02_0_d1_reg_21_
        i:/WORK/NV_NVDLA_partition_m/u_NV_NVDLA_cmac/u_core/u_mac_5/pp_out_l0n02_0_d1_reg_29_

-----------
i:/WORK/NV_NVDLA_partition_m/u_NV_NVDLA_cmac/u_core/u_active/dat_actv_data_reg5_reg_154_/\*dff.00\*
    Fans out to 20 failing and 0 passing points and has
    logic value '1' for 2 compare point(s):
        i:/WORK/NV_NVDLA_partition_m/u_NV_NVDLA_cmac/u_core/u_mac_5/pp_out_l0n02_0_d1_reg_21_
        i:/WORK/NV_NVDLA_partition_m/u_NV_NVDLA_cmac/u_core/u_mac_5/pp_out_l0n02_0_d1_reg_29_

-----------
i:/WORK/NV_NVDLA_partition_m/u_NV_NVDLA_cmac/u_core/u_active/dat_actv_data_reg5_reg_155_/\*dff.00\*
    Fans out to 20 failing and 0 passing points and has
    logic value '1' for 2 compare point(s):
        i:/WORK/NV_NVDLA_partition_m/u_NV_NVDLA_cmac/u_core/u_mac_5/pp_out_l0n02_0_d1_reg_21_
        i:/WORK/NV_NVDLA_partition_m/u_NV_NVDLA_cmac/u_core/u_mac_5/pp_out_l0n02_0_d1_reg_29_

-----------
i:/WORK/NV_NVDLA_partition_m/u_NV_NVDLA_cmac/u_core/u_active/dat_actv_data_reg5_reg_156_/\*dff.00\*
    Fans out to 20 failing and 0 passing points and has
    logic value '1' for 2 compare point(s):
        i:/WORK/NV_NVDLA_partition_m/u_NV_NVDLA_cmac/u_core/u_mac_5/pp_out_l0n02_0_d1_reg_21_
        i:/WORK/NV_NVDLA_partition_m/u_NV_NVDLA_cmac/u_core/u_mac_5/pp_out_l0n02_0_d1_reg_29_

-----------
i:/WORK/NV_NVDLA_partition_m/u_NV_NVDLA_cmac/u_core/u_active/dat_actv_nz_reg5_reg_19_/\*dff.00\*
    Fans out to 12 failing and 0 passing points and has
    logic value '1' for 2 compare point(s):
        i:/WORK/NV_NVDLA_partition_m/u_NV_NVDLA_cmac/u_core/u_mac_5/pp_out_l0n02_0_d1_reg_21_
        i:/WORK/NV_NVDLA_partition_m/u_NV_NVDLA_cmac/u_core/u_mac_5/pp_out_l0n02_0_d1_reg_29_

-----------
i:/WORK/NV_NVDLA_partition_m/u_NV_NVDLA_cmac/u_core/u_active/wt5_actv_data_reg_137_/\*dff.00\*
    Fans out to 20 failing and 0 passing points and has
    logic value '0' for 2 compare point(s):
        i:/WORK/NV_NVDLA_partition_m/u_NV_NVDLA_cmac/u_core/u_mac_5/pp_out_l0n02_0_d1_reg_21_
        i:/WORK/NV_NVDLA_partition_m/u_NV_NVDLA_cmac/u_core/u_mac_5/pp_out_l0n02_0_d1_reg_29_

-----------
i:/WORK/NV_NVDLA_partition_m/u_NV_NVDLA_cmac/u_core/u_active/wt5_actv_data_reg_138_/\*dff.00\*
    Fans out to 20 failing and 0 passing points and has
    logic value '0' for 2 compare point(s):
        i:/WORK/NV_NVDLA_partition_m/u_NV_NVDLA_cmac/u_core/u_mac_5/pp_out_l0n02_0_d1_reg_21_
        i:/WORK/NV_NVDLA_partition_m/u_NV_NVDLA_cmac/u_core/u_mac_5/pp_out_l0n02_0_d1_reg_29_

-----------
i:/WORK/NV_NVDLA_partition_m/u_NV_NVDLA_cmac/u_core/u_active/wt5_actv_data_reg_139_/\*dff.00\*
    Fans out to 20 failing and 0 passing points and has
    logic value '1' for 2 compare point(s):
        i:/WORK/NV_NVDLA_partition_m/u_NV_NVDLA_cmac/u_core/u_mac_5/pp_out_l0n02_0_d1_reg_21_
        i:/WORK/NV_NVDLA_partition_m/u_NV_NVDLA_cmac/u_core/u_mac_5/pp_out_l0n02_0_d1_reg_29_

-----------
i:/WORK/NV_NVDLA_partition_m/u_NV_NVDLA_cmac/u_core/u_active/wt5_actv_data_reg_140_/\*dff.00\*
    Fans out to 20 failing and 0 passing points and has
    logic value '1' for 2 compare point(s):
        i:/WORK/NV_NVDLA_partition_m/u_NV_NVDLA_cmac/u_core/u_mac_5/pp_out_l0n02_0_d1_reg_21_
        i:/WORK/NV_NVDLA_partition_m/u_NV_NVDLA_cmac/u_core/u_mac_5/pp_out_l0n02_0_d1_reg_29_

-----------
i:/WORK/NV_NVDLA_partition_m/u_NV_NVDLA_cmac/u_core/u_active/wt5_actv_data_reg_141_/\*dff.00\*
    Fans out to 20 failing and 0 passing points and has
    logic value '1' for 2 compare point(s):
        i:/WORK/NV_NVDLA_partition_m/u_NV_NVDLA_cmac/u_core/u_mac_5/pp_out_l0n02_0_d1_reg_21_
        i:/WORK/NV_NVDLA_partition_m/u_NV_NVDLA_cmac/u_core/u_mac_5/pp_out_l0n02_0_d1_reg_29_

-----------
i:/WORK/NV_NVDLA_partition_m/u_NV_NVDLA_cmac/u_core/u_active/wt5_actv_data_reg_142_/\*dff.00\*
    Fans out to 20 failing and 0 passing points and has
    logic value '0' for 2 compare point(s):
        i:/WORK/NV_NVDLA_partition_m/u_NV_NVDLA_cmac/u_core/u_mac_5/pp_out_l0n02_0_d1_reg_21_
        i:/WORK/NV_NVDLA_partition_m/u_NV_NVDLA_cmac/u_core/u_mac_5/pp_out_l0n02_0_d1_reg_29_

-----------
i:/WORK/NV_NVDLA_partition_m/u_NV_NVDLA_cmac/u_core/u_active/wt5_actv_data_reg_143_/\*dff.00\*
    Fans out to 20 failing and 0 passing points and has
    logic value '1' for 2 compare point(s):
        i:/WORK/NV_NVDLA_partition_m/u_NV_NVDLA_cmac/u_core/u_mac_5/pp_out_l0n02_0_d1_reg_21_
        i:/WORK/NV_NVDLA_partition_m/u_NV_NVDLA_cmac/u_core/u_mac_5/pp_out_l0n02_0_d1_reg_29_

-----------
i:/WORK/NV_NVDLA_partition_m/u_NV_NVDLA_cmac/u_core/u_active/wt5_actv_data_reg_155_/\*dff.00\*
    Fans out to 20 failing and 0 passing points and has
    logic value '1' for 2 compare point(s):
        i:/WORK/NV_NVDLA_partition_m/u_NV_NVDLA_cmac/u_core/u_mac_5/pp_out_l0n02_0_d1_reg_21_
        i:/WORK/NV_NVDLA_partition_m/u_NV_NVDLA_cmac/u_core/u_mac_5/pp_out_l0n02_0_d1_reg_29_

-----------
i:/WORK/NV_NVDLA_partition_m/u_NV_NVDLA_cmac/u_core/u_active/wt5_actv_data_reg_156_/\*dff.00\*
    Fans out to 20 failing and 0 passing points and has
    logic value '1' for 2 compare point(s):
        i:/WORK/NV_NVDLA_partition_m/u_NV_NVDLA_cmac/u_core/u_mac_5/pp_out_l0n02_0_d1_reg_21_
        i:/WORK/NV_NVDLA_partition_m/u_NV_NVDLA_cmac/u_core/u_mac_5/pp_out_l0n02_0_d1_reg_29_

-----------
i:/WORK/NV_NVDLA_partition_m/u_NV_NVDLA_cmac/u_core/u_active/wt5_actv_data_reg_157_/\*dff.00\*
    Fans out to 20 failing and 0 passing points and has
    logic value '0' for 2 compare point(s):
        i:/WORK/NV_NVDLA_partition_m/u_NV_NVDLA_cmac/u_core/u_mac_5/pp_out_l0n02_0_d1_reg_21_
        i:/WORK/NV_NVDLA_partition_m/u_NV_NVDLA_cmac/u_core/u_mac_5/pp_out_l0n02_0_d1_reg_29_

-----------
i:/WORK/NV_NVDLA_partition_m/u_NV_NVDLA_cmac/u_core/u_active/wt5_actv_nz_reg_17_/\*dff.00\*
    Fans out to 12 failing and 0 passing points and has
    logic value '1' for 2 compare point(s):
        i:/WORK/NV_NVDLA_partition_m/u_NV_NVDLA_cmac/u_core/u_mac_5/pp_out_l0n02_0_d1_reg_21_
        i:/WORK/NV_NVDLA_partition_m/u_NV_NVDLA_cmac/u_core/u_mac_5/pp_out_l0n02_0_d1_reg_29_

-----------
i:/WORK/NV_NVDLA_partition_m/u_NV_NVDLA_cmac/u_core/u_active/dat_actv_data_reg5_reg_171_/\*dff.00\*
    Fans out to 20 failing and 0 passing points and has
    logic value '0' for 5 compare point(s):
        i:/WORK/NV_NVDLA_partition_m/u_NV_NVDLA_cmac/u_core/u_mac_5/pp_out_l0n02_0_d1_reg_24_
        i:/WORK/NV_NVDLA_partition_m/u_NV_NVDLA_cmac/u_core/u_mac_5/pp_out_l0n02_0_d1_reg_26_
        i:/WORK/NV_NVDLA_partition_m/u_NV_NVDLA_cmac/u_core/u_mac_5/pp_out_l0n02_0_d1_reg_27_
        i:/WORK/NV_NVDLA_partition_m/u_NV_NVDLA_cmac/u_core/u_mac_5/pp_out_l0n02_0_d1_reg_28_
        i:/WORK/NV_NVDLA_partition_m/u_NV_NVDLA_cmac/u_core/u_mac_5/pp_out_l0n02_0_d1_reg_30_

-----------
i:/WORK/NV_NVDLA_partition_m/u_NV_NVDLA_cmac/u_core/u_active/dat_actv_data_reg5_reg_172_/\*dff.00\*
    Fans out to 20 failing and 0 passing points and has
    logic value '0' for 5 compare point(s):
        i:/WORK/NV_NVDLA_partition_m/u_NV_NVDLA_cmac/u_core/u_mac_5/pp_out_l0n02_0_d1_reg_24_
        i:/WORK/NV_NVDLA_partition_m/u_NV_NVDLA_cmac/u_core/u_mac_5/pp_out_l0n02_0_d1_reg_26_
        i:/WORK/NV_NVDLA_partition_m/u_NV_NVDLA_cmac/u_core/u_mac_5/pp_out_l0n02_0_d1_reg_27_
        i:/WORK/NV_NVDLA_partition_m/u_NV_NVDLA_cmac/u_core/u_mac_5/pp_out_l0n02_0_d1_reg_28_
        i:/WORK/NV_NVDLA_partition_m/u_NV_NVDLA_cmac/u_core/u_mac_5/pp_out_l0n02_0_d1_reg_30_

-----------
i:/WORK/NV_NVDLA_partition_m/u_NV_NVDLA_cmac/u_core/u_active/dat_actv_data_reg5_reg_173_/\*dff.00\*
    Fans out to 20 failing and 0 passing points and has
    logic value '0' for 5 compare point(s):
        i:/WORK/NV_NVDLA_partition_m/u_NV_NVDLA_cmac/u_core/u_mac_5/pp_out_l0n02_0_d1_reg_24_
        i:/WORK/NV_NVDLA_partition_m/u_NV_NVDLA_cmac/u_core/u_mac_5/pp_out_l0n02_0_d1_reg_26_
        i:/WORK/NV_NVDLA_partition_m/u_NV_NVDLA_cmac/u_core/u_mac_5/pp_out_l0n02_0_d1_reg_27_
        i:/WORK/NV_NVDLA_partition_m/u_NV_NVDLA_cmac/u_core/u_mac_5/pp_out_l0n02_0_d1_reg_28_
        i:/WORK/NV_NVDLA_partition_m/u_NV_NVDLA_cmac/u_core/u_mac_5/pp_out_l0n02_0_d1_reg_30_

-----------
i:/WORK/NV_NVDLA_partition_m/u_NV_NVDLA_cmac/u_core/u_active/dat_actv_data_reg5_reg_185_/\*dff.00\*
    Fans out to 20 failing and 0 passing points and has
    logic value '0' for 5 compare point(s):
        i:/WORK/NV_NVDLA_partition_m/u_NV_NVDLA_cmac/u_core/u_mac_5/pp_out_l0n02_0_d1_reg_24_
        i:/WORK/NV_NVDLA_partition_m/u_NV_NVDLA_cmac/u_core/u_mac_5/pp_out_l0n02_0_d1_reg_26_
        i:/WORK/NV_NVDLA_partition_m/u_NV_NVDLA_cmac/u_core/u_mac_5/pp_out_l0n02_0_d1_reg_27_
        i:/WORK/NV_NVDLA_partition_m/u_NV_NVDLA_cmac/u_core/u_mac_5/pp_out_l0n02_0_d1_reg_28_
        i:/WORK/NV_NVDLA_partition_m/u_NV_NVDLA_cmac/u_core/u_mac_5/pp_out_l0n02_0_d1_reg_30_

-----------
i:/WORK/NV_NVDLA_partition_m/u_NV_NVDLA_cmac/u_core/u_active/dat_actv_data_reg5_reg_187_/\*dff.00\*
    Fans out to 20 failing and 0 passing points and has
    logic value '0' for 5 compare point(s):
        i:/WORK/NV_NVDLA_partition_m/u_NV_NVDLA_cmac/u_core/u_mac_5/pp_out_l0n02_0_d1_reg_24_
        i:/WORK/NV_NVDLA_partition_m/u_NV_NVDLA_cmac/u_core/u_mac_5/pp_out_l0n02_0_d1_reg_26_
        i:/WORK/NV_NVDLA_partition_m/u_NV_NVDLA_cmac/u_core/u_mac_5/pp_out_l0n02_0_d1_reg_27_
        i:/WORK/NV_NVDLA_partition_m/u_NV_NVDLA_cmac/u_core/u_mac_5/pp_out_l0n02_0_d1_reg_28_
        i:/WORK/NV_NVDLA_partition_m/u_NV_NVDLA_cmac/u_core/u_mac_5/pp_out_l0n02_0_d1_reg_30_

-----------
i:/WORK/NV_NVDLA_partition_m/u_NV_NVDLA_cmac/u_core/u_active/dat_actv_data_reg5_reg_188_/\*dff.00\*
    Fans out to 20 failing and 0 passing points and has
    logic value '1' for 5 compare point(s):
        i:/WORK/NV_NVDLA_partition_m/u_NV_NVDLA_cmac/u_core/u_mac_5/pp_out_l0n02_0_d1_reg_24_
        i:/WORK/NV_NVDLA_partition_m/u_NV_NVDLA_cmac/u_core/u_mac_5/pp_out_l0n02_0_d1_reg_26_
        i:/WORK/NV_NVDLA_partition_m/u_NV_NVDLA_cmac/u_core/u_mac_5/pp_out_l0n02_0_d1_reg_27_
        i:/WORK/NV_NVDLA_partition_m/u_NV_NVDLA_cmac/u_core/u_mac_5/pp_out_l0n02_0_d1_reg_28_
        i:/WORK/NV_NVDLA_partition_m/u_NV_NVDLA_cmac/u_core/u_mac_5/pp_out_l0n02_0_d1_reg_30_

-----------
i:/WORK/NV_NVDLA_partition_m/u_NV_NVDLA_cmac/u_core/u_active/dat_actv_data_reg5_reg_189_/\*dff.00\*
    Fans out to 20 failing and 0 passing points and has
    logic value '0' for 5 compare point(s):
        i:/WORK/NV_NVDLA_partition_m/u_NV_NVDLA_cmac/u_core/u_mac_5/pp_out_l0n02_0_d1_reg_24_
        i:/WORK/NV_NVDLA_partition_m/u_NV_NVDLA_cmac/u_core/u_mac_5/pp_out_l0n02_0_d1_reg_26_
        i:/WORK/NV_NVDLA_partition_m/u_NV_NVDLA_cmac/u_core/u_mac_5/pp_out_l0n02_0_d1_reg_27_
        i:/WORK/NV_NVDLA_partition_m/u_NV_NVDLA_cmac/u_core/u_mac_5/pp_out_l0n02_0_d1_reg_28_
        i:/WORK/NV_NVDLA_partition_m/u_NV_NVDLA_cmac/u_core/u_mac_5/pp_out_l0n02_0_d1_reg_30_

-----------
i:/WORK/NV_NVDLA_partition_m/u_NV_NVDLA_cmac/u_core/u_active/wt5_actv_data_reg_174_/\*dff.00\*
    Fans out to 20 failing and 0 passing points and has
    logic value '0' for 5 compare point(s):
        i:/WORK/NV_NVDLA_partition_m/u_NV_NVDLA_cmac/u_core/u_mac_5/pp_out_l0n02_0_d1_reg_24_
        i:/WORK/NV_NVDLA_partition_m/u_NV_NVDLA_cmac/u_core/u_mac_5/pp_out_l0n02_0_d1_reg_26_
        i:/WORK/NV_NVDLA_partition_m/u_NV_NVDLA_cmac/u_core/u_mac_5/pp_out_l0n02_0_d1_reg_27_
        i:/WORK/NV_NVDLA_partition_m/u_NV_NVDLA_cmac/u_core/u_mac_5/pp_out_l0n02_0_d1_reg_28_
        i:/WORK/NV_NVDLA_partition_m/u_NV_NVDLA_cmac/u_core/u_mac_5/pp_out_l0n02_0_d1_reg_30_

-----------
i:/WORK/NV_NVDLA_partition_m/u_NV_NVDLA_cmac/u_core/u_active/wt5_actv_data_reg_175_/\*dff.00\*
    Fans out to 20 failing and 0 passing points and has
    logic value '0' for 5 compare point(s):
        i:/WORK/NV_NVDLA_partition_m/u_NV_NVDLA_cmac/u_core/u_mac_5/pp_out_l0n02_0_d1_reg_24_
        i:/WORK/NV_NVDLA_partition_m/u_NV_NVDLA_cmac/u_core/u_mac_5/pp_out_l0n02_0_d1_reg_26_
        i:/WORK/NV_NVDLA_partition_m/u_NV_NVDLA_cmac/u_core/u_mac_5/pp_out_l0n02_0_d1_reg_27_
        i:/WORK/NV_NVDLA_partition_m/u_NV_NVDLA_cmac/u_core/u_mac_5/pp_out_l0n02_0_d1_reg_28_
        i:/WORK/NV_NVDLA_partition_m/u_NV_NVDLA_cmac/u_core/u_mac_5/pp_out_l0n02_0_d1_reg_30_

-----------
i:/WORK/NV_NVDLA_partition_m/u_NV_NVDLA_cmac/u_core/u_active/wt5_actv_data_reg_186_/\*dff.00\*
    Fans out to 20 failing and 0 passing points and has
    logic value '1' for 5 compare point(s):
        i:/WORK/NV_NVDLA_partition_m/u_NV_NVDLA_cmac/u_core/u_mac_5/pp_out_l0n02_0_d1_reg_24_
        i:/WORK/NV_NVDLA_partition_m/u_NV_NVDLA_cmac/u_core/u_mac_5/pp_out_l0n02_0_d1_reg_26_
        i:/WORK/NV_NVDLA_partition_m/u_NV_NVDLA_cmac/u_core/u_mac_5/pp_out_l0n02_0_d1_reg_27_
        i:/WORK/NV_NVDLA_partition_m/u_NV_NVDLA_cmac/u_core/u_mac_5/pp_out_l0n02_0_d1_reg_28_
        i:/WORK/NV_NVDLA_partition_m/u_NV_NVDLA_cmac/u_core/u_mac_5/pp_out_l0n02_0_d1_reg_30_

-----------
i:/WORK/NV_NVDLA_partition_m/u_NV_NVDLA_cmac/u_core/u_active/wt5_actv_data_reg_187_/\*dff.00\*
    Fans out to 20 failing and 0 passing points and has
    logic value '1' for 5 compare point(s):
        i:/WORK/NV_NVDLA_partition_m/u_NV_NVDLA_cmac/u_core/u_mac_5/pp_out_l0n02_0_d1_reg_24_
        i:/WORK/NV_NVDLA_partition_m/u_NV_NVDLA_cmac/u_core/u_mac_5/pp_out_l0n02_0_d1_reg_26_
        i:/WORK/NV_NVDLA_partition_m/u_NV_NVDLA_cmac/u_core/u_mac_5/pp_out_l0n02_0_d1_reg_27_
        i:/WORK/NV_NVDLA_partition_m/u_NV_NVDLA_cmac/u_core/u_mac_5/pp_out_l0n02_0_d1_reg_28_
        i:/WORK/NV_NVDLA_partition_m/u_NV_NVDLA_cmac/u_core/u_mac_5/pp_out_l0n02_0_d1_reg_30_

-----------
i:/WORK/NV_NVDLA_partition_m/u_NV_NVDLA_cmac/u_core/u_active/wt5_actv_data_reg_188_/\*dff.00\*
    Fans out to 20 failing and 0 passing points and has
    logic value '1' for 5 compare point(s):
        i:/WORK/NV_NVDLA_partition_m/u_NV_NVDLA_cmac/u_core/u_mac_5/pp_out_l0n02_0_d1_reg_24_
        i:/WORK/NV_NVDLA_partition_m/u_NV_NVDLA_cmac/u_core/u_mac_5/pp_out_l0n02_0_d1_reg_26_
        i:/WORK/NV_NVDLA_partition_m/u_NV_NVDLA_cmac/u_core/u_mac_5/pp_out_l0n02_0_d1_reg_27_
        i:/WORK/NV_NVDLA_partition_m/u_NV_NVDLA_cmac/u_core/u_mac_5/pp_out_l0n02_0_d1_reg_28_
        i:/WORK/NV_NVDLA_partition_m/u_NV_NVDLA_cmac/u_core/u_mac_5/pp_out_l0n02_0_d1_reg_30_

-----------
i:/WORK/NV_NVDLA_partition_m/u_NV_NVDLA_cmac/u_core/u_active/wt5_actv_data_reg_189_/\*dff.00\*
    Fans out to 20 failing and 0 passing points and has
    logic value '0' for 5 compare point(s):
        i:/WORK/NV_NVDLA_partition_m/u_NV_NVDLA_cmac/u_core/u_mac_5/pp_out_l0n02_0_d1_reg_24_
        i:/WORK/NV_NVDLA_partition_m/u_NV_NVDLA_cmac/u_core/u_mac_5/pp_out_l0n02_0_d1_reg_26_
        i:/WORK/NV_NVDLA_partition_m/u_NV_NVDLA_cmac/u_core/u_mac_5/pp_out_l0n02_0_d1_reg_27_
        i:/WORK/NV_NVDLA_partition_m/u_NV_NVDLA_cmac/u_core/u_mac_5/pp_out_l0n02_0_d1_reg_28_
        i:/WORK/NV_NVDLA_partition_m/u_NV_NVDLA_cmac/u_core/u_mac_5/pp_out_l0n02_0_d1_reg_30_

-----------
i:/WORK/NV_NVDLA_partition_m/u_NV_NVDLA_cmac/u_core/u_active/wt5_actv_data_reg_190_/\*dff.00\*
    Fans out to 20 failing and 0 passing points and has
    logic value '1' for 5 compare point(s):
        i:/WORK/NV_NVDLA_partition_m/u_NV_NVDLA_cmac/u_core/u_mac_5/pp_out_l0n02_0_d1_reg_24_
        i:/WORK/NV_NVDLA_partition_m/u_NV_NVDLA_cmac/u_core/u_mac_5/pp_out_l0n02_0_d1_reg_26_
        i:/WORK/NV_NVDLA_partition_m/u_NV_NVDLA_cmac/u_core/u_mac_5/pp_out_l0n02_0_d1_reg_27_
        i:/WORK/NV_NVDLA_partition_m/u_NV_NVDLA_cmac/u_core/u_mac_5/pp_out_l0n02_0_d1_reg_28_
        i:/WORK/NV_NVDLA_partition_m/u_NV_NVDLA_cmac/u_core/u_mac_5/pp_out_l0n02_0_d1_reg_30_

-----------
i:/WORK/NV_NVDLA_partition_m/u_NV_NVDLA_cmac/u_core/u_active/wt5_actv_data_reg_191_/\*dff.00\*
    Fans out to 20 failing and 0 passing points and has
    logic value '1' for 5 compare point(s):
        i:/WORK/NV_NVDLA_partition_m/u_NV_NVDLA_cmac/u_core/u_mac_5/pp_out_l0n02_0_d1_reg_24_
        i:/WORK/NV_NVDLA_partition_m/u_NV_NVDLA_cmac/u_core/u_mac_5/pp_out_l0n02_0_d1_reg_26_
        i:/WORK/NV_NVDLA_partition_m/u_NV_NVDLA_cmac/u_core/u_mac_5/pp_out_l0n02_0_d1_reg_27_
        i:/WORK/NV_NVDLA_partition_m/u_NV_NVDLA_cmac/u_core/u_mac_5/pp_out_l0n02_0_d1_reg_28_
        i:/WORK/NV_NVDLA_partition_m/u_NV_NVDLA_cmac/u_core/u_mac_5/pp_out_l0n02_0_d1_reg_30_

-----------
i:/WORK/NV_NVDLA_partition_m/u_NV_NVDLA_cmac/u_core/u_active/dat_actv_data_reg5_reg_174_/\*dff.00\*
    Fans out to 20 failing and 0 passing points and has
    logic value '1' for 4 compare point(s):
        i:/WORK/NV_NVDLA_partition_m/u_NV_NVDLA_cmac/u_core/u_mac_5/pp_out_l0n02_0_d1_reg_26_
        i:/WORK/NV_NVDLA_partition_m/u_NV_NVDLA_cmac/u_core/u_mac_5/pp_out_l0n02_0_d1_reg_27_
        i:/WORK/NV_NVDLA_partition_m/u_NV_NVDLA_cmac/u_core/u_mac_5/pp_out_l0n02_0_d1_reg_28_
        i:/WORK/NV_NVDLA_partition_m/u_NV_NVDLA_cmac/u_core/u_mac_5/pp_out_l0n02_0_d1_reg_30_

-----------
i:/WORK/NV_NVDLA_partition_m/u_NV_NVDLA_cmac/u_core/u_active/dat_actv_data_reg5_reg_175_/\*dff.00\*
    Fans out to 20 failing and 0 passing points and has
    logic value '1' for 4 compare point(s):
        i:/WORK/NV_NVDLA_partition_m/u_NV_NVDLA_cmac/u_core/u_mac_5/pp_out_l0n02_0_d1_reg_26_
        i:/WORK/NV_NVDLA_partition_m/u_NV_NVDLA_cmac/u_core/u_mac_5/pp_out_l0n02_0_d1_reg_27_
        i:/WORK/NV_NVDLA_partition_m/u_NV_NVDLA_cmac/u_core/u_mac_5/pp_out_l0n02_0_d1_reg_28_
        i:/WORK/NV_NVDLA_partition_m/u_NV_NVDLA_cmac/u_core/u_mac_5/pp_out_l0n02_0_d1_reg_30_

-----------
i:/WORK/NV_NVDLA_partition_m/u_NV_NVDLA_cmac/u_core/u_active/dat_actv_data_reg5_reg_186_/\*dff.00\*
    Fans out to 20 failing and 0 passing points and has
    logic value '1' for 4 compare point(s):
        i:/WORK/NV_NVDLA_partition_m/u_NV_NVDLA_cmac/u_core/u_mac_5/pp_out_l0n02_0_d1_reg_26_
        i:/WORK/NV_NVDLA_partition_m/u_NV_NVDLA_cmac/u_core/u_mac_5/pp_out_l0n02_0_d1_reg_27_
        i:/WORK/NV_NVDLA_partition_m/u_NV_NVDLA_cmac/u_core/u_mac_5/pp_out_l0n02_0_d1_reg_28_
        i:/WORK/NV_NVDLA_partition_m/u_NV_NVDLA_cmac/u_core/u_mac_5/pp_out_l0n02_0_d1_reg_30_

-----------
i:/WORK/NV_NVDLA_partition_m/u_NV_NVDLA_cmac/u_core/u_active/dat_actv_data_reg5_reg_190_/\*dff.00\*
    Fans out to 20 failing and 0 passing points and has
    logic value '0' for 4 compare point(s):
        i:/WORK/NV_NVDLA_partition_m/u_NV_NVDLA_cmac/u_core/u_mac_5/pp_out_l0n02_0_d1_reg_26_
        i:/WORK/NV_NVDLA_partition_m/u_NV_NVDLA_cmac/u_core/u_mac_5/pp_out_l0n02_0_d1_reg_27_
        i:/WORK/NV_NVDLA_partition_m/u_NV_NVDLA_cmac/u_core/u_mac_5/pp_out_l0n02_0_d1_reg_28_
        i:/WORK/NV_NVDLA_partition_m/u_NV_NVDLA_cmac/u_core/u_mac_5/pp_out_l0n02_0_d1_reg_30_

-----------
i:/WORK/NV_NVDLA_partition_m/u_NV_NVDLA_cmac/u_core/u_active/dat_actv_data_reg5_reg_191_/\*dff.00\*
    Fans out to 20 failing and 0 passing points and has
    logic value '0' for 4 compare point(s):
        i:/WORK/NV_NVDLA_partition_m/u_NV_NVDLA_cmac/u_core/u_mac_5/pp_out_l0n02_0_d1_reg_26_
        i:/WORK/NV_NVDLA_partition_m/u_NV_NVDLA_cmac/u_core/u_mac_5/pp_out_l0n02_0_d1_reg_27_
        i:/WORK/NV_NVDLA_partition_m/u_NV_NVDLA_cmac/u_core/u_mac_5/pp_out_l0n02_0_d1_reg_28_
        i:/WORK/NV_NVDLA_partition_m/u_NV_NVDLA_cmac/u_core/u_mac_5/pp_out_l0n02_0_d1_reg_30_

-----------
i:/WORK/NV_NVDLA_partition_m/u_NV_NVDLA_cmac/u_core/u_active/dat_actv_data_reg5_reg_144_/\*dff.00\*
    Fans out to 20 failing and 0 passing points and has
    logic value '1' for 2 compare point(s):
        i:/WORK/NV_NVDLA_partition_m/u_NV_NVDLA_cmac/u_core/u_mac_5/pp_out_l0n02_0_d1_reg_5_
        i:/WORK/NV_NVDLA_partition_m/u_NV_NVDLA_cmac/u_core/u_mac_5/pp_out_l0n02_0_d1_reg_7_

-----------
i:/WORK/NV_NVDLA_partition_m/u_NV_NVDLA_cmac/u_core/u_active/dat_actv_data_reg5_reg_145_/\*dff.00\*
    Fans out to 20 failing and 0 passing points and has
    logic value '1' for 2 compare point(s):
        i:/WORK/NV_NVDLA_partition_m/u_NV_NVDLA_cmac/u_core/u_mac_5/pp_out_l0n02_0_d1_reg_5_
        i:/WORK/NV_NVDLA_partition_m/u_NV_NVDLA_cmac/u_core/u_mac_5/pp_out_l0n02_0_d1_reg_7_

-----------
i:/WORK/NV_NVDLA_partition_m/u_NV_NVDLA_cmac/u_core/u_active/dat_actv_data_reg5_reg_161_/\*dff.00\*
    Fans out to 20 failing and 0 passing points and has
    logic value '0' for 2 compare point(s):
        i:/WORK/NV_NVDLA_partition_m/u_NV_NVDLA_cmac/u_core/u_mac_5/pp_out_l0n02_0_d1_reg_5_
        i:/WORK/NV_NVDLA_partition_m/u_NV_NVDLA_cmac/u_core/u_mac_5/pp_out_l0n02_0_d1_reg_7_

-----------
--------------------------------
****************************************************************************************
1
