 
****************************************
Report : DFT configuration
Design : NV_NVDLA_partition_m
Version: W-2024.09-SP5-5
Date   : Thu May  7 23:11:17 2026
****************************************

DFT Structures                         Status
--------------                         --------
Scan:                                  Enable
Fix Sets:                              Disable
Fix Resets:                            Disable
Fix Clocks:                            Disable
Fix Busses:                            Enable
Fix Bdirectional Ports:                Enable
Fix X Propagation:                     Disable
Control Points:                        Disable
Observe Points:                        Disable
Test Points:                           Disable
Testability:                           Disable
Logic BIST:                            Disable
Wrapper:                               Disable
Boundary scan:                         Disable
Scan Compression:                      Disable
Streaming Compression:                 Disable
Core Integration:                      Disable
Power Control:                         Disable
Pipeline Scan Data:                    Disable
Clock Controller:                      Disable
ConnectClockGating:                    Enable
Mode Decoding Style:                   Binary
IEEE 1500 control:                     Disable

1
