****************************************
Report : timing
	-path_type full
	-delay_type max
	-slack_lesser_than 0.0000
	-max_paths 10
	-sort_by slack
Design : NV_NVDLA_partition_m
Version: W-2024.09-SP5-3
Date   : Fri May  8 01:00:21 2026
****************************************

No paths with slack less than 0.0000.

****************************************
Report : timing
	-path_type full
	-delay_type min
	-slack_lesser_than 0.0000
	-max_paths 10
	-sort_by slack
Design : NV_NVDLA_partition_m
Version: W-2024.09-SP5-3
Date   : Fri May  8 01:00:21 2026
****************************************


  Startpoint: u_partition_m_reset/sync_reset_synced_rstn/NV_GENERIC_CELL/q_reg
               (rising edge-triggered flip-flop clocked by nvdla_core_clk)
  Endpoint: u_NV_NVDLA_cmac/u_reg/req_pvld_reg
               (removal check against rising-edge clock nvdla_core_clk)
  Path Group: **async_default**
  Path Type: min

  Point                                                   Incr       Path
  ------------------------------------------------------------------------------
  clock nvdla_core_clk (rise edge)                      0.0000     0.0000
  clock network delay (ideal)                           0.0000     0.0000
  u_partition_m_reset/sync_reset_synced_rstn/NV_GENERIC_CELL/q_reg/CLK (DFFARX1_RVT)
                                                        0.0000     0.0000 r
  u_partition_m_reset/sync_reset_synced_rstn/NV_GENERIC_CELL/q_reg/Q (DFFARX1_RVT)
                                                        0.0697 +   0.0697 r
  u_partition_m_reset/sync_reset_synced_rstn/UI_test_mode_outmux/U1/Y (MUX21X1_RVT)
                                                        0.0303 H   0.1000 r
  u_NV_NVDLA_cmac/u_reg/req_pvld_reg/RSTB (SDFFARX1_RVT)
                                                        0.0000     0.1000 r
  data arrival time                                                0.1000

  clock nvdla_core_clk (rise edge)                      0.0000     0.0000
  clock network delay (ideal)                           0.0000     0.0000
  u_NV_NVDLA_cmac/u_reg/req_pvld_reg/CLK (SDFFARX1_RVT)            0.0000 r
  clock reconvergence pessimism                         0.0000     0.0000
  library removal time                                  0.1345     0.1345
  data required time                                               0.1345
  ------------------------------------------------------------------------------
  data required time                                               0.1345
  data arrival time                                               -0.1000
  ------------------------------------------------------------------------------
  slack (VIOLATED)                                                -0.0345


  Startpoint: u_partition_m_reset/sync_reset_synced_rstn/NV_GENERIC_CELL/q_reg
               (rising edge-triggered flip-flop clocked by nvdla_core_clk)
  Endpoint: u_NV_NVDLA_cmac/u_core/u_mac_0/cfg_is_int16_d3_reg_0_
               (removal check against rising-edge clock nvdla_core_clk)
  Path Group: **async_default**
  Path Type: min

  Point                                                   Incr       Path
  ------------------------------------------------------------------------------
  clock nvdla_core_clk (rise edge)                      0.0000     0.0000
  clock network delay (ideal)                           0.0000     0.0000
  u_partition_m_reset/sync_reset_synced_rstn/NV_GENERIC_CELL/q_reg/CLK (DFFARX1_RVT)
                                                        0.0000     0.0000 r
  u_partition_m_reset/sync_reset_synced_rstn/NV_GENERIC_CELL/q_reg/Q (DFFARX1_RVT)
                                                        0.0697 +   0.0697 r
  u_partition_m_reset/sync_reset_synced_rstn/UI_test_mode_outmux/U1/Y (MUX21X1_RVT)
                                                        0.0303 H   0.1000 r
  u_NV_NVDLA_cmac/u_core/u_mac_0/cfg_is_int16_d3_reg_0_/RSTB (SDFFARX1_RVT)
                                                        0.0000     0.1000 r
  data arrival time                                                0.1000

  clock nvdla_core_clk (rise edge)                      0.0000     0.0000
  clock network delay (ideal)                           0.0000     0.0000
  u_NV_NVDLA_cmac/u_core/u_mac_0/cfg_is_int16_d3_reg_0_/CLK (SDFFARX1_RVT)
                                                                   0.0000 r
  clock reconvergence pessimism                         0.0000     0.0000
  library removal time                                  0.1345     0.1345
  data required time                                               0.1345
  ------------------------------------------------------------------------------
  data required time                                               0.1345
  data arrival time                                               -0.1000
  ------------------------------------------------------------------------------
  slack (VIOLATED)                                                -0.0345


  Startpoint: u_partition_m_reset/sync_reset_synced_rstn/NV_GENERIC_CELL/q_reg
               (rising edge-triggered flip-flop clocked by nvdla_core_clk)
  Endpoint: u_NV_NVDLA_cmac/u_core/u_mac_1/cfg_is_int16_d3_reg_0_
               (removal check against rising-edge clock nvdla_core_clk)
  Path Group: **async_default**
  Path Type: min

  Point                                                   Incr       Path
  ------------------------------------------------------------------------------
  clock nvdla_core_clk (rise edge)                      0.0000     0.0000
  clock network delay (ideal)                           0.0000     0.0000
  u_partition_m_reset/sync_reset_synced_rstn/NV_GENERIC_CELL/q_reg/CLK (DFFARX1_RVT)
                                                        0.0000     0.0000 r
  u_partition_m_reset/sync_reset_synced_rstn/NV_GENERIC_CELL/q_reg/Q (DFFARX1_RVT)
                                                        0.0697 +   0.0697 r
  u_partition_m_reset/sync_reset_synced_rstn/UI_test_mode_outmux/U1/Y (MUX21X1_RVT)
                                                        0.0303 H   0.1000 r
  u_NV_NVDLA_cmac/u_core/u_mac_1/cfg_is_int16_d3_reg_0_/RSTB (SDFFARX1_RVT)
                                                        0.0000     0.1000 r
  data arrival time                                                0.1000

  clock nvdla_core_clk (rise edge)                      0.0000     0.0000
  clock network delay (ideal)                           0.0000     0.0000
  u_NV_NVDLA_cmac/u_core/u_mac_1/cfg_is_int16_d3_reg_0_/CLK (SDFFARX1_RVT)
                                                                   0.0000 r
  clock reconvergence pessimism                         0.0000     0.0000
  library removal time                                  0.1345     0.1345
  data required time                                               0.1345
  ------------------------------------------------------------------------------
  data required time                                               0.1345
  data arrival time                                               -0.1000
  ------------------------------------------------------------------------------
  slack (VIOLATED)                                                -0.0345


  Startpoint: u_partition_m_reset/sync_reset_synced_rstn/NV_GENERIC_CELL/q_reg
               (rising edge-triggered flip-flop clocked by nvdla_core_clk)
  Endpoint: u_NV_NVDLA_cmac/u_core/u_mac_1/pp_nan_mts_d2_reg_5_
               (removal check against rising-edge clock nvdla_core_clk)
  Path Group: **async_default**
  Path Type: min

  Point                                                   Incr       Path
  ------------------------------------------------------------------------------
  clock nvdla_core_clk (rise edge)                      0.0000     0.0000
  clock network delay (ideal)                           0.0000     0.0000
  u_partition_m_reset/sync_reset_synced_rstn/NV_GENERIC_CELL/q_reg/CLK (DFFARX1_RVT)
                                                        0.0000     0.0000 r
  u_partition_m_reset/sync_reset_synced_rstn/NV_GENERIC_CELL/q_reg/Q (DFFARX1_RVT)
                                                        0.0697 +   0.0697 r
  u_partition_m_reset/sync_reset_synced_rstn/UI_test_mode_outmux/U1/Y (MUX21X1_RVT)
                                                        0.0303 H   0.1000 r
  u_NV_NVDLA_cmac/u_core/u_mac_1/pp_nan_mts_d2_reg_5_/RSTB (SDFFARX1_RVT)
                                                        0.0000     0.1000 r
  data arrival time                                                0.1000

  clock nvdla_core_clk (rise edge)                      0.0000     0.0000
  clock network delay (ideal)                           0.0000     0.0000
  u_NV_NVDLA_cmac/u_core/u_mac_1/pp_nan_mts_d2_reg_5_/CLK (SDFFARX1_RVT)
                                                                   0.0000 r
  clock reconvergence pessimism                         0.0000     0.0000
  library removal time                                  0.1345     0.1345
  data required time                                               0.1345
  ------------------------------------------------------------------------------
  data required time                                               0.1345
  data arrival time                                               -0.1000
  ------------------------------------------------------------------------------
  slack (VIOLATED)                                                -0.0345


  Startpoint: u_partition_m_reset/sync_reset_synced_rstn/NV_GENERIC_CELL/q_reg
               (rising edge-triggered flip-flop clocked by nvdla_core_clk)
  Endpoint: u_NV_NVDLA_cmac/u_core/u_mac_2/cfg_is_int16_d3_reg_0_
               (removal check against rising-edge clock nvdla_core_clk)
  Path Group: **async_default**
  Path Type: min

  Point                                                   Incr       Path
  ------------------------------------------------------------------------------
  clock nvdla_core_clk (rise edge)                      0.0000     0.0000
  clock network delay (ideal)                           0.0000     0.0000
  u_partition_m_reset/sync_reset_synced_rstn/NV_GENERIC_CELL/q_reg/CLK (DFFARX1_RVT)
                                                        0.0000     0.0000 r
  u_partition_m_reset/sync_reset_synced_rstn/NV_GENERIC_CELL/q_reg/Q (DFFARX1_RVT)
                                                        0.0697 +   0.0697 r
  u_partition_m_reset/sync_reset_synced_rstn/UI_test_mode_outmux/U1/Y (MUX21X1_RVT)
                                                        0.0303 H   0.1000 r
  u_NV_NVDLA_cmac/u_core/u_mac_2/cfg_is_int16_d3_reg_0_/RSTB (SDFFARX1_RVT)
                                                        0.0000     0.1000 r
  data arrival time                                                0.1000

  clock nvdla_core_clk (rise edge)                      0.0000     0.0000
  clock network delay (ideal)                           0.0000     0.0000
  u_NV_NVDLA_cmac/u_core/u_mac_2/cfg_is_int16_d3_reg_0_/CLK (SDFFARX1_RVT)
                                                                   0.0000 r
  clock reconvergence pessimism                         0.0000     0.0000
  library removal time                                  0.1345     0.1345
  data required time                                               0.1345
  ------------------------------------------------------------------------------
  data required time                                               0.1345
  data arrival time                                               -0.1000
  ------------------------------------------------------------------------------
  slack (VIOLATED)                                                -0.0345


  Startpoint: u_partition_m_reset/sync_reset_synced_rstn/NV_GENERIC_CELL/q_reg
               (rising edge-triggered flip-flop clocked by nvdla_core_clk)
  Endpoint: u_NV_NVDLA_cmac/u_core/u_mac_3/cfg_is_int16_d3_reg_0_
               (removal check against rising-edge clock nvdla_core_clk)
  Path Group: **async_default**
  Path Type: min

  Point                                                   Incr       Path
  ------------------------------------------------------------------------------
  clock nvdla_core_clk (rise edge)                      0.0000     0.0000
  clock network delay (ideal)                           0.0000     0.0000
  u_partition_m_reset/sync_reset_synced_rstn/NV_GENERIC_CELL/q_reg/CLK (DFFARX1_RVT)
                                                        0.0000     0.0000 r
  u_partition_m_reset/sync_reset_synced_rstn/NV_GENERIC_CELL/q_reg/Q (DFFARX1_RVT)
                                                        0.0697 +   0.0697 r
  u_partition_m_reset/sync_reset_synced_rstn/UI_test_mode_outmux/U1/Y (MUX21X1_RVT)
                                                        0.0303 H   0.1000 r
  u_NV_NVDLA_cmac/u_core/u_mac_3/cfg_is_int16_d3_reg_0_/RSTB (SDFFARX1_RVT)
                                                        0.0000     0.1000 r
  data arrival time                                                0.1000

  clock nvdla_core_clk (rise edge)                      0.0000     0.0000
  clock network delay (ideal)                           0.0000     0.0000
  u_NV_NVDLA_cmac/u_core/u_mac_3/cfg_is_int16_d3_reg_0_/CLK (SDFFARX1_RVT)
                                                                   0.0000 r
  clock reconvergence pessimism                         0.0000     0.0000
  library removal time                                  0.1345     0.1345
  data required time                                               0.1345
  ------------------------------------------------------------------------------
  data required time                                               0.1345
  data arrival time                                               -0.1000
  ------------------------------------------------------------------------------
  slack (VIOLATED)                                                -0.0345


  Startpoint: u_partition_m_reset/sync_reset_synced_rstn/NV_GENERIC_CELL/q_reg
               (rising edge-triggered flip-flop clocked by nvdla_core_clk)
  Endpoint: u_NV_NVDLA_cmac/u_core/u_mac_3/u_exp/wt_actv_exp_clr_reg
               (removal check against rising-edge clock nvdla_core_clk)
  Path Group: **async_default**
  Path Type: min

  Point                                                   Incr       Path
  ------------------------------------------------------------------------------
  clock nvdla_core_clk (rise edge)                      0.0000     0.0000
  clock network delay (ideal)                           0.0000     0.0000
  u_partition_m_reset/sync_reset_synced_rstn/NV_GENERIC_CELL/q_reg/CLK (DFFARX1_RVT)
                                                        0.0000     0.0000 r
  u_partition_m_reset/sync_reset_synced_rstn/NV_GENERIC_CELL/q_reg/Q (DFFARX1_RVT)
                                                        0.0697 +   0.0697 r
  u_partition_m_reset/sync_reset_synced_rstn/UI_test_mode_outmux/U1/Y (MUX21X1_RVT)
                                                        0.0303 H   0.1000 r
  u_NV_NVDLA_cmac/u_core/u_mac_3/u_exp/wt_actv_exp_clr_reg/RSTB (SDFFARX1_RVT)
                                                        0.0000     0.1000 r
  data arrival time                                                0.1000

  clock nvdla_core_clk (rise edge)                      0.0000     0.0000
  clock network delay (ideal)                           0.0000     0.0000
  u_NV_NVDLA_cmac/u_core/u_mac_3/u_exp/wt_actv_exp_clr_reg/CLK (SDFFARX1_RVT)
                                                                   0.0000 r
  clock reconvergence pessimism                         0.0000     0.0000
  library removal time                                  0.1345     0.1345
  data required time                                               0.1345
  ------------------------------------------------------------------------------
  data required time                                               0.1345
  data arrival time                                               -0.1000
  ------------------------------------------------------------------------------
  slack (VIOLATED)                                                -0.0345


  Startpoint: u_partition_m_reset/sync_reset_synced_rstn/NV_GENERIC_CELL/q_reg
               (rising edge-triggered flip-flop clocked by nvdla_core_clk)
  Endpoint: u_NV_NVDLA_cmac/u_core/u_mac_6/cfg_is_int16_d3_reg_0_
               (removal check against rising-edge clock nvdla_core_clk)
  Path Group: **async_default**
  Path Type: min

  Point                                                   Incr       Path
  ------------------------------------------------------------------------------
  clock nvdla_core_clk (rise edge)                      0.0000     0.0000
  clock network delay (ideal)                           0.0000     0.0000
  u_partition_m_reset/sync_reset_synced_rstn/NV_GENERIC_CELL/q_reg/CLK (DFFARX1_RVT)
                                                        0.0000     0.0000 r
  u_partition_m_reset/sync_reset_synced_rstn/NV_GENERIC_CELL/q_reg/Q (DFFARX1_RVT)
                                                        0.0697 +   0.0697 r
  u_partition_m_reset/sync_reset_synced_rstn/UI_test_mode_outmux/U1/Y (MUX21X1_RVT)
                                                        0.0303 H   0.1000 r
  u_NV_NVDLA_cmac/u_core/u_mac_6/cfg_is_int16_d3_reg_0_/RSTB (SDFFARX1_RVT)
                                                        0.0000     0.1000 r
  data arrival time                                                0.1000

  clock nvdla_core_clk (rise edge)                      0.0000     0.0000
  clock network delay (ideal)                           0.0000     0.0000
  u_NV_NVDLA_cmac/u_core/u_mac_6/cfg_is_int16_d3_reg_0_/CLK (SDFFARX1_RVT)
                                                                   0.0000 r
  clock reconvergence pessimism                         0.0000     0.0000
  library removal time                                  0.1345     0.1345
  data required time                                               0.1345
  ------------------------------------------------------------------------------
  data required time                                               0.1345
  data arrival time                                               -0.1000
  ------------------------------------------------------------------------------
  slack (VIOLATED)                                                -0.0345


  Startpoint: u_partition_m_reset/sync_reset_synced_rstn/NV_GENERIC_CELL/q_reg
               (rising edge-triggered flip-flop clocked by nvdla_core_clk)
  Endpoint: u_NV_NVDLA_cmac/u_core/u_mac_6/pp_exp_d2_reg_0_
               (removal check against rising-edge clock nvdla_core_clk)
  Path Group: **async_default**
  Path Type: min

  Point                                                   Incr       Path
  ------------------------------------------------------------------------------
  clock nvdla_core_clk (rise edge)                      0.0000     0.0000
  clock network delay (ideal)                           0.0000     0.0000
  u_partition_m_reset/sync_reset_synced_rstn/NV_GENERIC_CELL/q_reg/CLK (DFFARX1_RVT)
                                                        0.0000     0.0000 r
  u_partition_m_reset/sync_reset_synced_rstn/NV_GENERIC_CELL/q_reg/Q (DFFARX1_RVT)
                                                        0.0697 +   0.0697 r
  u_partition_m_reset/sync_reset_synced_rstn/UI_test_mode_outmux/U1/Y (MUX21X1_RVT)
                                                        0.0303 H   0.1000 r
  u_NV_NVDLA_cmac/u_core/u_mac_6/pp_exp_d2_reg_0_/RSTB (SDFFARX1_RVT)
                                                        0.0000     0.1000 r
  data arrival time                                                0.1000

  clock nvdla_core_clk (rise edge)                      0.0000     0.0000
  clock network delay (ideal)                           0.0000     0.0000
  u_NV_NVDLA_cmac/u_core/u_mac_6/pp_exp_d2_reg_0_/CLK (SDFFARX1_RVT)
                                                                   0.0000 r
  clock reconvergence pessimism                         0.0000     0.0000
  library removal time                                  0.1345     0.1345
  data required time                                               0.1345
  ------------------------------------------------------------------------------
  data required time                                               0.1345
  data arrival time                                               -0.1000
  ------------------------------------------------------------------------------
  slack (VIOLATED)                                                -0.0345


  Startpoint: u_partition_m_reset/sync_reset_synced_rstn/NV_GENERIC_CELL/q_reg
               (rising edge-triggered flip-flop clocked by nvdla_core_clk)
  Endpoint: u_NV_NVDLA_cmac/u_core/u_mac_6/pp_exp_d2_reg_1_
               (removal check against rising-edge clock nvdla_core_clk)
  Path Group: **async_default**
  Path Type: min

  Point                                                   Incr       Path
  ------------------------------------------------------------------------------
  clock nvdla_core_clk (rise edge)                      0.0000     0.0000
  clock network delay (ideal)                           0.0000     0.0000
  u_partition_m_reset/sync_reset_synced_rstn/NV_GENERIC_CELL/q_reg/CLK (DFFARX1_RVT)
                                                        0.0000     0.0000 r
  u_partition_m_reset/sync_reset_synced_rstn/NV_GENERIC_CELL/q_reg/Q (DFFARX1_RVT)
                                                        0.0697 +   0.0697 r
  u_partition_m_reset/sync_reset_synced_rstn/UI_test_mode_outmux/U1/Y (MUX21X1_RVT)
                                                        0.0303 H   0.1000 r
  u_NV_NVDLA_cmac/u_core/u_mac_6/pp_exp_d2_reg_1_/RSTB (SDFFARX1_RVT)
                                                        0.0000     0.1000 r
  data arrival time                                                0.1000

  clock nvdla_core_clk (rise edge)                      0.0000     0.0000
  clock network delay (ideal)                           0.0000     0.0000
  u_NV_NVDLA_cmac/u_core/u_mac_6/pp_exp_d2_reg_1_/CLK (SDFFARX1_RVT)
                                                                   0.0000 r
  clock reconvergence pessimism                         0.0000     0.0000
  library removal time                                  0.1345     0.1345
  data required time                                               0.1345
  ------------------------------------------------------------------------------
  data required time                                               0.1345
  data arrival time                                               -0.1000
  ------------------------------------------------------------------------------
  slack (VIOLATED)                                                -0.0345

Warning: report_timing has satisfied the max_paths criteria. There are 2373 further endpoints which have paths of interest with slack less than   0.0000 that were not considered when generating this report. (UITE-502)

1
