Information: Checking 'no_input_delay'.
Warning: There are 2375 ports with no clock-relative input delay specified.
Since the variable 'timing_input_port_default_clock' is 'false',
paths from such ports will be unconstrained.

Ports
------------------------------------------------------------
csb2cmac_a_req_pd[0]
csb2cmac_a_req_pd[1]
csb2cmac_a_req_pd[2]
csb2cmac_a_req_pd[3]
csb2cmac_a_req_pd[4]
csb2cmac_a_req_pd[5]
csb2cmac_a_req_pd[6]
csb2cmac_a_req_pd[7]
csb2cmac_a_req_pd[8]
csb2cmac_a_req_pd[9]
csb2cmac_a_req_pd[22]
csb2cmac_a_req_pd[34]
csb2cmac_a_req_pd[35]
csb2cmac_a_req_pd[54]
csb2cmac_a_req_pd[55]
csb2cmac_a_req_pvld
direct_reset_
dla_reset_rstn
sc2mac_dat_data0[0]
sc2mac_dat_data0[1]
sc2mac_dat_data0[2]
sc2mac_dat_data0[3]
sc2mac_dat_data0[4]
sc2mac_dat_data0[5]
sc2mac_dat_data0[6]
sc2mac_dat_data0[7]
sc2mac_dat_data1[0]
sc2mac_dat_data1[1]
sc2mac_dat_data1[2]
sc2mac_dat_data1[3]
sc2mac_dat_data1[4]
sc2mac_dat_data1[5]
sc2mac_dat_data1[6]
sc2mac_dat_data1[7]
sc2mac_dat_data2[0]
sc2mac_dat_data2[1]
sc2mac_dat_data2[2]
sc2mac_dat_data2[3]
sc2mac_dat_data2[4]
sc2mac_dat_data2[5]
sc2mac_dat_data2[6]
sc2mac_dat_data2[7]
sc2mac_dat_data3[0]
sc2mac_dat_data3[1]
sc2mac_dat_data3[2]
sc2mac_dat_data3[3]
sc2mac_dat_data3[4]
sc2mac_dat_data3[5]
sc2mac_dat_data3[6]
sc2mac_dat_data3[7]
sc2mac_dat_data4[0]
sc2mac_dat_data4[1]
sc2mac_dat_data4[2]
sc2mac_dat_data4[3]
sc2mac_dat_data4[4]
sc2mac_dat_data4[5]
sc2mac_dat_data4[6]
sc2mac_dat_data4[7]
sc2mac_dat_data5[0]
sc2mac_dat_data5[1]
sc2mac_dat_data5[2]
sc2mac_dat_data5[3]
sc2mac_dat_data5[4]
sc2mac_dat_data5[5]
sc2mac_dat_data5[6]
sc2mac_dat_data5[7]
sc2mac_dat_data6[0]
sc2mac_dat_data6[1]
sc2mac_dat_data6[2]
sc2mac_dat_data6[3]
sc2mac_dat_data6[4]
sc2mac_dat_data6[5]
sc2mac_dat_data6[6]
sc2mac_dat_data6[7]
sc2mac_dat_data7[0]
sc2mac_dat_data7[1]
sc2mac_dat_data7[2]
sc2mac_dat_data7[3]
sc2mac_dat_data7[4]
sc2mac_dat_data7[5]
sc2mac_dat_data7[6]
sc2mac_dat_data7[7]
sc2mac_dat_data8[0]
sc2mac_dat_data8[1]
sc2mac_dat_data8[2]
sc2mac_dat_data8[3]
sc2mac_dat_data8[4]
sc2mac_dat_data8[5]
sc2mac_dat_data8[6]
sc2mac_dat_data8[7]
sc2mac_dat_data9[0]
sc2mac_dat_data9[1]
sc2mac_dat_data9[2]
sc2mac_dat_data9[3]
sc2mac_dat_data9[4]
sc2mac_dat_data9[5]
sc2mac_dat_data9[6]
sc2mac_dat_data9[7]
sc2mac_dat_data10[0]
sc2mac_dat_data10[1]
sc2mac_dat_data10[2]
sc2mac_dat_data10[3]
sc2mac_dat_data10[4]
sc2mac_dat_data10[5]
sc2mac_dat_data10[6]
sc2mac_dat_data10[7]
sc2mac_dat_data11[0]
sc2mac_dat_data11[1]
sc2mac_dat_data11[2]
sc2mac_dat_data11[3]
sc2mac_dat_data11[4]
sc2mac_dat_data11[5]
sc2mac_dat_data11[6]
sc2mac_dat_data11[7]
sc2mac_dat_data12[0]
sc2mac_dat_data12[1]
sc2mac_dat_data12[2]
sc2mac_dat_data12[3]
sc2mac_dat_data12[4]
sc2mac_dat_data12[5]
sc2mac_dat_data12[6]
sc2mac_dat_data12[7]
sc2mac_dat_data13[0]
sc2mac_dat_data13[1]
sc2mac_dat_data13[2]
sc2mac_dat_data13[3]
sc2mac_dat_data13[4]
sc2mac_dat_data13[5]
sc2mac_dat_data13[6]
sc2mac_dat_data13[7]
sc2mac_dat_data14[0]
sc2mac_dat_data14[1]
sc2mac_dat_data14[2]
sc2mac_dat_data14[3]
sc2mac_dat_data14[4]
sc2mac_dat_data14[5]
sc2mac_dat_data14[6]
sc2mac_dat_data14[7]
sc2mac_dat_data15[0]
sc2mac_dat_data15[1]
sc2mac_dat_data15[2]
sc2mac_dat_data15[3]
sc2mac_dat_data15[4]
sc2mac_dat_data15[5]
sc2mac_dat_data15[6]
sc2mac_dat_data15[7]
sc2mac_dat_data16[0]
sc2mac_dat_data16[1]
sc2mac_dat_data16[2]
sc2mac_dat_data16[3]
sc2mac_dat_data16[4]
sc2mac_dat_data16[5]
sc2mac_dat_data16[6]
sc2mac_dat_data16[7]
sc2mac_dat_data17[0]
sc2mac_dat_data17[1]
sc2mac_dat_data17[2]
sc2mac_dat_data17[3]
sc2mac_dat_data17[4]
sc2mac_dat_data17[5]
sc2mac_dat_data17[6]
sc2mac_dat_data17[7]
sc2mac_dat_data18[0]
sc2mac_dat_data18[1]
sc2mac_dat_data18[2]
sc2mac_dat_data18[3]
sc2mac_dat_data18[4]
sc2mac_dat_data18[5]
sc2mac_dat_data18[6]
sc2mac_dat_data18[7]
sc2mac_dat_data19[0]
sc2mac_dat_data19[1]
sc2mac_dat_data19[2]
sc2mac_dat_data19[3]
sc2mac_dat_data19[4]
sc2mac_dat_data19[5]
sc2mac_dat_data19[6]
sc2mac_dat_data19[7]
sc2mac_dat_data20[0]
sc2mac_dat_data20[1]
sc2mac_dat_data20[2]
sc2mac_dat_data20[3]
sc2mac_dat_data20[4]
sc2mac_dat_data20[5]
sc2mac_dat_data20[6]
sc2mac_dat_data20[7]
sc2mac_dat_data21[0]
sc2mac_dat_data21[1]
sc2mac_dat_data21[2]
sc2mac_dat_data21[3]
sc2mac_dat_data21[4]
sc2mac_dat_data21[5]
sc2mac_dat_data21[6]
sc2mac_dat_data21[7]
sc2mac_dat_data22[0]
sc2mac_dat_data22[1]
sc2mac_dat_data22[2]
sc2mac_dat_data22[3]
sc2mac_dat_data22[4]
sc2mac_dat_data22[5]
sc2mac_dat_data22[6]
sc2mac_dat_data22[7]
sc2mac_dat_data23[0]
sc2mac_dat_data23[1]
sc2mac_dat_data23[2]
sc2mac_dat_data23[3]
sc2mac_dat_data23[4]
sc2mac_dat_data23[5]
sc2mac_dat_data23[6]
sc2mac_dat_data23[7]
sc2mac_dat_data24[0]
sc2mac_dat_data24[1]
sc2mac_dat_data24[2]
sc2mac_dat_data24[3]
sc2mac_dat_data24[4]
sc2mac_dat_data24[5]
sc2mac_dat_data24[6]
sc2mac_dat_data24[7]
sc2mac_dat_data25[0]
sc2mac_dat_data25[1]
sc2mac_dat_data25[2]
sc2mac_dat_data25[3]
sc2mac_dat_data25[4]
sc2mac_dat_data25[5]
sc2mac_dat_data25[6]
sc2mac_dat_data25[7]
sc2mac_dat_data26[0]
sc2mac_dat_data26[1]
sc2mac_dat_data26[2]
sc2mac_dat_data26[3]
sc2mac_dat_data26[4]
sc2mac_dat_data26[5]
sc2mac_dat_data26[6]
sc2mac_dat_data26[7]
sc2mac_dat_data27[0]
sc2mac_dat_data27[1]
sc2mac_dat_data27[2]
sc2mac_dat_data27[3]
sc2mac_dat_data27[4]
sc2mac_dat_data27[5]
sc2mac_dat_data27[6]
sc2mac_dat_data27[7]
sc2mac_dat_data28[0]
sc2mac_dat_data28[1]
sc2mac_dat_data28[2]
sc2mac_dat_data28[3]
sc2mac_dat_data28[4]
sc2mac_dat_data28[5]
sc2mac_dat_data28[6]
sc2mac_dat_data28[7]
sc2mac_dat_data29[0]
sc2mac_dat_data29[1]
sc2mac_dat_data29[2]
sc2mac_dat_data29[3]
sc2mac_dat_data29[4]
sc2mac_dat_data29[5]
sc2mac_dat_data29[6]
sc2mac_dat_data29[7]
sc2mac_dat_data30[0]
sc2mac_dat_data30[1]
sc2mac_dat_data30[2]
sc2mac_dat_data30[3]
sc2mac_dat_data30[4]
sc2mac_dat_data30[5]
sc2mac_dat_data30[6]
sc2mac_dat_data30[7]
sc2mac_dat_data31[0]
sc2mac_dat_data31[1]
sc2mac_dat_data31[2]
sc2mac_dat_data31[3]
sc2mac_dat_data31[4]
sc2mac_dat_data31[5]
sc2mac_dat_data31[6]
sc2mac_dat_data31[7]
sc2mac_dat_data32[0]
sc2mac_dat_data32[1]
sc2mac_dat_data32[2]
sc2mac_dat_data32[3]
sc2mac_dat_data32[4]
sc2mac_dat_data32[5]
sc2mac_dat_data32[6]
sc2mac_dat_data32[7]
sc2mac_dat_data33[0]
sc2mac_dat_data33[1]
sc2mac_dat_data33[2]
sc2mac_dat_data33[3]
sc2mac_dat_data33[4]
sc2mac_dat_data33[5]
sc2mac_dat_data33[6]
sc2mac_dat_data33[7]
sc2mac_dat_data34[0]
sc2mac_dat_data34[1]
sc2mac_dat_data34[2]
sc2mac_dat_data34[3]
sc2mac_dat_data34[4]
sc2mac_dat_data34[5]
sc2mac_dat_data34[6]
sc2mac_dat_data34[7]
sc2mac_dat_data35[0]
sc2mac_dat_data35[1]
sc2mac_dat_data35[2]
sc2mac_dat_data35[3]
sc2mac_dat_data35[4]
sc2mac_dat_data35[5]
sc2mac_dat_data35[6]
sc2mac_dat_data35[7]
sc2mac_dat_data36[0]
sc2mac_dat_data36[1]
sc2mac_dat_data36[2]
sc2mac_dat_data36[3]
sc2mac_dat_data36[4]
sc2mac_dat_data36[5]
sc2mac_dat_data36[6]
sc2mac_dat_data36[7]
sc2mac_dat_data37[0]
sc2mac_dat_data37[1]
sc2mac_dat_data37[2]
sc2mac_dat_data37[3]
sc2mac_dat_data37[4]
sc2mac_dat_data37[5]
sc2mac_dat_data37[6]
sc2mac_dat_data37[7]
sc2mac_dat_data38[0]
sc2mac_dat_data38[1]
sc2mac_dat_data38[2]
sc2mac_dat_data38[3]
sc2mac_dat_data38[4]
sc2mac_dat_data38[5]
sc2mac_dat_data38[6]
sc2mac_dat_data38[7]
sc2mac_dat_data39[0]
sc2mac_dat_data39[1]
sc2mac_dat_data39[2]
sc2mac_dat_data39[3]
sc2mac_dat_data39[4]
sc2mac_dat_data39[5]
sc2mac_dat_data39[6]
sc2mac_dat_data39[7]
sc2mac_dat_data40[0]
sc2mac_dat_data40[1]
sc2mac_dat_data40[2]
sc2mac_dat_data40[3]
sc2mac_dat_data40[4]
sc2mac_dat_data40[5]
sc2mac_dat_data40[6]
sc2mac_dat_data40[7]
sc2mac_dat_data41[0]
sc2mac_dat_data41[1]
sc2mac_dat_data41[2]
sc2mac_dat_data41[3]
sc2mac_dat_data41[4]
sc2mac_dat_data41[5]
sc2mac_dat_data41[6]
sc2mac_dat_data41[7]
sc2mac_dat_data42[0]
sc2mac_dat_data42[1]
sc2mac_dat_data42[2]
sc2mac_dat_data42[3]
sc2mac_dat_data42[4]
sc2mac_dat_data42[5]
sc2mac_dat_data42[6]
sc2mac_dat_data42[7]
sc2mac_dat_data43[0]
sc2mac_dat_data43[1]
sc2mac_dat_data43[2]
sc2mac_dat_data43[3]
sc2mac_dat_data43[4]
sc2mac_dat_data43[5]
sc2mac_dat_data43[6]
sc2mac_dat_data43[7]
sc2mac_dat_data44[0]
sc2mac_dat_data44[1]
sc2mac_dat_data44[2]
sc2mac_dat_data44[3]
sc2mac_dat_data44[4]
sc2mac_dat_data44[5]
sc2mac_dat_data44[6]
sc2mac_dat_data44[7]
sc2mac_dat_data45[0]
sc2mac_dat_data45[1]
sc2mac_dat_data45[2]
sc2mac_dat_data45[3]
sc2mac_dat_data45[4]
sc2mac_dat_data45[5]
sc2mac_dat_data45[6]
sc2mac_dat_data45[7]
sc2mac_dat_data46[0]
sc2mac_dat_data46[1]
sc2mac_dat_data46[2]
sc2mac_dat_data46[3]
sc2mac_dat_data46[4]
sc2mac_dat_data46[5]
sc2mac_dat_data46[6]
sc2mac_dat_data46[7]
sc2mac_dat_data47[0]
sc2mac_dat_data47[1]
sc2mac_dat_data47[2]
sc2mac_dat_data47[3]
sc2mac_dat_data47[4]
sc2mac_dat_data47[5]
sc2mac_dat_data47[6]
sc2mac_dat_data47[7]
sc2mac_dat_data48[0]
sc2mac_dat_data48[1]
sc2mac_dat_data48[2]
sc2mac_dat_data48[3]
sc2mac_dat_data48[4]
sc2mac_dat_data48[5]
sc2mac_dat_data48[6]
sc2mac_dat_data48[7]
sc2mac_dat_data49[0]
sc2mac_dat_data49[1]
sc2mac_dat_data49[2]
sc2mac_dat_data49[3]
sc2mac_dat_data49[4]
sc2mac_dat_data49[5]
sc2mac_dat_data49[6]
sc2mac_dat_data49[7]
sc2mac_dat_data50[0]
sc2mac_dat_data50[1]
sc2mac_dat_data50[2]
sc2mac_dat_data50[3]
sc2mac_dat_data50[4]
sc2mac_dat_data50[5]
sc2mac_dat_data50[6]
sc2mac_dat_data50[7]
sc2mac_dat_data51[0]
sc2mac_dat_data51[1]
sc2mac_dat_data51[2]
sc2mac_dat_data51[3]
sc2mac_dat_data51[4]
sc2mac_dat_data51[5]
sc2mac_dat_data51[6]
sc2mac_dat_data51[7]
sc2mac_dat_data52[0]
sc2mac_dat_data52[1]
sc2mac_dat_data52[2]
sc2mac_dat_data52[3]
sc2mac_dat_data52[4]
sc2mac_dat_data52[5]
sc2mac_dat_data52[6]
sc2mac_dat_data52[7]
sc2mac_dat_data53[0]
sc2mac_dat_data53[1]
sc2mac_dat_data53[2]
sc2mac_dat_data53[3]
sc2mac_dat_data53[4]
sc2mac_dat_data53[5]
sc2mac_dat_data53[6]
sc2mac_dat_data53[7]
sc2mac_dat_data54[0]
sc2mac_dat_data54[1]
sc2mac_dat_data54[2]
sc2mac_dat_data54[3]
sc2mac_dat_data54[4]
sc2mac_dat_data54[5]
sc2mac_dat_data54[6]
sc2mac_dat_data54[7]
sc2mac_dat_data55[0]
sc2mac_dat_data55[1]
sc2mac_dat_data55[2]
sc2mac_dat_data55[3]
sc2mac_dat_data55[4]
sc2mac_dat_data55[5]
sc2mac_dat_data55[6]
sc2mac_dat_data55[7]
sc2mac_dat_data56[0]
sc2mac_dat_data56[1]
sc2mac_dat_data56[2]
sc2mac_dat_data56[3]
sc2mac_dat_data56[4]
sc2mac_dat_data56[5]
sc2mac_dat_data56[6]
sc2mac_dat_data56[7]
sc2mac_dat_data57[0]
sc2mac_dat_data57[1]
sc2mac_dat_data57[2]
sc2mac_dat_data57[3]
sc2mac_dat_data57[4]
sc2mac_dat_data57[5]
sc2mac_dat_data57[6]
sc2mac_dat_data57[7]
sc2mac_dat_data58[0]
sc2mac_dat_data58[1]
sc2mac_dat_data58[2]
sc2mac_dat_data58[3]
sc2mac_dat_data58[4]
sc2mac_dat_data58[5]
sc2mac_dat_data58[6]
sc2mac_dat_data58[7]
sc2mac_dat_data59[0]
sc2mac_dat_data59[1]
sc2mac_dat_data59[2]
sc2mac_dat_data59[3]
sc2mac_dat_data59[4]
sc2mac_dat_data59[5]
sc2mac_dat_data59[6]
sc2mac_dat_data59[7]
sc2mac_dat_data60[0]
sc2mac_dat_data60[1]
sc2mac_dat_data60[2]
sc2mac_dat_data60[3]
sc2mac_dat_data60[4]
sc2mac_dat_data60[5]
sc2mac_dat_data60[6]
sc2mac_dat_data60[7]
sc2mac_dat_data61[0]
sc2mac_dat_data61[1]
sc2mac_dat_data61[2]
sc2mac_dat_data61[3]
sc2mac_dat_data61[4]
sc2mac_dat_data61[5]
sc2mac_dat_data61[6]
sc2mac_dat_data61[7]
sc2mac_dat_data62[0]
sc2mac_dat_data62[1]
sc2mac_dat_data62[2]
sc2mac_dat_data62[3]
sc2mac_dat_data62[4]
sc2mac_dat_data62[5]
sc2mac_dat_data62[6]
sc2mac_dat_data62[7]
sc2mac_dat_data63[0]
sc2mac_dat_data63[1]
sc2mac_dat_data63[2]
sc2mac_dat_data63[3]
sc2mac_dat_data63[4]
sc2mac_dat_data63[5]
sc2mac_dat_data63[6]
sc2mac_dat_data63[7]
sc2mac_dat_data64[0]
sc2mac_dat_data64[1]
sc2mac_dat_data64[2]
sc2mac_dat_data64[3]
sc2mac_dat_data64[4]
sc2mac_dat_data64[5]
sc2mac_dat_data64[6]
sc2mac_dat_data64[7]
sc2mac_dat_data65[0]
sc2mac_dat_data65[1]
sc2mac_dat_data65[2]
sc2mac_dat_data65[3]
sc2mac_dat_data65[4]
sc2mac_dat_data65[5]
sc2mac_dat_data65[6]
sc2mac_dat_data65[7]
sc2mac_dat_data66[0]
sc2mac_dat_data66[1]
sc2mac_dat_data66[2]
sc2mac_dat_data66[3]
sc2mac_dat_data66[4]
sc2mac_dat_data66[5]
sc2mac_dat_data66[6]
sc2mac_dat_data66[7]
sc2mac_dat_data67[0]
sc2mac_dat_data67[1]
sc2mac_dat_data67[2]
sc2mac_dat_data67[3]
sc2mac_dat_data67[4]
sc2mac_dat_data67[5]
sc2mac_dat_data67[6]
sc2mac_dat_data67[7]
sc2mac_dat_data68[0]
sc2mac_dat_data68[1]
sc2mac_dat_data68[2]
sc2mac_dat_data68[3]
sc2mac_dat_data68[4]
sc2mac_dat_data68[5]
sc2mac_dat_data68[6]
sc2mac_dat_data68[7]
sc2mac_dat_data69[0]
sc2mac_dat_data69[1]
sc2mac_dat_data69[2]
sc2mac_dat_data69[3]
sc2mac_dat_data69[4]
sc2mac_dat_data69[5]
sc2mac_dat_data69[6]
sc2mac_dat_data69[7]
sc2mac_dat_data70[0]
sc2mac_dat_data70[1]
sc2mac_dat_data70[2]
sc2mac_dat_data70[3]
sc2mac_dat_data70[4]
sc2mac_dat_data70[5]
sc2mac_dat_data70[6]
sc2mac_dat_data70[7]
sc2mac_dat_data71[0]
sc2mac_dat_data71[1]
sc2mac_dat_data71[2]
sc2mac_dat_data71[3]
sc2mac_dat_data71[4]
sc2mac_dat_data71[5]
sc2mac_dat_data71[6]
sc2mac_dat_data71[7]
sc2mac_dat_data72[0]
sc2mac_dat_data72[1]
sc2mac_dat_data72[2]
sc2mac_dat_data72[3]
sc2mac_dat_data72[4]
sc2mac_dat_data72[5]
sc2mac_dat_data72[6]
sc2mac_dat_data72[7]
sc2mac_dat_data73[0]
sc2mac_dat_data73[1]
sc2mac_dat_data73[2]
sc2mac_dat_data73[3]
sc2mac_dat_data73[4]
sc2mac_dat_data73[5]
sc2mac_dat_data73[6]
sc2mac_dat_data73[7]
sc2mac_dat_data74[0]
sc2mac_dat_data74[1]
sc2mac_dat_data74[2]
sc2mac_dat_data74[3]
sc2mac_dat_data74[4]
sc2mac_dat_data74[5]
sc2mac_dat_data74[6]
sc2mac_dat_data74[7]
sc2mac_dat_data75[0]
sc2mac_dat_data75[1]
sc2mac_dat_data75[2]
sc2mac_dat_data75[3]
sc2mac_dat_data75[4]
sc2mac_dat_data75[5]
sc2mac_dat_data75[6]
sc2mac_dat_data75[7]
sc2mac_dat_data76[0]
sc2mac_dat_data76[1]
sc2mac_dat_data76[2]
sc2mac_dat_data76[3]
sc2mac_dat_data76[4]
sc2mac_dat_data76[5]
sc2mac_dat_data76[6]
sc2mac_dat_data76[7]
sc2mac_dat_data77[0]
sc2mac_dat_data77[1]
sc2mac_dat_data77[2]
sc2mac_dat_data77[3]
sc2mac_dat_data77[4]
sc2mac_dat_data77[5]
sc2mac_dat_data77[6]
sc2mac_dat_data77[7]
sc2mac_dat_data78[0]
sc2mac_dat_data78[1]
sc2mac_dat_data78[2]
sc2mac_dat_data78[3]
sc2mac_dat_data78[4]
sc2mac_dat_data78[5]
sc2mac_dat_data78[6]
sc2mac_dat_data78[7]
sc2mac_dat_data79[0]
sc2mac_dat_data79[1]
sc2mac_dat_data79[2]
sc2mac_dat_data79[3]
sc2mac_dat_data79[4]
sc2mac_dat_data79[5]
sc2mac_dat_data79[6]
sc2mac_dat_data79[7]
sc2mac_dat_data80[0]
sc2mac_dat_data80[1]
sc2mac_dat_data80[2]
sc2mac_dat_data80[3]
sc2mac_dat_data80[4]
sc2mac_dat_data80[5]
sc2mac_dat_data80[6]
sc2mac_dat_data80[7]
sc2mac_dat_data81[0]
sc2mac_dat_data81[1]
sc2mac_dat_data81[2]
sc2mac_dat_data81[3]
sc2mac_dat_data81[4]
sc2mac_dat_data81[5]
sc2mac_dat_data81[6]
sc2mac_dat_data81[7]
sc2mac_dat_data82[0]
sc2mac_dat_data82[1]
sc2mac_dat_data82[2]
sc2mac_dat_data82[3]
sc2mac_dat_data82[4]
sc2mac_dat_data82[5]
sc2mac_dat_data82[6]
sc2mac_dat_data82[7]
sc2mac_dat_data83[0]
sc2mac_dat_data83[1]
sc2mac_dat_data83[2]
sc2mac_dat_data83[3]
sc2mac_dat_data83[4]
sc2mac_dat_data83[5]
sc2mac_dat_data83[6]
sc2mac_dat_data83[7]
sc2mac_dat_data84[0]
sc2mac_dat_data84[1]
sc2mac_dat_data84[2]
sc2mac_dat_data84[3]
sc2mac_dat_data84[4]
sc2mac_dat_data84[5]
sc2mac_dat_data84[6]
sc2mac_dat_data84[7]
sc2mac_dat_data85[0]
sc2mac_dat_data85[1]
sc2mac_dat_data85[2]
sc2mac_dat_data85[3]
sc2mac_dat_data85[4]
sc2mac_dat_data85[5]
sc2mac_dat_data85[6]
sc2mac_dat_data85[7]
sc2mac_dat_data86[0]
sc2mac_dat_data86[1]
sc2mac_dat_data86[2]
sc2mac_dat_data86[3]
sc2mac_dat_data86[4]
sc2mac_dat_data86[5]
sc2mac_dat_data86[6]
sc2mac_dat_data86[7]
sc2mac_dat_data87[0]
sc2mac_dat_data87[1]
sc2mac_dat_data87[2]
sc2mac_dat_data87[3]
sc2mac_dat_data87[4]
sc2mac_dat_data87[5]
sc2mac_dat_data87[6]
sc2mac_dat_data87[7]
sc2mac_dat_data88[0]
sc2mac_dat_data88[1]
sc2mac_dat_data88[2]
sc2mac_dat_data88[3]
sc2mac_dat_data88[4]
sc2mac_dat_data88[5]
sc2mac_dat_data88[6]
sc2mac_dat_data88[7]
sc2mac_dat_data89[0]
sc2mac_dat_data89[1]
sc2mac_dat_data89[2]
sc2mac_dat_data89[3]
sc2mac_dat_data89[4]
sc2mac_dat_data89[5]
sc2mac_dat_data89[6]
sc2mac_dat_data89[7]
sc2mac_dat_data90[0]
sc2mac_dat_data90[1]
sc2mac_dat_data90[2]
sc2mac_dat_data90[3]
sc2mac_dat_data90[4]
sc2mac_dat_data90[5]
sc2mac_dat_data90[6]
sc2mac_dat_data90[7]
sc2mac_dat_data91[0]
sc2mac_dat_data91[1]
sc2mac_dat_data91[2]
sc2mac_dat_data91[3]
sc2mac_dat_data91[4]
sc2mac_dat_data91[5]
sc2mac_dat_data91[6]
sc2mac_dat_data91[7]
sc2mac_dat_data92[0]
sc2mac_dat_data92[1]
sc2mac_dat_data92[2]
sc2mac_dat_data92[3]
sc2mac_dat_data92[4]
sc2mac_dat_data92[5]
sc2mac_dat_data92[6]
sc2mac_dat_data92[7]
sc2mac_dat_data93[0]
sc2mac_dat_data93[1]
sc2mac_dat_data93[2]
sc2mac_dat_data93[3]
sc2mac_dat_data93[4]
sc2mac_dat_data93[5]
sc2mac_dat_data93[6]
sc2mac_dat_data93[7]
sc2mac_dat_data94[0]
sc2mac_dat_data94[1]
sc2mac_dat_data94[2]
sc2mac_dat_data94[3]
sc2mac_dat_data94[4]
sc2mac_dat_data94[5]
sc2mac_dat_data94[6]
sc2mac_dat_data94[7]
sc2mac_dat_data95[0]
sc2mac_dat_data95[1]
sc2mac_dat_data95[2]
sc2mac_dat_data95[3]
sc2mac_dat_data95[4]
sc2mac_dat_data95[5]
sc2mac_dat_data95[6]
sc2mac_dat_data95[7]
sc2mac_dat_data96[0]
sc2mac_dat_data96[1]
sc2mac_dat_data96[2]
sc2mac_dat_data96[3]
sc2mac_dat_data96[4]
sc2mac_dat_data96[5]
sc2mac_dat_data96[6]
sc2mac_dat_data96[7]
sc2mac_dat_data97[0]
sc2mac_dat_data97[1]
sc2mac_dat_data97[2]
sc2mac_dat_data97[3]
sc2mac_dat_data97[4]
sc2mac_dat_data97[5]
sc2mac_dat_data97[6]
sc2mac_dat_data97[7]
sc2mac_dat_data98[0]
sc2mac_dat_data98[1]
sc2mac_dat_data98[2]
sc2mac_dat_data98[3]
sc2mac_dat_data98[4]
sc2mac_dat_data98[5]
sc2mac_dat_data98[6]
sc2mac_dat_data98[7]
sc2mac_dat_data99[0]
sc2mac_dat_data99[1]
sc2mac_dat_data99[2]
sc2mac_dat_data99[3]
sc2mac_dat_data99[4]
sc2mac_dat_data99[5]
sc2mac_dat_data99[6]
sc2mac_dat_data99[7]
sc2mac_dat_data100[0]
sc2mac_dat_data100[1]
sc2mac_dat_data100[2]
sc2mac_dat_data100[3]
sc2mac_dat_data100[4]
sc2mac_dat_data100[5]
sc2mac_dat_data100[6]
sc2mac_dat_data100[7]
sc2mac_dat_data101[0]
sc2mac_dat_data101[1]
sc2mac_dat_data101[2]
sc2mac_dat_data101[3]
sc2mac_dat_data101[4]
sc2mac_dat_data101[5]
sc2mac_dat_data101[6]
sc2mac_dat_data101[7]
sc2mac_dat_data102[0]
sc2mac_dat_data102[1]
sc2mac_dat_data102[2]
sc2mac_dat_data102[3]
sc2mac_dat_data102[4]
sc2mac_dat_data102[5]
sc2mac_dat_data102[6]
sc2mac_dat_data102[7]
sc2mac_dat_data103[0]
sc2mac_dat_data103[1]
sc2mac_dat_data103[2]
sc2mac_dat_data103[3]
sc2mac_dat_data103[4]
sc2mac_dat_data103[5]
sc2mac_dat_data103[6]
sc2mac_dat_data103[7]
sc2mac_dat_data104[0]
sc2mac_dat_data104[1]
sc2mac_dat_data104[2]
sc2mac_dat_data104[3]
sc2mac_dat_data104[4]
sc2mac_dat_data104[5]
sc2mac_dat_data104[6]
sc2mac_dat_data104[7]
sc2mac_dat_data105[0]
sc2mac_dat_data105[1]
sc2mac_dat_data105[2]
sc2mac_dat_data105[3]
sc2mac_dat_data105[4]
sc2mac_dat_data105[5]
sc2mac_dat_data105[6]
sc2mac_dat_data105[7]
sc2mac_dat_data106[0]
sc2mac_dat_data106[1]
sc2mac_dat_data106[2]
sc2mac_dat_data106[3]
sc2mac_dat_data106[4]
sc2mac_dat_data106[5]
sc2mac_dat_data106[6]
sc2mac_dat_data106[7]
sc2mac_dat_data107[0]
sc2mac_dat_data107[1]
sc2mac_dat_data107[2]
sc2mac_dat_data107[3]
sc2mac_dat_data107[4]
sc2mac_dat_data107[5]
sc2mac_dat_data107[6]
sc2mac_dat_data107[7]
sc2mac_dat_data108[0]
sc2mac_dat_data108[1]
sc2mac_dat_data108[2]
sc2mac_dat_data108[3]
sc2mac_dat_data108[4]
sc2mac_dat_data108[5]
sc2mac_dat_data108[6]
sc2mac_dat_data108[7]
sc2mac_dat_data109[0]
sc2mac_dat_data109[1]
sc2mac_dat_data109[2]
sc2mac_dat_data109[3]
sc2mac_dat_data109[4]
sc2mac_dat_data109[5]
sc2mac_dat_data109[6]
sc2mac_dat_data109[7]
sc2mac_dat_data110[0]
sc2mac_dat_data110[1]
sc2mac_dat_data110[2]
sc2mac_dat_data110[3]
sc2mac_dat_data110[4]
sc2mac_dat_data110[5]
sc2mac_dat_data110[6]
sc2mac_dat_data110[7]
sc2mac_dat_data111[0]
sc2mac_dat_data111[1]
sc2mac_dat_data111[2]
sc2mac_dat_data111[3]
sc2mac_dat_data111[4]
sc2mac_dat_data111[5]
sc2mac_dat_data111[6]
sc2mac_dat_data111[7]
sc2mac_dat_data112[0]
sc2mac_dat_data112[1]
sc2mac_dat_data112[2]
sc2mac_dat_data112[3]
sc2mac_dat_data112[4]
sc2mac_dat_data112[5]
sc2mac_dat_data112[6]
sc2mac_dat_data112[7]
sc2mac_dat_data113[0]
sc2mac_dat_data113[1]
sc2mac_dat_data113[2]
sc2mac_dat_data113[3]
sc2mac_dat_data113[4]
sc2mac_dat_data113[5]
sc2mac_dat_data113[6]
sc2mac_dat_data113[7]
sc2mac_dat_data114[0]
sc2mac_dat_data114[1]
sc2mac_dat_data114[2]
sc2mac_dat_data114[3]
sc2mac_dat_data114[4]
sc2mac_dat_data114[5]
sc2mac_dat_data114[6]
sc2mac_dat_data114[7]
sc2mac_dat_data115[0]
sc2mac_dat_data115[1]
sc2mac_dat_data115[2]
sc2mac_dat_data115[3]
sc2mac_dat_data115[4]
sc2mac_dat_data115[5]
sc2mac_dat_data115[6]
sc2mac_dat_data115[7]
sc2mac_dat_data116[0]
sc2mac_dat_data116[1]
sc2mac_dat_data116[2]
sc2mac_dat_data116[3]
sc2mac_dat_data116[4]
sc2mac_dat_data116[5]
sc2mac_dat_data116[6]
sc2mac_dat_data116[7]
sc2mac_dat_data117[0]
sc2mac_dat_data117[1]
sc2mac_dat_data117[2]
sc2mac_dat_data117[3]
sc2mac_dat_data117[4]
sc2mac_dat_data117[5]
sc2mac_dat_data117[6]
sc2mac_dat_data117[7]
sc2mac_dat_data118[0]
sc2mac_dat_data118[1]
sc2mac_dat_data118[2]
sc2mac_dat_data118[3]
sc2mac_dat_data118[4]
sc2mac_dat_data118[5]
sc2mac_dat_data118[6]
sc2mac_dat_data118[7]
sc2mac_dat_data119[0]
sc2mac_dat_data119[1]
sc2mac_dat_data119[2]
sc2mac_dat_data119[3]
sc2mac_dat_data119[4]
sc2mac_dat_data119[5]
sc2mac_dat_data119[6]
sc2mac_dat_data119[7]
sc2mac_dat_data120[0]
sc2mac_dat_data120[1]
sc2mac_dat_data120[2]
sc2mac_dat_data120[3]
sc2mac_dat_data120[4]
sc2mac_dat_data120[5]
sc2mac_dat_data120[6]
sc2mac_dat_data120[7]
sc2mac_dat_data121[0]
sc2mac_dat_data121[1]
sc2mac_dat_data121[2]
sc2mac_dat_data121[3]
sc2mac_dat_data121[4]
sc2mac_dat_data121[5]
sc2mac_dat_data121[6]
sc2mac_dat_data121[7]
sc2mac_dat_data122[0]
sc2mac_dat_data122[1]
sc2mac_dat_data122[2]
sc2mac_dat_data122[3]
sc2mac_dat_data122[4]
sc2mac_dat_data122[5]
sc2mac_dat_data122[6]
sc2mac_dat_data122[7]
sc2mac_dat_data123[0]
sc2mac_dat_data123[1]
sc2mac_dat_data123[2]
sc2mac_dat_data123[3]
sc2mac_dat_data123[4]
sc2mac_dat_data123[5]
sc2mac_dat_data123[6]
sc2mac_dat_data123[7]
sc2mac_dat_data124[0]
sc2mac_dat_data124[1]
sc2mac_dat_data124[2]
sc2mac_dat_data124[3]
sc2mac_dat_data124[4]
sc2mac_dat_data124[5]
sc2mac_dat_data124[6]
sc2mac_dat_data124[7]
sc2mac_dat_data125[0]
sc2mac_dat_data125[1]
sc2mac_dat_data125[2]
sc2mac_dat_data125[3]
sc2mac_dat_data125[4]
sc2mac_dat_data125[5]
sc2mac_dat_data125[6]
sc2mac_dat_data125[7]
sc2mac_dat_data126[0]
sc2mac_dat_data126[1]
sc2mac_dat_data126[2]
sc2mac_dat_data126[3]
sc2mac_dat_data126[4]
sc2mac_dat_data126[5]
sc2mac_dat_data126[6]
sc2mac_dat_data126[7]
sc2mac_dat_data127[0]
sc2mac_dat_data127[1]
sc2mac_dat_data127[2]
sc2mac_dat_data127[3]
sc2mac_dat_data127[4]
sc2mac_dat_data127[5]
sc2mac_dat_data127[6]
sc2mac_dat_data127[7]
sc2mac_dat_mask[0]
sc2mac_dat_mask[1]
sc2mac_dat_mask[2]
sc2mac_dat_mask[3]
sc2mac_dat_mask[4]
sc2mac_dat_mask[5]
sc2mac_dat_mask[6]
sc2mac_dat_mask[7]
sc2mac_dat_mask[8]
sc2mac_dat_mask[9]
sc2mac_dat_mask[10]
sc2mac_dat_mask[11]
sc2mac_dat_mask[12]
sc2mac_dat_mask[13]
sc2mac_dat_mask[14]
sc2mac_dat_mask[15]
sc2mac_dat_mask[16]
sc2mac_dat_mask[17]
sc2mac_dat_mask[18]
sc2mac_dat_mask[19]
sc2mac_dat_mask[20]
sc2mac_dat_mask[21]
sc2mac_dat_mask[22]
sc2mac_dat_mask[23]
sc2mac_dat_mask[24]
sc2mac_dat_mask[25]
sc2mac_dat_mask[26]
sc2mac_dat_mask[27]
sc2mac_dat_mask[28]
sc2mac_dat_mask[29]
sc2mac_dat_mask[30]
sc2mac_dat_mask[31]
sc2mac_dat_mask[32]
sc2mac_dat_mask[33]
sc2mac_dat_mask[34]
sc2mac_dat_mask[35]
sc2mac_dat_mask[36]
sc2mac_dat_mask[37]
sc2mac_dat_mask[38]
sc2mac_dat_mask[39]
sc2mac_dat_mask[40]
sc2mac_dat_mask[41]
sc2mac_dat_mask[42]
sc2mac_dat_mask[43]
sc2mac_dat_mask[44]
sc2mac_dat_mask[45]
sc2mac_dat_mask[46]
sc2mac_dat_mask[47]
sc2mac_dat_mask[48]
sc2mac_dat_mask[49]
sc2mac_dat_mask[50]
sc2mac_dat_mask[51]
sc2mac_dat_mask[52]
sc2mac_dat_mask[53]
sc2mac_dat_mask[54]
sc2mac_dat_mask[55]
sc2mac_dat_mask[56]
sc2mac_dat_mask[57]
sc2mac_dat_mask[58]
sc2mac_dat_mask[59]
sc2mac_dat_mask[60]
sc2mac_dat_mask[61]
sc2mac_dat_mask[62]
sc2mac_dat_mask[63]
sc2mac_dat_mask[64]
sc2mac_dat_mask[65]
sc2mac_dat_mask[66]
sc2mac_dat_mask[67]
sc2mac_dat_mask[68]
sc2mac_dat_mask[69]
sc2mac_dat_mask[70]
sc2mac_dat_mask[71]
sc2mac_dat_mask[72]
sc2mac_dat_mask[73]
sc2mac_dat_mask[74]
sc2mac_dat_mask[75]
sc2mac_dat_mask[76]
sc2mac_dat_mask[77]
sc2mac_dat_mask[78]
sc2mac_dat_mask[79]
sc2mac_dat_mask[80]
sc2mac_dat_mask[81]
sc2mac_dat_mask[82]
sc2mac_dat_mask[83]
sc2mac_dat_mask[84]
sc2mac_dat_mask[85]
sc2mac_dat_mask[86]
sc2mac_dat_mask[87]
sc2mac_dat_mask[88]
sc2mac_dat_mask[89]
sc2mac_dat_mask[90]
sc2mac_dat_mask[91]
sc2mac_dat_mask[92]
sc2mac_dat_mask[93]
sc2mac_dat_mask[94]
sc2mac_dat_mask[95]
sc2mac_dat_mask[96]
sc2mac_dat_mask[97]
sc2mac_dat_mask[98]
sc2mac_dat_mask[99]
sc2mac_dat_mask[100]
sc2mac_dat_mask[101]
sc2mac_dat_mask[102]
sc2mac_dat_mask[103]
sc2mac_dat_mask[104]
sc2mac_dat_mask[105]
sc2mac_dat_mask[106]
sc2mac_dat_mask[107]
sc2mac_dat_mask[108]
sc2mac_dat_mask[109]
sc2mac_dat_mask[110]
sc2mac_dat_mask[111]
sc2mac_dat_mask[112]
sc2mac_dat_mask[113]
sc2mac_dat_mask[114]
sc2mac_dat_mask[115]
sc2mac_dat_mask[116]
sc2mac_dat_mask[117]
sc2mac_dat_mask[118]
sc2mac_dat_mask[119]
sc2mac_dat_mask[120]
sc2mac_dat_mask[121]
sc2mac_dat_mask[122]
sc2mac_dat_mask[123]
sc2mac_dat_mask[124]
sc2mac_dat_mask[125]
sc2mac_dat_mask[126]
sc2mac_dat_mask[127]
sc2mac_dat_pd[0]
sc2mac_dat_pd[1]
sc2mac_dat_pd[2]
sc2mac_dat_pd[3]
sc2mac_dat_pd[4]
sc2mac_dat_pd[5]
sc2mac_dat_pd[6]
sc2mac_dat_pd[7]
sc2mac_dat_pd[8]
sc2mac_dat_pvld
sc2mac_wt_data0[0]
sc2mac_wt_data0[1]
sc2mac_wt_data0[2]
sc2mac_wt_data0[3]
sc2mac_wt_data0[4]
sc2mac_wt_data0[5]
sc2mac_wt_data0[6]
sc2mac_wt_data0[7]
sc2mac_wt_data1[0]
sc2mac_wt_data1[1]
sc2mac_wt_data1[2]
sc2mac_wt_data1[3]
sc2mac_wt_data1[4]
sc2mac_wt_data1[5]
sc2mac_wt_data1[6]
sc2mac_wt_data1[7]
sc2mac_wt_data2[0]
sc2mac_wt_data2[1]
sc2mac_wt_data2[2]
sc2mac_wt_data2[3]
sc2mac_wt_data2[4]
sc2mac_wt_data2[5]
sc2mac_wt_data2[6]
sc2mac_wt_data2[7]
sc2mac_wt_data3[0]
sc2mac_wt_data3[1]
sc2mac_wt_data3[2]
sc2mac_wt_data3[3]
sc2mac_wt_data3[4]
sc2mac_wt_data3[5]
sc2mac_wt_data3[6]
sc2mac_wt_data3[7]
sc2mac_wt_data4[0]
sc2mac_wt_data4[1]
sc2mac_wt_data4[2]
sc2mac_wt_data4[3]
sc2mac_wt_data4[4]
sc2mac_wt_data4[5]
sc2mac_wt_data4[6]
sc2mac_wt_data4[7]
sc2mac_wt_data5[0]
sc2mac_wt_data5[1]
sc2mac_wt_data5[2]
sc2mac_wt_data5[3]
sc2mac_wt_data5[4]
sc2mac_wt_data5[5]
sc2mac_wt_data5[6]
sc2mac_wt_data5[7]
sc2mac_wt_data6[0]
sc2mac_wt_data6[1]
sc2mac_wt_data6[2]
sc2mac_wt_data6[3]
sc2mac_wt_data6[4]
sc2mac_wt_data6[5]
sc2mac_wt_data6[6]
sc2mac_wt_data6[7]
sc2mac_wt_data7[0]
sc2mac_wt_data7[1]
sc2mac_wt_data7[2]
sc2mac_wt_data7[3]
sc2mac_wt_data7[4]
sc2mac_wt_data7[5]
sc2mac_wt_data7[6]
sc2mac_wt_data7[7]
sc2mac_wt_data8[0]
sc2mac_wt_data8[1]
sc2mac_wt_data8[2]
sc2mac_wt_data8[3]
sc2mac_wt_data8[4]
sc2mac_wt_data8[5]
sc2mac_wt_data8[6]
sc2mac_wt_data8[7]
sc2mac_wt_data9[0]
sc2mac_wt_data9[1]
sc2mac_wt_data9[2]
sc2mac_wt_data9[3]
sc2mac_wt_data9[4]
sc2mac_wt_data9[5]
sc2mac_wt_data9[6]
sc2mac_wt_data9[7]
sc2mac_wt_data10[0]
sc2mac_wt_data10[1]
sc2mac_wt_data10[2]
sc2mac_wt_data10[3]
sc2mac_wt_data10[4]
sc2mac_wt_data10[5]
sc2mac_wt_data10[6]
sc2mac_wt_data10[7]
sc2mac_wt_data11[0]
sc2mac_wt_data11[1]
sc2mac_wt_data11[2]
sc2mac_wt_data11[3]
sc2mac_wt_data11[4]
sc2mac_wt_data11[5]
sc2mac_wt_data11[6]
sc2mac_wt_data11[7]
sc2mac_wt_data12[0]
sc2mac_wt_data12[1]
sc2mac_wt_data12[2]
sc2mac_wt_data12[3]
sc2mac_wt_data12[4]
sc2mac_wt_data12[5]
sc2mac_wt_data12[6]
sc2mac_wt_data12[7]
sc2mac_wt_data13[0]
sc2mac_wt_data13[1]
sc2mac_wt_data13[2]
sc2mac_wt_data13[3]
sc2mac_wt_data13[4]
sc2mac_wt_data13[5]
sc2mac_wt_data13[6]
sc2mac_wt_data13[7]
sc2mac_wt_data14[0]
sc2mac_wt_data14[1]
sc2mac_wt_data14[2]
sc2mac_wt_data14[3]
sc2mac_wt_data14[4]
sc2mac_wt_data14[5]
sc2mac_wt_data14[6]
sc2mac_wt_data14[7]
sc2mac_wt_data15[0]
sc2mac_wt_data15[1]
sc2mac_wt_data15[2]
sc2mac_wt_data15[3]
sc2mac_wt_data15[4]
sc2mac_wt_data15[5]
sc2mac_wt_data15[6]
sc2mac_wt_data15[7]
sc2mac_wt_data16[0]
sc2mac_wt_data16[1]
sc2mac_wt_data16[2]
sc2mac_wt_data16[3]
sc2mac_wt_data16[4]
sc2mac_wt_data16[5]
sc2mac_wt_data16[6]
sc2mac_wt_data16[7]
sc2mac_wt_data17[0]
sc2mac_wt_data17[1]
sc2mac_wt_data17[2]
sc2mac_wt_data17[3]
sc2mac_wt_data17[4]
sc2mac_wt_data17[5]
sc2mac_wt_data17[6]
sc2mac_wt_data17[7]
sc2mac_wt_data18[0]
sc2mac_wt_data18[1]
sc2mac_wt_data18[2]
sc2mac_wt_data18[3]
sc2mac_wt_data18[4]
sc2mac_wt_data18[5]
sc2mac_wt_data18[6]
sc2mac_wt_data18[7]
sc2mac_wt_data19[0]
sc2mac_wt_data19[1]
sc2mac_wt_data19[2]
sc2mac_wt_data19[3]
sc2mac_wt_data19[4]
sc2mac_wt_data19[5]
sc2mac_wt_data19[6]
sc2mac_wt_data19[7]
sc2mac_wt_data20[0]
sc2mac_wt_data20[1]
sc2mac_wt_data20[2]
sc2mac_wt_data20[3]
sc2mac_wt_data20[4]
sc2mac_wt_data20[5]
sc2mac_wt_data20[6]
sc2mac_wt_data20[7]
sc2mac_wt_data21[0]
sc2mac_wt_data21[1]
sc2mac_wt_data21[2]
sc2mac_wt_data21[3]
sc2mac_wt_data21[4]
sc2mac_wt_data21[5]
sc2mac_wt_data21[6]
sc2mac_wt_data21[7]
sc2mac_wt_data22[0]
sc2mac_wt_data22[1]
sc2mac_wt_data22[2]
sc2mac_wt_data22[3]
sc2mac_wt_data22[4]
sc2mac_wt_data22[5]
sc2mac_wt_data22[6]
sc2mac_wt_data22[7]
sc2mac_wt_data23[0]
sc2mac_wt_data23[1]
sc2mac_wt_data23[2]
sc2mac_wt_data23[3]
sc2mac_wt_data23[4]
sc2mac_wt_data23[5]
sc2mac_wt_data23[6]
sc2mac_wt_data23[7]
sc2mac_wt_data24[0]
sc2mac_wt_data24[1]
sc2mac_wt_data24[2]
sc2mac_wt_data24[3]
sc2mac_wt_data24[4]
sc2mac_wt_data24[5]
sc2mac_wt_data24[6]
sc2mac_wt_data24[7]
sc2mac_wt_data25[0]
sc2mac_wt_data25[1]
sc2mac_wt_data25[2]
sc2mac_wt_data25[3]
sc2mac_wt_data25[4]
sc2mac_wt_data25[5]
sc2mac_wt_data25[6]
sc2mac_wt_data25[7]
sc2mac_wt_data26[0]
sc2mac_wt_data26[1]
sc2mac_wt_data26[2]
sc2mac_wt_data26[3]
sc2mac_wt_data26[4]
sc2mac_wt_data26[5]
sc2mac_wt_data26[6]
sc2mac_wt_data26[7]
sc2mac_wt_data27[0]
sc2mac_wt_data27[1]
sc2mac_wt_data27[2]
sc2mac_wt_data27[3]
sc2mac_wt_data27[4]
sc2mac_wt_data27[5]
sc2mac_wt_data27[6]
sc2mac_wt_data27[7]
sc2mac_wt_data28[0]
sc2mac_wt_data28[1]
sc2mac_wt_data28[2]
sc2mac_wt_data28[3]
sc2mac_wt_data28[4]
sc2mac_wt_data28[5]
sc2mac_wt_data28[6]
sc2mac_wt_data28[7]
sc2mac_wt_data29[0]
sc2mac_wt_data29[1]
sc2mac_wt_data29[2]
sc2mac_wt_data29[3]
sc2mac_wt_data29[4]
sc2mac_wt_data29[5]
sc2mac_wt_data29[6]
sc2mac_wt_data29[7]
sc2mac_wt_data30[0]
sc2mac_wt_data30[1]
sc2mac_wt_data30[2]
sc2mac_wt_data30[3]
sc2mac_wt_data30[4]
sc2mac_wt_data30[5]
sc2mac_wt_data30[6]
sc2mac_wt_data30[7]
sc2mac_wt_data31[0]
sc2mac_wt_data31[1]
sc2mac_wt_data31[2]
sc2mac_wt_data31[3]
sc2mac_wt_data31[4]
sc2mac_wt_data31[5]
sc2mac_wt_data31[6]
sc2mac_wt_data31[7]
sc2mac_wt_data32[0]
sc2mac_wt_data32[1]
sc2mac_wt_data32[2]
sc2mac_wt_data32[3]
sc2mac_wt_data32[4]
sc2mac_wt_data32[5]
sc2mac_wt_data32[6]
sc2mac_wt_data32[7]
sc2mac_wt_data33[0]
sc2mac_wt_data33[1]
sc2mac_wt_data33[2]
sc2mac_wt_data33[3]
sc2mac_wt_data33[4]
sc2mac_wt_data33[5]
sc2mac_wt_data33[6]
sc2mac_wt_data33[7]
sc2mac_wt_data34[0]
sc2mac_wt_data34[1]
sc2mac_wt_data34[2]
sc2mac_wt_data34[3]
sc2mac_wt_data34[4]
sc2mac_wt_data34[5]
sc2mac_wt_data34[6]
sc2mac_wt_data34[7]
sc2mac_wt_data35[0]
sc2mac_wt_data35[1]
sc2mac_wt_data35[2]
sc2mac_wt_data35[3]
sc2mac_wt_data35[4]
sc2mac_wt_data35[5]
sc2mac_wt_data35[6]
sc2mac_wt_data35[7]
sc2mac_wt_data36[0]
sc2mac_wt_data36[1]
sc2mac_wt_data36[2]
sc2mac_wt_data36[3]
sc2mac_wt_data36[4]
sc2mac_wt_data36[5]
sc2mac_wt_data36[6]
sc2mac_wt_data36[7]
sc2mac_wt_data37[0]
sc2mac_wt_data37[1]
sc2mac_wt_data37[2]
sc2mac_wt_data37[3]
sc2mac_wt_data37[4]
sc2mac_wt_data37[5]
sc2mac_wt_data37[6]
sc2mac_wt_data37[7]
sc2mac_wt_data38[0]
sc2mac_wt_data38[1]
sc2mac_wt_data38[2]
sc2mac_wt_data38[3]
sc2mac_wt_data38[4]
sc2mac_wt_data38[5]
sc2mac_wt_data38[6]
sc2mac_wt_data38[7]
sc2mac_wt_data39[0]
sc2mac_wt_data39[1]
sc2mac_wt_data39[2]
sc2mac_wt_data39[3]
sc2mac_wt_data39[4]
sc2mac_wt_data39[5]
sc2mac_wt_data39[6]
sc2mac_wt_data39[7]
sc2mac_wt_data40[0]
sc2mac_wt_data40[1]
sc2mac_wt_data40[2]
sc2mac_wt_data40[3]
sc2mac_wt_data40[4]
sc2mac_wt_data40[5]
sc2mac_wt_data40[6]
sc2mac_wt_data40[7]
sc2mac_wt_data41[0]
sc2mac_wt_data41[1]
sc2mac_wt_data41[2]
sc2mac_wt_data41[3]
sc2mac_wt_data41[4]
sc2mac_wt_data41[5]
sc2mac_wt_data41[6]
sc2mac_wt_data41[7]
sc2mac_wt_data42[0]
sc2mac_wt_data42[1]
sc2mac_wt_data42[2]
sc2mac_wt_data42[3]
sc2mac_wt_data42[4]
sc2mac_wt_data42[5]
sc2mac_wt_data42[6]
sc2mac_wt_data42[7]
sc2mac_wt_data43[0]
sc2mac_wt_data43[1]
sc2mac_wt_data43[2]
sc2mac_wt_data43[3]
sc2mac_wt_data43[4]
sc2mac_wt_data43[5]
sc2mac_wt_data43[6]
sc2mac_wt_data43[7]
sc2mac_wt_data44[0]
sc2mac_wt_data44[1]
sc2mac_wt_data44[2]
sc2mac_wt_data44[3]
sc2mac_wt_data44[4]
sc2mac_wt_data44[5]
sc2mac_wt_data44[6]
sc2mac_wt_data44[7]
sc2mac_wt_data45[0]
sc2mac_wt_data45[1]
sc2mac_wt_data45[2]
sc2mac_wt_data45[3]
sc2mac_wt_data45[4]
sc2mac_wt_data45[5]
sc2mac_wt_data45[6]
sc2mac_wt_data45[7]
sc2mac_wt_data46[0]
sc2mac_wt_data46[1]
sc2mac_wt_data46[2]
sc2mac_wt_data46[3]
sc2mac_wt_data46[4]
sc2mac_wt_data46[5]
sc2mac_wt_data46[6]
sc2mac_wt_data46[7]
sc2mac_wt_data47[0]
sc2mac_wt_data47[1]
sc2mac_wt_data47[2]
sc2mac_wt_data47[3]
sc2mac_wt_data47[4]
sc2mac_wt_data47[5]
sc2mac_wt_data47[6]
sc2mac_wt_data47[7]
sc2mac_wt_data48[0]
sc2mac_wt_data48[1]
sc2mac_wt_data48[2]
sc2mac_wt_data48[3]
sc2mac_wt_data48[4]
sc2mac_wt_data48[5]
sc2mac_wt_data48[6]
sc2mac_wt_data48[7]
sc2mac_wt_data49[0]
sc2mac_wt_data49[1]
sc2mac_wt_data49[2]
sc2mac_wt_data49[3]
sc2mac_wt_data49[4]
sc2mac_wt_data49[5]
sc2mac_wt_data49[6]
sc2mac_wt_data49[7]
sc2mac_wt_data50[0]
sc2mac_wt_data50[1]
sc2mac_wt_data50[2]
sc2mac_wt_data50[3]
sc2mac_wt_data50[4]
sc2mac_wt_data50[5]
sc2mac_wt_data50[6]
sc2mac_wt_data50[7]
sc2mac_wt_data51[0]
sc2mac_wt_data51[1]
sc2mac_wt_data51[2]
sc2mac_wt_data51[3]
sc2mac_wt_data51[4]
sc2mac_wt_data51[5]
sc2mac_wt_data51[6]
sc2mac_wt_data51[7]
sc2mac_wt_data52[0]
sc2mac_wt_data52[1]
sc2mac_wt_data52[2]
sc2mac_wt_data52[3]
sc2mac_wt_data52[4]
sc2mac_wt_data52[5]
sc2mac_wt_data52[6]
sc2mac_wt_data52[7]
sc2mac_wt_data53[0]
sc2mac_wt_data53[1]
sc2mac_wt_data53[2]
sc2mac_wt_data53[3]
sc2mac_wt_data53[4]
sc2mac_wt_data53[5]
sc2mac_wt_data53[6]
sc2mac_wt_data53[7]
sc2mac_wt_data54[0]
sc2mac_wt_data54[1]
sc2mac_wt_data54[2]
sc2mac_wt_data54[3]
sc2mac_wt_data54[4]
sc2mac_wt_data54[5]
sc2mac_wt_data54[6]
sc2mac_wt_data54[7]
sc2mac_wt_data55[0]
sc2mac_wt_data55[1]
sc2mac_wt_data55[2]
sc2mac_wt_data55[3]
sc2mac_wt_data55[4]
sc2mac_wt_data55[5]
sc2mac_wt_data55[6]
sc2mac_wt_data55[7]
sc2mac_wt_data56[0]
sc2mac_wt_data56[1]
sc2mac_wt_data56[2]
sc2mac_wt_data56[3]
sc2mac_wt_data56[4]
sc2mac_wt_data56[5]
sc2mac_wt_data56[6]
sc2mac_wt_data56[7]
sc2mac_wt_data57[0]
sc2mac_wt_data57[1]
sc2mac_wt_data57[2]
sc2mac_wt_data57[3]
sc2mac_wt_data57[4]
sc2mac_wt_data57[5]
sc2mac_wt_data57[6]
sc2mac_wt_data57[7]
sc2mac_wt_data58[0]
sc2mac_wt_data58[1]
sc2mac_wt_data58[2]
sc2mac_wt_data58[3]
sc2mac_wt_data58[4]
sc2mac_wt_data58[5]
sc2mac_wt_data58[6]
sc2mac_wt_data58[7]
sc2mac_wt_data59[0]
sc2mac_wt_data59[1]
sc2mac_wt_data59[2]
sc2mac_wt_data59[3]
sc2mac_wt_data59[4]
sc2mac_wt_data59[5]
sc2mac_wt_data59[6]
sc2mac_wt_data59[7]
sc2mac_wt_data60[0]
sc2mac_wt_data60[1]
sc2mac_wt_data60[2]
sc2mac_wt_data60[3]
sc2mac_wt_data60[4]
sc2mac_wt_data60[5]
sc2mac_wt_data60[6]
sc2mac_wt_data60[7]
sc2mac_wt_data61[0]
sc2mac_wt_data61[1]
sc2mac_wt_data61[2]
sc2mac_wt_data61[3]
sc2mac_wt_data61[4]
sc2mac_wt_data61[5]
sc2mac_wt_data61[6]
sc2mac_wt_data61[7]
sc2mac_wt_data62[0]
sc2mac_wt_data62[1]
sc2mac_wt_data62[2]
sc2mac_wt_data62[3]
sc2mac_wt_data62[4]
sc2mac_wt_data62[5]
sc2mac_wt_data62[6]
sc2mac_wt_data62[7]
sc2mac_wt_data63[0]
sc2mac_wt_data63[1]
sc2mac_wt_data63[2]
sc2mac_wt_data63[3]
sc2mac_wt_data63[4]
sc2mac_wt_data63[5]
sc2mac_wt_data63[6]
sc2mac_wt_data63[7]
sc2mac_wt_data64[0]
sc2mac_wt_data64[1]
sc2mac_wt_data64[2]
sc2mac_wt_data64[3]
sc2mac_wt_data64[4]
sc2mac_wt_data64[5]
sc2mac_wt_data64[6]
sc2mac_wt_data64[7]
sc2mac_wt_data65[0]
sc2mac_wt_data65[1]
sc2mac_wt_data65[2]
sc2mac_wt_data65[3]
sc2mac_wt_data65[4]
sc2mac_wt_data65[5]
sc2mac_wt_data65[6]
sc2mac_wt_data65[7]
sc2mac_wt_data66[0]
sc2mac_wt_data66[1]
sc2mac_wt_data66[2]
sc2mac_wt_data66[3]
sc2mac_wt_data66[4]
sc2mac_wt_data66[5]
sc2mac_wt_data66[6]
sc2mac_wt_data66[7]
sc2mac_wt_data67[0]
sc2mac_wt_data67[1]
sc2mac_wt_data67[2]
sc2mac_wt_data67[3]
sc2mac_wt_data67[4]
sc2mac_wt_data67[5]
sc2mac_wt_data67[6]
sc2mac_wt_data67[7]
sc2mac_wt_data68[0]
sc2mac_wt_data68[1]
sc2mac_wt_data68[2]
sc2mac_wt_data68[3]
sc2mac_wt_data68[4]
sc2mac_wt_data68[5]
sc2mac_wt_data68[6]
sc2mac_wt_data68[7]
sc2mac_wt_data69[0]
sc2mac_wt_data69[1]
sc2mac_wt_data69[2]
sc2mac_wt_data69[3]
sc2mac_wt_data69[4]
sc2mac_wt_data69[5]
sc2mac_wt_data69[6]
sc2mac_wt_data69[7]
sc2mac_wt_data70[0]
sc2mac_wt_data70[1]
sc2mac_wt_data70[2]
sc2mac_wt_data70[3]
sc2mac_wt_data70[4]
sc2mac_wt_data70[5]
sc2mac_wt_data70[6]
sc2mac_wt_data70[7]
sc2mac_wt_data71[0]
sc2mac_wt_data71[1]
sc2mac_wt_data71[2]
sc2mac_wt_data71[3]
sc2mac_wt_data71[4]
sc2mac_wt_data71[5]
sc2mac_wt_data71[6]
sc2mac_wt_data71[7]
sc2mac_wt_data72[0]
sc2mac_wt_data72[1]
sc2mac_wt_data72[2]
sc2mac_wt_data72[3]
sc2mac_wt_data72[4]
sc2mac_wt_data72[5]
sc2mac_wt_data72[6]
sc2mac_wt_data72[7]
sc2mac_wt_data73[0]
sc2mac_wt_data73[1]
sc2mac_wt_data73[2]
sc2mac_wt_data73[3]
sc2mac_wt_data73[4]
sc2mac_wt_data73[5]
sc2mac_wt_data73[6]
sc2mac_wt_data73[7]
sc2mac_wt_data74[0]
sc2mac_wt_data74[1]
sc2mac_wt_data74[2]
sc2mac_wt_data74[3]
sc2mac_wt_data74[4]
sc2mac_wt_data74[5]
sc2mac_wt_data74[6]
sc2mac_wt_data74[7]
sc2mac_wt_data75[0]
sc2mac_wt_data75[1]
sc2mac_wt_data75[2]
sc2mac_wt_data75[3]
sc2mac_wt_data75[4]
sc2mac_wt_data75[5]
sc2mac_wt_data75[6]
sc2mac_wt_data75[7]
sc2mac_wt_data76[0]
sc2mac_wt_data76[1]
sc2mac_wt_data76[2]
sc2mac_wt_data76[3]
sc2mac_wt_data76[4]
sc2mac_wt_data76[5]
sc2mac_wt_data76[6]
sc2mac_wt_data76[7]
sc2mac_wt_data77[0]
sc2mac_wt_data77[1]
sc2mac_wt_data77[2]
sc2mac_wt_data77[3]
sc2mac_wt_data77[4]
sc2mac_wt_data77[5]
sc2mac_wt_data77[6]
sc2mac_wt_data77[7]
sc2mac_wt_data78[0]
sc2mac_wt_data78[1]
sc2mac_wt_data78[2]
sc2mac_wt_data78[3]
sc2mac_wt_data78[4]
sc2mac_wt_data78[5]
sc2mac_wt_data78[6]
sc2mac_wt_data78[7]
sc2mac_wt_data79[0]
sc2mac_wt_data79[1]
sc2mac_wt_data79[2]
sc2mac_wt_data79[3]
sc2mac_wt_data79[4]
sc2mac_wt_data79[5]
sc2mac_wt_data79[6]
sc2mac_wt_data79[7]
sc2mac_wt_data80[0]
sc2mac_wt_data80[1]
sc2mac_wt_data80[2]
sc2mac_wt_data80[3]
sc2mac_wt_data80[4]
sc2mac_wt_data80[5]
sc2mac_wt_data80[6]
sc2mac_wt_data80[7]
sc2mac_wt_data81[0]
sc2mac_wt_data81[1]
sc2mac_wt_data81[2]
sc2mac_wt_data81[3]
sc2mac_wt_data81[4]
sc2mac_wt_data81[5]
sc2mac_wt_data81[6]
sc2mac_wt_data81[7]
sc2mac_wt_data82[0]
sc2mac_wt_data82[1]
sc2mac_wt_data82[2]
sc2mac_wt_data82[3]
sc2mac_wt_data82[4]
sc2mac_wt_data82[5]
sc2mac_wt_data82[6]
sc2mac_wt_data82[7]
sc2mac_wt_data83[0]
sc2mac_wt_data83[1]
sc2mac_wt_data83[2]
sc2mac_wt_data83[3]
sc2mac_wt_data83[4]
sc2mac_wt_data83[5]
sc2mac_wt_data83[6]
sc2mac_wt_data83[7]
sc2mac_wt_data84[0]
sc2mac_wt_data84[1]
sc2mac_wt_data84[2]
sc2mac_wt_data84[3]
sc2mac_wt_data84[4]
sc2mac_wt_data84[5]
sc2mac_wt_data84[6]
sc2mac_wt_data84[7]
sc2mac_wt_data85[0]
sc2mac_wt_data85[1]
sc2mac_wt_data85[2]
sc2mac_wt_data85[3]
sc2mac_wt_data85[4]
sc2mac_wt_data85[5]
sc2mac_wt_data85[6]
sc2mac_wt_data85[7]
sc2mac_wt_data86[0]
sc2mac_wt_data86[1]
sc2mac_wt_data86[2]
sc2mac_wt_data86[3]
sc2mac_wt_data86[4]
sc2mac_wt_data86[5]
sc2mac_wt_data86[6]
sc2mac_wt_data86[7]
sc2mac_wt_data87[0]
sc2mac_wt_data87[1]
sc2mac_wt_data87[2]
sc2mac_wt_data87[3]
sc2mac_wt_data87[4]
sc2mac_wt_data87[5]
sc2mac_wt_data87[6]
sc2mac_wt_data87[7]
sc2mac_wt_data88[0]
sc2mac_wt_data88[1]
sc2mac_wt_data88[2]
sc2mac_wt_data88[3]
sc2mac_wt_data88[4]
sc2mac_wt_data88[5]
sc2mac_wt_data88[6]
sc2mac_wt_data88[7]
sc2mac_wt_data89[0]
sc2mac_wt_data89[1]
sc2mac_wt_data89[2]
sc2mac_wt_data89[3]
sc2mac_wt_data89[4]
sc2mac_wt_data89[5]
sc2mac_wt_data89[6]
sc2mac_wt_data89[7]
sc2mac_wt_data90[0]
sc2mac_wt_data90[1]
sc2mac_wt_data90[2]
sc2mac_wt_data90[3]
sc2mac_wt_data90[4]
sc2mac_wt_data90[5]
sc2mac_wt_data90[6]
sc2mac_wt_data90[7]
sc2mac_wt_data91[0]
sc2mac_wt_data91[1]
sc2mac_wt_data91[2]
sc2mac_wt_data91[3]
sc2mac_wt_data91[4]
sc2mac_wt_data91[5]
sc2mac_wt_data91[6]
sc2mac_wt_data91[7]
sc2mac_wt_data92[0]
sc2mac_wt_data92[1]
sc2mac_wt_data92[2]
sc2mac_wt_data92[3]
sc2mac_wt_data92[4]
sc2mac_wt_data92[5]
sc2mac_wt_data92[6]
sc2mac_wt_data92[7]
sc2mac_wt_data93[0]
sc2mac_wt_data93[1]
sc2mac_wt_data93[2]
sc2mac_wt_data93[3]
sc2mac_wt_data93[4]
sc2mac_wt_data93[5]
sc2mac_wt_data93[6]
sc2mac_wt_data93[7]
sc2mac_wt_data94[0]
sc2mac_wt_data94[1]
sc2mac_wt_data94[2]
sc2mac_wt_data94[3]
sc2mac_wt_data94[4]
sc2mac_wt_data94[5]
sc2mac_wt_data94[6]
sc2mac_wt_data94[7]
sc2mac_wt_data95[0]
sc2mac_wt_data95[1]
sc2mac_wt_data95[2]
sc2mac_wt_data95[3]
sc2mac_wt_data95[4]
sc2mac_wt_data95[5]
sc2mac_wt_data95[6]
sc2mac_wt_data95[7]
sc2mac_wt_data96[0]
sc2mac_wt_data96[1]
sc2mac_wt_data96[2]
sc2mac_wt_data96[3]
sc2mac_wt_data96[4]
sc2mac_wt_data96[5]
sc2mac_wt_data96[6]
sc2mac_wt_data96[7]
sc2mac_wt_data97[0]
sc2mac_wt_data97[1]
sc2mac_wt_data97[2]
sc2mac_wt_data97[3]
sc2mac_wt_data97[4]
sc2mac_wt_data97[5]
sc2mac_wt_data97[6]
sc2mac_wt_data97[7]
sc2mac_wt_data98[0]
sc2mac_wt_data98[1]
sc2mac_wt_data98[2]
sc2mac_wt_data98[3]
sc2mac_wt_data98[4]
sc2mac_wt_data98[5]
sc2mac_wt_data98[6]
sc2mac_wt_data98[7]
sc2mac_wt_data99[0]
sc2mac_wt_data99[1]
sc2mac_wt_data99[2]
sc2mac_wt_data99[3]
sc2mac_wt_data99[4]
sc2mac_wt_data99[5]
sc2mac_wt_data99[6]
sc2mac_wt_data99[7]
sc2mac_wt_data100[0]
sc2mac_wt_data100[1]
sc2mac_wt_data100[2]
sc2mac_wt_data100[3]
sc2mac_wt_data100[4]
sc2mac_wt_data100[5]
sc2mac_wt_data100[6]
sc2mac_wt_data100[7]
sc2mac_wt_data101[0]
sc2mac_wt_data101[1]
sc2mac_wt_data101[2]
sc2mac_wt_data101[3]
sc2mac_wt_data101[4]
sc2mac_wt_data101[5]
sc2mac_wt_data101[6]
sc2mac_wt_data101[7]
sc2mac_wt_data102[0]
sc2mac_wt_data102[1]
sc2mac_wt_data102[2]
sc2mac_wt_data102[3]
sc2mac_wt_data102[4]
sc2mac_wt_data102[5]
sc2mac_wt_data102[6]
sc2mac_wt_data102[7]
sc2mac_wt_data103[0]
sc2mac_wt_data103[1]
sc2mac_wt_data103[2]
sc2mac_wt_data103[3]
sc2mac_wt_data103[4]
sc2mac_wt_data103[5]
sc2mac_wt_data103[6]
sc2mac_wt_data103[7]
sc2mac_wt_data104[0]
sc2mac_wt_data104[1]
sc2mac_wt_data104[2]
sc2mac_wt_data104[3]
sc2mac_wt_data104[4]
sc2mac_wt_data104[5]
sc2mac_wt_data104[6]
sc2mac_wt_data104[7]
sc2mac_wt_data105[0]
sc2mac_wt_data105[1]
sc2mac_wt_data105[2]
sc2mac_wt_data105[3]
sc2mac_wt_data105[4]
sc2mac_wt_data105[5]
sc2mac_wt_data105[6]
sc2mac_wt_data105[7]
sc2mac_wt_data106[0]
sc2mac_wt_data106[1]
sc2mac_wt_data106[2]
sc2mac_wt_data106[3]
sc2mac_wt_data106[4]
sc2mac_wt_data106[5]
sc2mac_wt_data106[6]
sc2mac_wt_data106[7]
sc2mac_wt_data107[0]
sc2mac_wt_data107[1]
sc2mac_wt_data107[2]
sc2mac_wt_data107[3]
sc2mac_wt_data107[4]
sc2mac_wt_data107[5]
sc2mac_wt_data107[6]
sc2mac_wt_data107[7]
sc2mac_wt_data108[0]
sc2mac_wt_data108[1]
sc2mac_wt_data108[2]
sc2mac_wt_data108[3]
sc2mac_wt_data108[4]
sc2mac_wt_data108[5]
sc2mac_wt_data108[6]
sc2mac_wt_data108[7]
sc2mac_wt_data109[0]
sc2mac_wt_data109[1]
sc2mac_wt_data109[2]
sc2mac_wt_data109[3]
sc2mac_wt_data109[4]
sc2mac_wt_data109[5]
sc2mac_wt_data109[6]
sc2mac_wt_data109[7]
sc2mac_wt_data110[0]
sc2mac_wt_data110[1]
sc2mac_wt_data110[2]
sc2mac_wt_data110[3]
sc2mac_wt_data110[4]
sc2mac_wt_data110[5]
sc2mac_wt_data110[6]
sc2mac_wt_data110[7]
sc2mac_wt_data111[0]
sc2mac_wt_data111[1]
sc2mac_wt_data111[2]
sc2mac_wt_data111[3]
sc2mac_wt_data111[4]
sc2mac_wt_data111[5]
sc2mac_wt_data111[6]
sc2mac_wt_data111[7]
sc2mac_wt_data112[0]
sc2mac_wt_data112[1]
sc2mac_wt_data112[2]
sc2mac_wt_data112[3]
sc2mac_wt_data112[4]
sc2mac_wt_data112[5]
sc2mac_wt_data112[6]
sc2mac_wt_data112[7]
sc2mac_wt_data113[0]
sc2mac_wt_data113[1]
sc2mac_wt_data113[2]
sc2mac_wt_data113[3]
sc2mac_wt_data113[4]
sc2mac_wt_data113[5]
sc2mac_wt_data113[6]
sc2mac_wt_data113[7]
sc2mac_wt_data114[0]
sc2mac_wt_data114[1]
sc2mac_wt_data114[2]
sc2mac_wt_data114[3]
sc2mac_wt_data114[4]
sc2mac_wt_data114[5]
sc2mac_wt_data114[6]
sc2mac_wt_data114[7]
sc2mac_wt_data115[0]
sc2mac_wt_data115[1]
sc2mac_wt_data115[2]
sc2mac_wt_data115[3]
sc2mac_wt_data115[4]
sc2mac_wt_data115[5]
sc2mac_wt_data115[6]
sc2mac_wt_data115[7]
sc2mac_wt_data116[0]
sc2mac_wt_data116[1]
sc2mac_wt_data116[2]
sc2mac_wt_data116[3]
sc2mac_wt_data116[4]
sc2mac_wt_data116[5]
sc2mac_wt_data116[6]
sc2mac_wt_data116[7]
sc2mac_wt_data117[0]
sc2mac_wt_data117[1]
sc2mac_wt_data117[2]
sc2mac_wt_data117[3]
sc2mac_wt_data117[4]
sc2mac_wt_data117[5]
sc2mac_wt_data117[6]
sc2mac_wt_data117[7]
sc2mac_wt_data118[0]
sc2mac_wt_data118[1]
sc2mac_wt_data118[2]
sc2mac_wt_data118[3]
sc2mac_wt_data118[4]
sc2mac_wt_data118[5]
sc2mac_wt_data118[6]
sc2mac_wt_data118[7]
sc2mac_wt_data119[0]
sc2mac_wt_data119[1]
sc2mac_wt_data119[2]
sc2mac_wt_data119[3]
sc2mac_wt_data119[4]
sc2mac_wt_data119[5]
sc2mac_wt_data119[6]
sc2mac_wt_data119[7]
sc2mac_wt_data120[0]
sc2mac_wt_data120[1]
sc2mac_wt_data120[2]
sc2mac_wt_data120[3]
sc2mac_wt_data120[4]
sc2mac_wt_data120[5]
sc2mac_wt_data120[6]
sc2mac_wt_data120[7]
sc2mac_wt_data121[0]
sc2mac_wt_data121[1]
sc2mac_wt_data121[2]
sc2mac_wt_data121[3]
sc2mac_wt_data121[4]
sc2mac_wt_data121[5]
sc2mac_wt_data121[6]
sc2mac_wt_data121[7]
sc2mac_wt_data122[0]
sc2mac_wt_data122[1]
sc2mac_wt_data122[2]
sc2mac_wt_data122[3]
sc2mac_wt_data122[4]
sc2mac_wt_data122[5]
sc2mac_wt_data122[6]
sc2mac_wt_data122[7]
sc2mac_wt_data123[0]
sc2mac_wt_data123[1]
sc2mac_wt_data123[2]
sc2mac_wt_data123[3]
sc2mac_wt_data123[4]
sc2mac_wt_data123[5]
sc2mac_wt_data123[6]
sc2mac_wt_data123[7]
sc2mac_wt_data124[0]
sc2mac_wt_data124[1]
sc2mac_wt_data124[2]
sc2mac_wt_data124[3]
sc2mac_wt_data124[4]
sc2mac_wt_data124[5]
sc2mac_wt_data124[6]
sc2mac_wt_data124[7]
sc2mac_wt_data125[0]
sc2mac_wt_data125[1]
sc2mac_wt_data125[2]
sc2mac_wt_data125[3]
sc2mac_wt_data125[4]
sc2mac_wt_data125[5]
sc2mac_wt_data125[6]
sc2mac_wt_data125[7]
sc2mac_wt_data126[0]
sc2mac_wt_data126[1]
sc2mac_wt_data126[2]
sc2mac_wt_data126[3]
sc2mac_wt_data126[4]
sc2mac_wt_data126[5]
sc2mac_wt_data126[6]
sc2mac_wt_data126[7]
sc2mac_wt_data127[0]
sc2mac_wt_data127[1]
sc2mac_wt_data127[2]
sc2mac_wt_data127[3]
sc2mac_wt_data127[4]
sc2mac_wt_data127[5]
sc2mac_wt_data127[6]
sc2mac_wt_data127[7]
sc2mac_wt_mask[0]
sc2mac_wt_mask[1]
sc2mac_wt_mask[2]
sc2mac_wt_mask[3]
sc2mac_wt_mask[4]
sc2mac_wt_mask[5]
sc2mac_wt_mask[6]
sc2mac_wt_mask[7]
sc2mac_wt_mask[8]
sc2mac_wt_mask[9]
sc2mac_wt_mask[10]
sc2mac_wt_mask[11]
sc2mac_wt_mask[12]
sc2mac_wt_mask[13]
sc2mac_wt_mask[14]
sc2mac_wt_mask[15]
sc2mac_wt_mask[16]
sc2mac_wt_mask[17]
sc2mac_wt_mask[18]
sc2mac_wt_mask[19]
sc2mac_wt_mask[20]
sc2mac_wt_mask[21]
sc2mac_wt_mask[22]
sc2mac_wt_mask[23]
sc2mac_wt_mask[24]
sc2mac_wt_mask[25]
sc2mac_wt_mask[26]
sc2mac_wt_mask[27]
sc2mac_wt_mask[28]
sc2mac_wt_mask[29]
sc2mac_wt_mask[30]
sc2mac_wt_mask[31]
sc2mac_wt_mask[32]
sc2mac_wt_mask[33]
sc2mac_wt_mask[34]
sc2mac_wt_mask[35]
sc2mac_wt_mask[36]
sc2mac_wt_mask[37]
sc2mac_wt_mask[38]
sc2mac_wt_mask[39]
sc2mac_wt_mask[40]
sc2mac_wt_mask[41]
sc2mac_wt_mask[42]
sc2mac_wt_mask[43]
sc2mac_wt_mask[44]
sc2mac_wt_mask[45]
sc2mac_wt_mask[46]
sc2mac_wt_mask[47]
sc2mac_wt_mask[48]
sc2mac_wt_mask[49]
sc2mac_wt_mask[50]
sc2mac_wt_mask[51]
sc2mac_wt_mask[52]
sc2mac_wt_mask[53]
sc2mac_wt_mask[54]
sc2mac_wt_mask[55]
sc2mac_wt_mask[56]
sc2mac_wt_mask[57]
sc2mac_wt_mask[58]
sc2mac_wt_mask[59]
sc2mac_wt_mask[60]
sc2mac_wt_mask[61]
sc2mac_wt_mask[62]
sc2mac_wt_mask[63]
sc2mac_wt_mask[64]
sc2mac_wt_mask[65]
sc2mac_wt_mask[66]
sc2mac_wt_mask[67]
sc2mac_wt_mask[68]
sc2mac_wt_mask[69]
sc2mac_wt_mask[70]
sc2mac_wt_mask[71]
sc2mac_wt_mask[72]
sc2mac_wt_mask[73]
sc2mac_wt_mask[74]
sc2mac_wt_mask[75]
sc2mac_wt_mask[76]
sc2mac_wt_mask[77]
sc2mac_wt_mask[78]
sc2mac_wt_mask[79]
sc2mac_wt_mask[80]
sc2mac_wt_mask[81]
sc2mac_wt_mask[82]
sc2mac_wt_mask[83]
sc2mac_wt_mask[84]
sc2mac_wt_mask[85]
sc2mac_wt_mask[86]
sc2mac_wt_mask[87]
sc2mac_wt_mask[88]
sc2mac_wt_mask[89]
sc2mac_wt_mask[90]
sc2mac_wt_mask[91]
sc2mac_wt_mask[92]
sc2mac_wt_mask[93]
sc2mac_wt_mask[94]
sc2mac_wt_mask[95]
sc2mac_wt_mask[96]
sc2mac_wt_mask[97]
sc2mac_wt_mask[98]
sc2mac_wt_mask[99]
sc2mac_wt_mask[100]
sc2mac_wt_mask[101]
sc2mac_wt_mask[102]
sc2mac_wt_mask[103]
sc2mac_wt_mask[104]
sc2mac_wt_mask[105]
sc2mac_wt_mask[106]
sc2mac_wt_mask[107]
sc2mac_wt_mask[108]
sc2mac_wt_mask[109]
sc2mac_wt_mask[110]
sc2mac_wt_mask[111]
sc2mac_wt_mask[112]
sc2mac_wt_mask[113]
sc2mac_wt_mask[114]
sc2mac_wt_mask[115]
sc2mac_wt_mask[116]
sc2mac_wt_mask[117]
sc2mac_wt_mask[118]
sc2mac_wt_mask[119]
sc2mac_wt_mask[120]
sc2mac_wt_mask[121]
sc2mac_wt_mask[122]
sc2mac_wt_mask[123]
sc2mac_wt_mask[124]
sc2mac_wt_mask[125]
sc2mac_wt_mask[126]
sc2mac_wt_mask[127]
sc2mac_wt_pvld
sc2mac_wt_sel[0]
sc2mac_wt_sel[1]
sc2mac_wt_sel[2]
sc2mac_wt_sel[3]
sc2mac_wt_sel[4]
sc2mac_wt_sel[5]
sc2mac_wt_sel[6]
sc2mac_wt_sel[7]
scan_enable
scan_in
test_mode
test_si2
test_si3
test_si4
test_si5
test_si6
test_si7
test_si8
test_si9
test_si10
test_si11
test_si12
test_si13
test_si14
test_si15
test_si16
test_si17
test_si18
test_si19
test_si20
test_si21
test_si22
test_si23
test_si24
test_si25
test_si26
test_si27
test_si28
test_si29
test_si30
test_si31
test_si32

Information: Checking 'no_driving_cell'.
Information: Checking 'unconstrained_endpoints'.
Warning: There are 1473 endpoints which are not constrained for maximum delay.

Endpoint
--------------------------------------------------------------------------------
mac2accu_data1[170]
mac2accu_data1[166]
mac2accu_data1[162]
mac2accu_data1[158]
mac2accu_data1[146]
mac2accu_data0[14]
mac2accu_data0[10]
mac2accu_data0[6]
mac2accu_data0[2]
mac2accu_data1[174]
mac2accu_data0[38]
mac2accu_data0[34]
mac2accu_data0[30]
mac2accu_data0[26]
mac2accu_data0[22]
mac2accu_data0[18]
mac2accu_data0[58]
mac2accu_data0[54]
mac2accu_data0[50]
mac2accu_data0[46]
mac2accu_data0[42]
mac2accu_data0[78]
mac2accu_data0[74]
mac2accu_data0[70]
mac2accu_data0[66]
mac2accu_data0[62]
mac2accu_data0[98]
mac2accu_data0[90]
mac2accu_data0[94]
mac2accu_data0[86]
mac2accu_data0[82]
mac2accu_data0[118]
mac2accu_data0[110]
mac2accu_data0[114]
mac2accu_data0[106]
mac2accu_data0[102]
mac2accu_data0[138]
mac2accu_data0[134]
mac2accu_data0[126]
mac2accu_data0[130]
mac2accu_data0[122]
mac2accu_data0[158]
mac2accu_data0[154]
mac2accu_data0[150]
mac2accu_data0[146]
mac2accu_data0[142]
cmac_a2csb_resp_pd[0]
mac2accu_data0[174]
mac2accu_data0[170]
mac2accu_data0[162]
mac2accu_data0[166]
cmac_a2csb_resp_pd[16]
cmac_a2csb_resp_pd[12]
mac2accu_data4[150]
mac2accu_data7[17]
mac2accu_data4[142]
mac2accu_data7[9]
mac2accu_data4[134]
mac2accu_data7[41]
mac2accu_data4[166]
mac2accu_data7[33]
mac2accu_data7[25]
mac2accu_data4[158]
mac2accu_data7[65]
mac2accu_data2[14]
mac2accu_data7[57]
mac2accu_data2[6]
mac2accu_data7[49]
mac2accu_data4[174]
mac2accu_data7[81]
mac2accu_data2[38]
mac2accu_data2[30]
mac2accu_data7[73]
mac2accu_data2[22]
mac2accu_data2[54]
mac2accu_data2[46]
test_so24
mac2accu_data2[80]
mac2accu_data2[70]
mac2accu_data2[62]
test_so8
mac2accu_data2[96]
test_so16
mac2accu_data2[88]
mac2accu_data7[1]
mac2accu_data2[132]
mac2accu_pd[7]
mac2accu_data2[112]
mac2accu_pvld
mac2accu_data2[104]
mac2accu_data6[9]
mac2accu_data2[148]
mac2accu_data6[1]
mac2accu_data2[140]
mac2accu_data7[169]
mac2accu_data6[33]
mac2accu_data1[0]
mac2accu_data6[25]
mac2accu_data2[168]
mac2accu_data6[17]
mac2accu_data2[156]
mac2accu_data6[49]
mac2accu_data1[25]
mac2accu_data1[17]
mac2accu_data6[41]
mac2accu_data1[9]
mac2accu_data6[73]
mac2accu_data1[41]
mac2accu_data6[65]
mac2accu_data1[33]
mac2accu_data6[57]
mac2accu_data7[105]
mac2accu_data1[82]
mac2accu_data7[97]
mac2accu_data1[57]
mac2accu_mode[2]
mac2accu_data7[89]
mac2accu_data1[49]
mac2accu_data7[121]
mac2accu_data1[98]
mac2accu_data7[113]
mac2accu_data1[90]
mac2accu_data7[145]
mac2accu_data1[122]
mac2accu_data1[114]
mac2accu_data7[137]
mac2accu_data7[129]
mac2accu_data1[106]
mac2accu_data7[161]
mac2accu_data1[138]
mac2accu_data7[153]
mac2accu_data1[130]
mac2accu_data6[174]
mac2accu_data6[169]
mac2accu_data6[162]
mac2accu_data6[165]
mac2accu_data6[158]
mac2accu_data3[91]
mac2accu_data5[21]
mac2accu_data5[18]
mac2accu_data3[88]
mac2accu_data5[14]
mac2accu_data3[45]
mac2accu_data5[9]
mac2accu_mode[0]
mac2accu_data5[2]
mac2accu_data5[5]
mac2accu_data5[41]
mac2accu_data5[37]
mac2accu_data5[34]
mac2accu_data5[30]
mac2accu_data5[25]
mac2accu_mask[0]
mac2accu_data5[62]
mac2accu_data5[57]
mac2accu_data5[53]
mac2accu_data5[50]
mac2accu_data5[46]
mac2accu_data5[82]
mac2accu_data5[78]
mac2accu_data3[10]
mac2accu_data6[85]
mac2accu_data6[89]
mac2accu_mode[1]
mac2accu_data3[6]
mac2accu_data3[175]
mac2accu_data5[66]
mac2accu_data3[41]
mac2accu_data6[105]
mac2accu_data5[98]
mac2accu_data5[94]
mac2accu_data3[26]
mac2accu_data6[101]
mac2accu_data3[22]
mac2accu_data3[66]
mac2accu_data6[133]
mac2accu_data3[62]
mac2accu_data5[114]
mac2accu_data3[116]
mac2accu_data3[120]
mac2accu_data6[121]
mac2accu_data5[110]
mac2accu_data3[47]
mac2accu_data6[117]
mac2accu_data3[171]
mac2accu_data6[153]
mac2accu_data5[142]
mac2accu_data3[78]
mac2accu_data3[82]
mac2accu_data6[149]
mac2accu_data5[130]
mac2accu_data3[138]
mac2accu_data3[159]
mac2accu_data6[137]
mac2accu_data5[126]
mac2accu_data3[126]
mac2accu_data5[162]
mac2accu_data3[112]
mac2accu_data5[158]
mac2accu_data3[105]
mac2accu_data3[109]
mac2accu_data5[153]
mac2accu_data3[95]
mac2accu_data5[149]
mac2accu_data5[146]
mac2accu_data3[155]
mac2accu_data4[9]
mac2accu_data4[5]
mac2accu_data3[150]
mac2accu_data4[2]
mac2accu_data3[143]
mac2accu_data3[146]
mac2accu_data5[174]
mac2accu_data3[139]
mac2accu_data5[169]
mac2accu_data5[165]
mac2accu_data1[59]
mac2accu_data1[63]
mac2accu_data4[25]
mac2accu_data2[160]
mac2accu_data4[21]
mac2accu_data2[124]
mac2accu_data4[18]
mac2accu_data2[116]
mac2accu_data2[119]
mac2accu_data4[14]
mac2accu_data1[151]
mac2accu_data1[155]
mac2accu_data4[50]
mac2accu_data4[46]
mac2accu_data1[148]
mac2accu_data4[41]
mac2accu_data1[72]
mac2accu_data4[37]
mac2accu_data1[67]
mac2accu_data4[34]
mac2accu_data4[30]
mac2accu_data3[17]
mac2accu_data4[66]
mac2accu_data3[13]
mac2accu_data4[62]
mac2accu_data5[73]
mac2accu_data5[69]
mac2accu_data3[1]
mac2accu_data5[101]
mac2accu_data3[31]
mac2accu_data3[36]
mac2accu_data4[82]
mac2accu_data4[78]
mac2accu_data5[89]
mac2accu_data5[85]
mac2accu_data4[110]
mac2accu_data5[121]
mac2accu_data5[117]
mac2accu_data3[53]
mac2accu_data3[57]
mac2accu_data4[98]
mac2accu_data4[94]
mac2accu_data5[105]
mac2accu_data3[85]
mac2accu_data4[130]
mac2accu_data4[126]
mac2accu_data5[137]
mac2accu_data3[73]
mac2accu_data5[133]
mac2accu_data3[69]
mac2accu_data4[114]
mac2accu_data7[21]
mac2accu_data4[146]
mac2accu_data7[14]
mac2accu_data7[5]
mac2accu_data4[137]
mac2accu_data4[169]
mac2accu_data7[37]
mac2accu_data7[30]
mac2accu_data4[162]
mac2accu_data4[153]
mac2accu_data7[62]
mac2accu_data2[9]
mac2accu_data7[53]
mac2accu_data7[46]
mac2accu_data2[2]
mac2accu_data7[85]
mac2accu_data2[34]
mac2accu_data7[78]
mac2accu_data2[25]
mac2accu_data7[69]
mac2accu_data2[18]
mac2accu_data2[50]
mac2accu_data7[94]
mac2accu_data4[57]
mac2accu_data7[126]
mac2accu_data4[89]
test_so28
mac2accu_data2[66]
mac2accu_data7[110]
mac2accu_data4[73]
mac2accu_data2[100]
mac2accu_data7[142]
mac2accu_data4[105]
test_so12
mac2accu_data2[84]
mac2accu_data7[158]
mac2accu_data2[128]
mac2accu_pd[3]
mac2accu_data4[121]
mac2accu_data2[151]
mac2accu_data6[5]
mac2accu_data0[151]
mac2accu_data7[174]
mac2accu_data2[144]
mac2accu_data2[135]
mac2accu_data6[30]
mac2accu_data2[171]
mac2accu_data6[21]
mac2accu_data0[167]
mac2accu_data6[14]
mac2accu_data2[164]
mac2accu_data6[53]
mac2accu_data1[21]
mac2accu_data6[46]
mac2accu_data1[12]
mac2accu_data6[37]
mac2accu_data1[4]
mac2accu_data1[44]
mac2accu_data6[69]
mac2accu_data1[37]
mac2accu_data6[62]
mac2accu_data1[28]
mac2accu_data6[94]
mac2accu_data2[57]
mac2accu_mode[6]
mac2accu_data7[101]
mac2accu_data0[71]
mac2accu_data1[53]
mac2accu_data6[78]
mac2accu_data2[41]
mac2accu_data1[102]
mac2accu_data7[117]
mac2accu_data6[110]
mac2accu_data2[75]
mac2accu_data0[87]
mac2accu_data1[86]
mac2accu_data3[130]
mac2accu_data0[119]
mac2accu_data6[126]
mac2accu_data1[118]
mac2accu_data7[133]
mac2accu_data2[91]
mac2accu_data3[100]
mac2accu_data0[103]
mac2accu_data7[165]
mac2accu_data3[166]
mac2accu_data0[135]
mac2accu_data6[142]
mac2accu_data1[134]
mac2accu_data7[149]
mac2accu_data2[107]
mac2accu_data1[173]
mac2accu_data1[169]
mac2accu_data1[163]
mac2accu_data1[159]
mac2accu_data1[147]
mac2accu_data0[15]
mac2accu_data0[11]
mac2accu_data0[7]
mac2accu_data0[5]
mac2accu_data0[1]
mac2accu_data0[37]
mac2accu_data0[33]
mac2accu_data0[29]
mac2accu_data0[25]
mac2accu_data0[19]
mac2accu_data0[57]
mac2accu_data0[51]
mac2accu_data0[47]
mac2accu_data0[43]
mac2accu_data0[39]
mac2accu_data1[79]
mac2accu_data1[83]
mac2accu_data1[56]
mac2accu_data1[77]
mac2accu_data1[52]
mac2accu_data1[48]
mac2accu_data1[101]
mac2accu_data1[97]
mac2accu_data1[91]
mac2accu_data1[87]
mac2accu_data1[119]
mac2accu_data1[123]
mac2accu_data1[115]
mac2accu_data1[109]
mac2accu_data1[111]
mac2accu_data1[105]
mac2accu_data1[141]
mac2accu_data1[143]
mac2accu_data1[137]
mac2accu_data1[133]
mac2accu_data1[129]
mac2accu_data0[161]
mac2accu_data0[157]
mac2accu_data2[145]
mac2accu_data2[149]
mac2accu_data0[153]
mac2accu_data2[141]
mac2accu_data2[137]
mac2accu_data1[1]
mac2accu_data2[173]
mac2accu_data0[165]
mac2accu_data1[10]
mac2accu_data1[6]
mac2accu_data1[42]
mac2accu_data1[38]
mac2accu_data1[34]
mac2accu_data1[30]
mac2accu_data0[69]
mac2accu_data0[65]
mac2accu_data0[61]
mac2accu_data2[39]
mac2accu_data0[97]
mac2accu_data0[93]
mac2accu_data2[73]
mac2accu_data0[89]
mac2accu_data2[67]
mac2accu_data2[63]
mac2accu_data2[59]
mac2accu_data2[97]
mac2accu_data2[101]
test_so11
test_so7
mac2accu_data2[93]
test_so15
test_so19
mac2accu_data0[101]
mac2accu_data7[2]
mac2accu_mask[6]
mac2accu_data0[133]
mac2accu_data0[129]
mac2accu_data2[105]
mac2accu_data0[121]
mac2accu_data0[125]
mac2accu_data7[24]
mac2accu_data7[16]
mac2accu_data4[147]
mac2accu_data7[10]
mac2accu_data4[139]
mac2accu_data4[133]
mac2accu_data7[42]
mac2accu_data4[171]
mac2accu_data4[165]
mac2accu_data7[34]
mac2accu_data4[157]
mac2accu_data2[13]
mac2accu_data7[56]
mac2accu_data2[3]
mac2accu_data7[48]
mac2accu_data2[35]
mac2accu_data7[80]
mac2accu_data7[74]
mac2accu_data2[27]
mac2accu_data7[66]
mac2accu_data2[21]
mac2accu_data7[106]
mac2accu_data4[69]
mac2accu_data7[98]
mac2accu_data4[61]
mac2accu_data7[88]
mac2accu_data4[51]
mac2accu_data7[120]
mac2accu_data4[83]
mac2accu_data7[112]
mac2accu_data4[75]
mac2accu_data7[144]
mac2accu_data4[107]
mac2accu_data7[138]
mac2accu_data4[101]
mac2accu_data7[130]
mac2accu_data4[93]
mac2accu_data7[162]
mac2accu_data4[125]
mac2accu_data7[152]
mac2accu_data4[115]
mac2accu_data2[155]
mac2accu_data5[163]
mac2accu_data3[110]
mac2accu_data5[155]
mac2accu_data0[147]
mac2accu_data3[97]
mac2accu_data7[170]
cmac_a2csb_resp_pd[1]
mac2accu_data3[152]
mac2accu_data6[26]
mac2accu_data6[18]
mac2accu_data2[167]
mac2accu_data0[171]
mac2accu_data6[50]
mac2accu_data1[24]
mac2accu_data1[16]
mac2accu_data4[19]
mac2accu_data2[117]
mac2accu_data4[11]
mac2accu_data1[149]
mac2accu_data4[43]
mac2accu_data1[69]
cmac_a2csb_resp_pd[33]
mac2accu_data6[58]
mac2accu_data6[90]
mac2accu_data0[75]
mac2accu_data2[53]
mac2accu_data6[82]
mac2accu_data2[45]
mac2accu_data5[67]
test_so25
mac2accu_data6[114]
mac2accu_data2[79]
mac2accu_data5[99]
mac2accu_data3[29]
mac2accu_data5[91]
mac2accu_data3[19]
mac2accu_data0[83]
mac2accu_data3[67]
mac2accu_data5[123]
mac2accu_data3[124]
mac2accu_data3[59]
mac2accu_data0[115]
mac2accu_data6[122]
mac2accu_data2[87]
mac2accu_data0[107]
mac2accu_data3[115]
mac2accu_data3[170]
mac2accu_data6[154]
mac2accu_data2[131]
mac2accu_data0[139]
mac2accu_data6[146]
mac2accu_pd[6]
mac2accu_data2[111]
mac2accu_data5[131]
scan_out
mac2accu_data6[175]
mac2accu_data6[168]
mac2accu_data6[171]
mac2accu_data6[164]
mac2accu_data6[157]
mac2accu_data6[161]
mac2accu_data3[92]
mac2accu_data5[20]
mac2accu_data5[17]
mac2accu_data3[48]
mac2accu_data3[89]
mac2accu_data5[13]
mac2accu_data3[35]
mac2accu_data5[6]
mac2accu_data5[10]
mac2accu_data5[38]
mac2accu_data5[31]
mac2accu_data5[27]
mac2accu_data5[24]
mac2accu_data5[59]
mac2accu_data5[56]
mac2accu_data5[52]
mac2accu_data5[49]
mac2accu_data5[45]
mac2accu_data5[42]
mac2accu_data3[16]
mac2accu_data6[93]
mac2accu_mode[5]
mac2accu_data3[12]
mac2accu_data5[74]
mac2accu_data5[70]
mac2accu_mask[1]
mac2accu_data3[2]
mac2accu_data6[75]
mac2accu_data6[79]
mac2accu_data3[37]
mac2accu_data6[111]
mac2accu_data5[102]
mac2accu_data3[32]
mac2accu_data6[107]
mac2accu_data5[88]
mac2accu_data6[97]
mac2accu_data5[84]
mac2accu_data3[129]
mac2accu_data3[136]
mac2accu_data5[120]
mac2accu_data6[129]
mac2accu_data5[116]
mac2accu_data3[56]
mac2accu_data6[125]
mac2accu_data3[101]
mac2accu_data3[52]
mac2accu_data5[106]
mac2accu_data3[84]
mac2accu_data3[167]
mac2accu_data5[138]
mac2accu_data3[163]
mac2accu_data3[74]
mac2accu_data6[143]
mac2accu_data5[134]
mac2accu_data3[70]
mac2accu_data6[139]
mac2accu_data3[127]
mac2accu_data6[8]
mac2accu_data6[11]
mac2accu_data3[113]
mac2accu_data6[4]
mac2accu_data5[145]
mac2accu_data4[1]
mac2accu_data5[173]
mac2accu_data5[170]
mac2accu_data3[134]
mac2accu_data3[142]
mac2accu_data6[15]
mac2accu_data5[166]
mac2accu_data1[58]
mac2accu_data4[29]
mac2accu_data4[26]
mac2accu_data2[159]
mac2accu_data6[47]
mac2accu_data4[22]
mac2accu_data2[125]
mac2accu_data6[40]
mac2accu_data6[43]
mac2accu_data2[121]
mac2accu_data6[36]
mac2accu_data1[152]
mac2accu_data6[72]
mac2accu_data6[68]
mac2accu_data4[33]
mac2accu_data5[81]
mac2accu_data3[9]
mac2accu_data5[77]
mac2accu_data3[5]
mac2accu_data7[95]
mac2accu_data4[58]
mac2accu_data7[91]
mac2accu_data4[54]
mac2accu_data3[40]
mac2accu_data7[123]
mac2accu_data7[127]
mac2accu_data4[90]
mac2accu_data4[86]
mac2accu_data6[100]
mac2accu_data6[104]
mac2accu_data6[132]
mac2accu_data5[113]
mac2accu_data5[109]
mac2accu_data3[46]
mac2accu_data5[141]
mac2accu_data3[81]
mac2accu_data7[159]
mac2accu_data3[160]
mac2accu_data3[77]
mac2accu_data7[155]
mac2accu_data4[122]
mac2accu_data4[118]
mac2accu_data3[156]
mac2accu_data6[136]
mac2accu_data7[20]
mac2accu_data4[143]
mac2accu_data7[13]
mac2accu_data7[6]
mac2accu_data4[136]
mac2accu_data7[38]
mac2accu_data4[168]
mac2accu_data4[161]
mac2accu_data7[27]
mac2accu_data4[154]
mac2accu_data2[17]
mac2accu_data7[59]
mac2accu_data2[10]
mac2accu_data7[52]
mac2accu_data7[45]
mac2accu_data4[175]
mac2accu_data7[84]
mac2accu_data7[77]
mac2accu_data2[31]
mac2accu_data2[24]
mac2accu_data7[70]
mac2accu_data7[102]
mac2accu_data2[56]
mac2accu_data4[65]
mac2accu_data2[42]
mac2accu_data2[76]
mac2accu_data7[116]
mac2accu_data4[79]
test_so4
mac2accu_data4[111]
mac2accu_data7[134]
mac2accu_data2[90]
mac2accu_data4[97]
test_so22
mac2accu_data7[166]
mac2accu_data2[134]
mac2accu_data4[129]
mac2accu_mask[2]
mac2accu_data2[108]
mac2accu_data7[148]
mac2accu_data2[152]
mac2accu_data5[159]
mac2accu_data3[106]
mac2accu_data5[152]
mac2accu_data3[93]
mac2accu_data7[173]
mac2accu_data0[143]
mac2accu_data2[71]
mac2accu_data6[29]
mac2accu_data4[8]
mac2accu_data3[149]
mac2accu_data0[175]
mac2accu_data6[22]
mac2accu_data0[168]
mac2accu_data2[163]
mac2accu_data1[20]
mac2accu_data1[13]
mac2accu_data4[15]
mac2accu_data1[45]
mac2accu_data4[47]
mac2accu_data1[73]
mac2accu_data6[61]
mac2accu_data4[40]
mac2accu_data1[66]
mac2accu_data6[54]
mac2accu_data0[79]
mac2accu_data6[86]
mac2accu_data2[49]
mac2accu_data5[63]
test_so29
mac2accu_data1[94]
mac2accu_data5[95]
mac2accu_data3[23]
mac2accu_data7[109]
mac2accu_data4[72]
mac2accu_data3[63]
mac2accu_data7[141]
mac2accu_data0[111]
mac2accu_data4[104]
mac2accu_data3[119]
mac2accu_data6[118]
mac2accu_data2[83]
mac2accu_data3[174]
mac2accu_data6[150]
mac2accu_data2[120]
mac2accu_pd[2]
mac2accu_data1[126]
mac2accu_data5[127]
mac2accu_data1[172]
mac2accu_data1[168]
mac2accu_data1[164]
mac2accu_data1[160]
mac2accu_data1[156]
mac2accu_data0[16]
mac2accu_data0[12]
mac2accu_data0[8]
mac2accu_data0[4]
mac2accu_data0[0]
mac2accu_data0[36]
mac2accu_data0[32]
mac2accu_data0[28]
mac2accu_data0[24]
mac2accu_data0[20]
mac2accu_data0[56]
mac2accu_data0[52]
mac2accu_data0[48]
mac2accu_data0[44]
mac2accu_data0[40]
mac2accu_data0[76]
mac2accu_data0[72]
mac2accu_data0[68]
mac2accu_data0[64]
mac2accu_data0[60]
mac2accu_data0[96]
mac2accu_data0[92]
mac2accu_data0[88]
mac2accu_data0[80]
mac2accu_data0[84]
mac2accu_data0[116]
mac2accu_data0[120]
mac2accu_data0[112]
mac2accu_data0[108]
mac2accu_data0[100]
mac2accu_data0[104]
mac2accu_data0[140]
mac2accu_data0[136]
mac2accu_data0[132]
mac2accu_data0[128]
mac2accu_data0[124]
mac2accu_data2[150]
mac2accu_data2[154]
mac2accu_data2[146]
mac2accu_data2[142]
mac2accu_data2[138]
mac2accu_data1[2]
mac2accu_data2[170]
mac2accu_data2[174]
mac2accu_data2[166]
mac2accu_data2[158]
mac2accu_data1[23]
mac2accu_data1[15]
mac2accu_data1[19]
mac2accu_data1[11]
mac2accu_data1[7]
mac2accu_data1[43]
mac2accu_data1[39]
mac2accu_data1[31]
mac2accu_data1[35]
mac2accu_data1[27]
mac2accu_data1[80]
mac2accu_data1[76]
mac2accu_data1[51]
mac2accu_data1[55]
mac2accu_data1[47]
mac2accu_data1[100]
mac2accu_data1[96]
mac2accu_data1[92]
mac2accu_data1[84]
mac2accu_data1[88]
mac2accu_data1[120]
mac2accu_data1[124]
mac2accu_data1[116]
mac2accu_data1[112]
mac2accu_data1[104]
mac2accu_data1[108]
mac2accu_data1[140]
mac2accu_data1[144]
mac2accu_data1[136]
mac2accu_data1[132]
mac2accu_data1[128]
mac2accu_data7[23]
mac2accu_data4[148]
mac2accu_data7[15]
mac2accu_data4[140]
mac2accu_data7[7]
mac2accu_data4[172]
mac2accu_data7[39]
mac2accu_data4[164]
mac2accu_data7[31]
mac2accu_data4[156]
mac2accu_data7[63]
mac2accu_data2[12]
mac2accu_data7[55]
mac2accu_data2[4]
mac2accu_data7[47]
mac2accu_data2[36]
mac2accu_data7[79]
mac2accu_data7[71]
mac2accu_data2[28]
mac2accu_data2[20]
mac2accu_data2[52]
mac2accu_data2[44]
test_so26
mac2accu_data2[78]
mac2accu_data2[68]
mac2accu_data2[60]
test_so2
test_so10
mac2accu_data2[94]
test_so18
mac2accu_data2[86]
mac2accu_mask[7]
mac2accu_data2[130]
mac2accu_pd[5]
mac2accu_data2[110]
mac2accu_data2[102]
mac2accu_data3[133]
mac2accu_data5[164]
mac2accu_data3[111]
mac2accu_data0[156]
mac2accu_data5[156]
mac2accu_data0[148]
mac2accu_data3[99]
mac2accu_data5[148]
mac2accu_data3[153]
mac2accu_data0[172]
mac2accu_data4[4]
mac2accu_data3[145]
mac2accu_data5[172]
mac2accu_data0[164]
mac2accu_data1[62]
mac2accu_data4[28]
mac2accu_data2[127]
mac2accu_data4[20]
mac2accu_data2[118]
mac2accu_data4[12]
mac2accu_data1[150]
mac2accu_data4[44]
mac2accu_data1[70]
mac2accu_data4[36]
mac2accu_data4[68]
mac2accu_data4[60]
mac2accu_data4[52]
mac2accu_data4[84]
mac2accu_data4[76]
mac2accu_data4[108]
mac2accu_data4[100]
mac2accu_data4[92]
mac2accu_data4[132]
mac2accu_data4[124]
mac2accu_data4[116]
mac2accu_data6[172]
mac2accu_data5[0]
mac2accu_data6[167]
mac2accu_data6[163]
mac2accu_data6[160]
mac2accu_data3[90]
mac2accu_data3[94]
mac2accu_data5[19]
mac2accu_data3[49]
mac2accu_data5[16]
mac2accu_data5[12]
mac2accu_data3[28]
mac2accu_data5[7]
mac2accu_data5[3]
mac2accu_data5[39]
mac2accu_data5[35]
mac2accu_data5[32]
mac2accu_data5[28]
mac2accu_data5[23]
mac2accu_data5[60]
mac2accu_data5[55]
mac2accu_data5[51]
mac2accu_data5[48]
mac2accu_data5[44]
mac2accu_data5[80]
mac2accu_data6[87]
mac2accu_data5[76]
mac2accu_data3[4]
mac2accu_data3[8]
mac2accu_data6[83]
mac2accu_data5[64]
mac2accu_data3[39]
mac2accu_data6[115]
mac2accu_data5[96]
mac2accu_data3[24]
mac2accu_data6[103]
mac2accu_data5[92]
mac2accu_data3[20]
mac2accu_data6[99]
mac2accu_data3[64]
mac2accu_data6[131]
mac2accu_data6[135]
mac2accu_data3[122]
mac2accu_data3[60]
mac2accu_data3[118]
mac2accu_data5[112]
mac2accu_data3[43]
mac2accu_data6[119]
mac2accu_data5[108]
mac2accu_data3[173]
mac2accu_data5[144]
mac2accu_data5[140]
mac2accu_data3[80]
mac2accu_data6[147]
mac2accu_data6[151]
mac2accu_data3[161]
mac2accu_data3[76]
mac2accu_data3[157]
mac2accu_data5[128]
mac2accu_data5[124]
mac2accu_data6[12]
mac2accu_data6[3]
mac2accu_data6[7]
mac2accu_data6[0]
mac2accu_data7[172]
mac2accu_data6[28]
mac2accu_data6[32]
mac2accu_data6[23]
mac2accu_data6[19]
mac2accu_data6[16]
mac2accu_data6[51]
mac2accu_data6[44]
mac2accu_data6[48]
mac2accu_data6[39]
mac2accu_data6[35]
mac2accu_data6[71]
mac2accu_data6[64]
mac2accu_data6[67]
mac2accu_data6[60]
mac2accu_data6[55]
mac2accu_data7[103]
mac2accu_data6[92]
mac2accu_mode[4]
mac2accu_data7[99]
mac2accu_data6[80]
mac2accu_data7[87]
mac2accu_data6[76]
mac2accu_data6[112]
mac2accu_data7[119]
mac2accu_data6[108]
mac2accu_data7[115]
mac2accu_data6[96]
mac2accu_data3[135]
mac2accu_data7[147]
mac2accu_data3[128]
mac2accu_data6[128]
mac2accu_data7[135]
mac2accu_data6[124]
mac2accu_data3[102]
mac2accu_data7[131]
mac2accu_data7[163]
mac2accu_data7[167]
mac2accu_data6[156]
mac2accu_data3[168]
mac2accu_data3[164]
mac2accu_data6[144]
mac2accu_data7[151]
mac2accu_data6[140]
mac2accu_data4[151]
mac2accu_data7[19]
mac2accu_data4[144]
mac2accu_data7[12]
mac2accu_data4[135]
mac2accu_data7[44]
mac2accu_data7[35]
mac2accu_data4[167]
mac2accu_data4[160]
mac2accu_data7[28]
mac2accu_data2[16]
mac2accu_data7[60]
mac2accu_data7[51]
mac2accu_data2[7]
mac2accu_data2[0]
mac2accu_data7[83]
mac2accu_data7[76]
mac2accu_data2[32]
mac2accu_data7[67]
mac2accu_data2[23]
mac2accu_data7[92]
mac2accu_data2[48]
mac2accu_data4[55]
mac2accu_data7[124]
mac2accu_data4[87]
test_so30
mac2accu_data7[108]
mac2accu_data2[64]
mac2accu_data4[71]
mac2accu_data2[98]
mac2accu_data7[140]
mac2accu_data4[103]
test_so14
mac2accu_data2[82]
mac2accu_data7[3]
mac2accu_data2[114]
mac2accu_data7[156]
mac2accu_data4[119]
mac2accu_pd[1]
mac2accu_data0[160]
mac2accu_data5[160]
mac2accu_data3[114]
mac2accu_data3[107]
mac2accu_data5[151]
mac2accu_data0[144]
mac2accu_data2[72]
mac2accu_data4[7]
mac2accu_data3[148]
mac2accu_data4[0]
mac2accu_data3[141]
mac2accu_data5[167]
mac2accu_data2[162]
mac2accu_data4[23]
mac2accu_data2[122]
mac2accu_data4[16]
mac2accu_data1[153]
mac2accu_data4[48]
mac2accu_data1[74]
mac2accu_data4[39]
mac2accu_data1[65]
mac2accu_data4[32]
mac2accu_data3[15]
mac2accu_data4[64]
mac2accu_data5[71]
mac2accu_mask[3]
mac2accu_data5[103]
mac2accu_data3[33]
mac2accu_data4[80]
mac2accu_data5[87]
test_so5
mac2accu_data5[119]
mac2accu_data3[55]
test_so21
mac2accu_data4[96]
mac2accu_data3[87]
mac2accu_data4[128]
mac2accu_mask[4]
mac2accu_data5[135]
mac2accu_data3[71]
mac2accu_data4[112]
mac2accu_data1[171]
mac2accu_data1[167]
mac2accu_data1[165]
mac2accu_data1[161]
mac2accu_data1[157]
mac2accu_data1[145]
mac2accu_data0[17]
mac2accu_data0[13]
mac2accu_data0[9]
mac2accu_data0[3]
mac2accu_data1[175]
mac2accu_data0[35]
mac2accu_data0[31]
mac2accu_data0[27]
mac2accu_data0[23]
mac2accu_data0[21]
mac2accu_data0[55]
mac2accu_data0[53]
mac2accu_data0[49]
mac2accu_data0[45]
mac2accu_data0[41]
mac2accu_data1[81]
mac2accu_data1[61]
mac2accu_data1[54]
mac2accu_data1[46]
mac2accu_data1[50]
mac2accu_data1[99]
mac2accu_data1[103]
mac2accu_data1[95]
mac2accu_data1[89]
mac2accu_data1[93]
mac2accu_data1[85]
mac2accu_data1[121]
mac2accu_data1[117]
mac2accu_data1[113]
mac2accu_data1[107]
mac2accu_data1[135]
mac2accu_data1[139]
mac2accu_data1[131]
mac2accu_data1[125]
mac2accu_data1[127]
mac2accu_data2[153]
mac2accu_data0[149]
mac2accu_data0[145]
mac2accu_data0[141]
cmac_a2csb_resp_valid
mac2accu_data0[173]
mac2accu_data2[165]
mac2accu_data2[169]
mac2accu_data0[169]
mac2accu_data2[157]
mac2accu_data1[22]
mac2accu_data1[18]
mac2accu_data1[14]
mac2accu_data1[26]
mac2accu_data0[77]
mac2accu_data2[55]
mac2accu_data0[73]
mac2accu_data2[51]
mac2accu_data2[47]
mac2accu_data2[43]
test_so27
test_so23
mac2accu_data2[81]
mac2accu_data2[77]
test_so31
mac2accu_data0[85]
mac2accu_data0[81]
test_so3
mac2accu_data0[117]
mac2accu_data0[113]
mac2accu_data2[89]
mac2accu_data0[105]
mac2accu_data0[109]
mac2accu_data2[85]
mac2accu_data2[133]
mac2accu_data0[137]
mac2accu_pd[8]
mac2accu_data2[113]
mac2accu_data2[129]
mac2accu_pd[4]
mac2accu_data2[109]
mac2accu_pd[0]
mac2accu_data4[149]
mac2accu_data7[18]
mac2accu_data4[141]
mac2accu_data7[8]
mac2accu_data7[40]
mac2accu_data4[173]
mac2accu_data7[32]
mac2accu_data4[163]
mac2accu_data7[26]
mac2accu_data4[155]
mac2accu_data7[64]
mac2accu_data7[58]
mac2accu_data2[11]
mac2accu_data2[5]
mac2accu_data7[50]
mac2accu_data7[82]
mac2accu_data2[37]
mac2accu_data2[29]
mac2accu_data7[72]
mac2accu_data2[19]
mac2accu_data7[104]
mac2accu_data4[67]
mac2accu_data7[96]
mac2accu_data4[59]
mac2accu_data7[90]
mac2accu_data4[53]
mac2accu_data7[122]
mac2accu_data4[91]
mac2accu_data4[85]
mac2accu_data7[114]
mac2accu_data4[77]
mac2accu_data7[146]
mac2accu_data4[109]
mac2accu_data7[136]
mac2accu_data4[99]
mac2accu_data7[128]
mac2accu_data7[168]
mac2accu_data4[131]
mac2accu_data7[160]
mac2accu_data4[123]
mac2accu_data7[154]
mac2accu_data4[117]
mac2accu_data3[132]
mac2accu_data6[10]
mac2accu_data2[147]
mac2accu_data0[155]
mac2accu_data6[2]
mac2accu_data2[139]
mac2accu_data5[147]
mac2accu_data2[175]
mac2accu_data4[3]
mac2accu_data3[144]
mac2accu_data5[171]
mac2accu_data0[163]
mac2accu_data1[60]
mac2accu_data4[27]
cmac_a2csb_resp_pd[17]
mac2accu_data2[126]
mac2accu_data6[42]
mac2accu_data6[34]
mac2accu_data1[8]
mac2accu_data6[74]
mac2accu_data6[66]
mac2accu_data1[40]
mac2accu_data1[32]
mac2accu_data4[35]
mac2accu_data3[11]
mac2accu_data5[75]
mac2accu_data0[67]
mac2accu_data3[3]
mac2accu_data0[59]
mac2accu_data3[38]
mac2accu_data0[99]
mac2accu_data6[106]
mac2accu_data0[91]
mac2accu_data2[69]
mac2accu_data6[98]
mac2accu_data2[61]
mac2accu_data5[83]
test_so9
mac2accu_data6[130]
mac2accu_data2[95]
mac2accu_data5[115]
mac2accu_data3[50]
test_so17
mac2accu_data5[107]
mac2accu_data3[83]
mac2accu_data7[0]
mac2accu_data0[131]
mac2accu_data5[139]
mac2accu_data3[162]
mac2accu_data3[75]
mac2accu_data3[137]
mac2accu_data6[138]
mac2accu_data2[103]
mac2accu_data0[123]
mac2accu_data6[173]
mac2accu_data6[170]
mac2accu_data6[166]
mac2accu_data6[159]
mac2accu_data3[98]
mac2accu_data3[51]
mac2accu_data5[11]
mac2accu_data5[15]
mac2accu_data3[27]
mac2accu_data3[44]
mac2accu_data5[8]
mac2accu_data5[1]
mac2accu_data5[4]
mac2accu_data5[40]
mac2accu_data5[36]
mac2accu_data5[33]
mac2accu_data5[29]
mac2accu_data5[26]
mac2accu_data5[22]
mac2accu_data5[61]
mac2accu_data5[58]
mac2accu_data5[54]
mac2accu_data5[47]
mac2accu_data5[43]
mac2accu_data3[14]
mac2accu_data3[18]
mac2accu_data6[91]
mac2accu_mode[7]
mac2accu_mode[3]
mac2accu_data6[81]
mac2accu_data5[72]
mac2accu_data5[68]
mac2accu_data3[0]
mac2accu_data6[77]
mac2accu_data6[113]
mac2accu_data5[100]
mac2accu_data3[34]
mac2accu_data6[109]
mac2accu_data3[30]
mac2accu_data5[90]
mac2accu_data6[95]
mac2accu_data5[86]
mac2accu_data3[131]
mac2accu_data5[122]
mac2accu_data3[125]
mac2accu_data3[58]
mac2accu_data6[127]
mac2accu_data5[118]
mac2accu_data3[54]
mac2accu_data6[123]
mac2accu_data3[103]
mac2accu_data5[104]
mac2accu_data3[86]
mac2accu_data6[155]
mac2accu_data3[165]
mac2accu_data3[169]
mac2accu_data5[136]
mac2accu_data6[141]
mac2accu_data6[145]
mac2accu_data5[132]
mac2accu_data3[68]
mac2accu_data3[72]
mac2accu_data5[161]
mac2accu_data5[157]
mac2accu_data3[108]
mac2accu_data7[175]
mac2accu_data5[154]
mac2accu_data5[150]
mac2accu_data3[96]
mac2accu_data3[104]
mac2accu_data7[171]
mac2accu_data3[154]
mac2accu_data2[115]
mac2accu_data6[31]
mac2accu_data4[6]
mac2accu_data3[151]
mac2accu_data6[24]
mac2accu_data6[27]
mac2accu_data3[147]
mac2accu_data6[20]
mac2accu_data6[52]
mac2accu_data4[17]
mac2accu_data4[13]
mac2accu_data4[10]
mac2accu_data4[49]
mac2accu_data1[75]
mac2accu_data4[45]
mac2accu_data4[42]
mac2accu_data1[71]
mac2accu_data6[59]
mac2accu_data6[63]
mac2accu_data4[38]
mac2accu_data1[64]
mac2accu_data1[68]
mac2accu_data6[56]
mac2accu_data4[70]
mac2accu_data6[88]
mac2accu_data6[84]
mac2accu_data1[5]
mac2accu_data5[65]
mac2accu_data5[97]
mac2accu_data3[25]
mac2accu_data5[93]
mac2accu_data3[21]
mac2accu_data7[107]
mac2accu_data7[111]
mac2accu_data4[74]
mac2accu_data3[65]
mac2accu_data7[143]
mac2accu_data3[121]
mac2accu_data3[61]
mac2accu_data7[139]
mac2accu_data4[106]
mac2accu_data4[102]
mac2accu_data3[117]
mac2accu_data6[116]
mac2accu_data6[120]
mac2accu_data3[172]
mac2accu_data6[152]
mac2accu_data6[148]
mac2accu_data5[129]
mac2accu_data5[125]
mac2accu_data7[22]
mac2accu_data4[152]
mac2accu_data4[145]
mac2accu_data7[11]
mac2accu_data4[138]
mac2accu_data7[4]
mac2accu_data7[43]
mac2accu_data4[170]
mac2accu_data7[36]
mac2accu_data4[159]
mac2accu_data7[29]
mac2accu_data7[61]
mac2accu_data2[15]
mac2accu_data2[8]
mac2accu_data7[54]
mac2accu_data2[1]
mac2accu_data7[86]
mac2accu_data2[33]
mac2accu_data7[75]
mac2accu_data2[26]
mac2accu_data7[68]
mac2accu_data2[58]
mac2accu_data7[100]
mac2accu_data4[63]
mac2accu_data2[40]
mac2accu_data7[118]
mac2accu_data2[74]
mac2accu_data4[81]
test_so6
mac2accu_data2[92]
test_so20
mac2accu_data7[132]
mac2accu_data4[95]
mac2accu_data7[164]
mac2accu_mask[5]
mac2accu_data4[127]
mac2accu_data7[150]
mac2accu_data2[106]
mac2accu_data4[113]
mac2accu_data3[123]
mac2accu_data0[159]
mac2accu_data6[6]
mac2accu_data0[152]
mac2accu_data2[143]
mac2accu_data2[136]
mac2accu_data1[3]
mac2accu_data2[172]
mac2accu_data5[175]
mac2accu_data3[140]
mac2accu_data6[13]
mac2accu_data5[168]
mac2accu_data2[161]
mac2accu_data6[45]
mac2accu_data4[24]
mac2accu_data2[123]
cmac_a2csb_resp_pd[13]
mac2accu_data6[38]
mac2accu_data1[154]
mac2accu_data6[70]
mac2accu_data1[36]
mac2accu_data1[29]
mac2accu_data4[31]
mac2accu_data1[78]
mac2accu_data5[79]
mac2accu_data3[7]
mac2accu_data7[93]
mac2accu_data4[56]
mac2accu_data0[63]
mac2accu_data7[125]
mac2accu_data0[95]
mac2accu_data4[88]
mac2accu_data6[102]
mac2accu_data2[65]
mac2accu_data6[134]
mac2accu_data2[99]
test_so13
mac2accu_data1[110]
mac2accu_data5[111]
mac2accu_data3[42]
mac2accu_data1[142]
mac2accu_data5[143]
mac2accu_data3[79]
mac2accu_data7[157]
mac2accu_data0[127]
mac2accu_data4[120]
mac2accu_data3[158]

Information: Checking 'unexpandable_clocks'.
 Failed clocks set      Related clocks           Original Period     Expanded Period     Added Edges     Voltage Config
-----------------------------------------------------------------------------------------------------------------------
Information: Checking 'latch_fanout'.
Information: Checking 'no_clock'.
Information: Checking 'partial_input_delay'.
Information: Checking 'generic'.
Information: Checking 'loops'.
Information: Checking 'generated_clocks'.
Information: Checking 'pulse_clock_non_pulse_clock_merge'.
Information: Checking 'pll_configuration'.
Information: Checking 'voltage_level'.

Check cell voltage level related issues including rail voltages
Cell Name                      min/max    issues found 
----------------------------------------------------------------------
0
