In mode: all_dft...
  Pre-DFT DRC enabled

Information: Starting test design rule checking. (TEST-222)
  Loading test protocol
  ...basic checks...
  ...basic sequential cell checks...
  	...checking for scan equivalents...
  ...checking vector rules...
  ...checking pre-dft rules...

-----------------------------------------------------------------
Begin Topology violations...

Warning: Input pin csb2cmac_a_req_pd[62] of cell u_NV_NVDLA_cmac (NV_NVDLA_cmac) is unconnected. It is assumed 'X' for the purpose of test. (TEST-332)
Information: There are 1137 other pins with the same violation. (TEST-170)

Topology violations completed...
-----------------------------------------------------------------

-----------------------------------------------------------------
Begin Pre-DFT violations...

 Warning: Clock dla_reset_rstn cannot capture data with other clocks off. (D8-1)
 Warning: Clock dla_reset_rstn connects to data input (D) of DFF u_partition_m_reset/sync_reset_synced_rstn/NV_GENERIC_CELL/d0_reg. (D10-1)

Pre-DFT violations completed...
-----------------------------------------------------------------

-----------------------------------------------------------------
  DRC Report

  Total violations: 1140

-----------------------------------------------------------------

1138 TOPOLOGY VIOLATIONS
  1138 Unconnected input pin violations (TEST-332)

2 PRE-DFT VIOLATIONS
     1 Clock not able to capture violation (D8)
     1 Clock feeding data input violation (D10)


Warning: Violations occurred during test design rule checking. (TEST-124)

-----------------------------------------------------------------
  Sequential Cell Report

  0 out of 67183 sequential cells have violations

-----------------------------------------------------------------

SEQUENTIAL CELLS WITHOUT VIOLATIONS
      *67134 cells are valid scan cells
      *  49 cells are non-scan shift-register cells

Information: Test design rule checking completed. (TEST-123)
1
