****************************************
Report : analysis_coverage
Design : NV_NVDLA_partition_m
Version: W-2024.09-SP5-3
Date   : Thu May  7 22:37:02 2026
****************************************

Type of Check         Total              Met         Violated         Untested
--------------------------------------------------------------------------------
setup                201605     67237 ( 33%)         0 (  0%)    134368 ( 67%)
hold                 201605     67237 ( 33%)         0 (  0%)    134368 ( 67%)
recovery               2425      2423 (100%)         0 (  0%)         2 (  0%)
removal                2425         6 (  0%)      2417 (100%)         2 (  0%)
min_pulse_width      136911    134486 ( 98%)         0 (  0%)      2425 (  2%)
clock_gating_setup       20        20 (100%)         0 (  0%)         0 (  0%)
clock_gating_hold        20        20 (100%)         0 (  0%)         0 (  0%)
--------------------------------------------------------------------------------
All Checks           545011    271429 ( 50%)      2417 (  0%)    271165 ( 50%)

1
